
> asisten-ai-ma-malnu-kananga@0.0.0 test:coverage
> jest --coverage

FAIL src/services/geminiService.test.ts
  ● Gemini Service › getConversationHistory › should return conversation history

    expect(jest.fn()).toHaveBeenCalledWith(...expected)

    Expected: {"limit": 5, "type": "conversation"}

    Number of calls: 0

    [0m [90m 304 |[39m       [36mconst[39m result [33m=[39m [36mawait[39m getConversationHistory([35m5[39m)[33m;[39m
     [90m 305 |[39m
    [31m[1m>[22m[39m[90m 306 |[39m       expect(mockMemoryBank[33m.[39msearchMemories)[33m.[39mtoHaveBeenCalledWith({
     [90m     |[39m                                             [31m[1m^[22m[39m
     [90m 307 |[39m         type[33m:[39m [32m'conversation'[39m[33m,[39m
     [90m 308 |[39m         limit[33m:[39m [35m5[39m[33m,[39m
     [90m 309 |[39m       })[33m;[39m[0m

      at Object.<anonymous> (src/services/geminiService.test.ts:306:45)

  ● Gemini Service › getConversationHistory › should use default limit

    expect(jest.fn()).toHaveBeenCalledWith(...expected)

    Expected: {"limit": 10, "type": "conversation"}

    Number of calls: 0

    [0m [90m 328 |[39m       [36mawait[39m getConversationHistory()[33m;[39m
     [90m 329 |[39m
    [31m[1m>[22m[39m[90m 330 |[39m       expect(mockMemoryBank[33m.[39msearchMemories)[33m.[39mtoHaveBeenCalledWith({
     [90m     |[39m                                             [31m[1m^[22m[39m
     [90m 331 |[39m         type[33m:[39m [32m'conversation'[39m[33m,[39m
     [90m 332 |[39m         limit[33m:[39m [35m10[39m[33m,[39m
     [90m 333 |[39m       })[33m;[39m[0m

      at Object.<anonymous> (src/services/geminiService.test.ts:330:45)

  ● Gemini Service › clearConversationHistory › should delete all conversations and return count

    expect(jest.fn()).toHaveBeenCalledWith(...expected)

    Expected: {"type": "conversation"}

    Number of calls: 0

    [0m [90m 349 |[39m       [36mconst[39m result [33m=[39m [36mawait[39m clearConversationHistory()[33m;[39m
     [90m 350 |[39m
    [31m[1m>[22m[39m[90m 351 |[39m       expect(mockMemoryBank[33m.[39msearchMemories)[33m.[39mtoHaveBeenCalledWith({
     [90m     |[39m                                             [31m[1m^[22m[39m
     [90m 352 |[39m         type[33m:[39m [32m'conversation'[39m[33m,[39m
     [90m 353 |[39m       })[33m;[39m
     [90m 354 |[39m       expect(mockMemoryBank[33m.[39mdeleteMemory)[33m.[39mtoHaveBeenCalledTimes([35m2[39m)[33m;[39m[0m

      at Object.<anonymous> (src/services/geminiService.test.ts:351:45)

  ● Gemini Service › clearConversationHistory › should handle error

    expect(received).rejects.toThrow()

    Received promise resolved instead of rejected
    Resolved to value: 0

    [0m [90m 363 |[39m       mockMemoryBank[33m.[39msearchMemories[33m.[39mmockRejectedValue([36mnew[39m [33mError[39m([32m'Memory error'[39m))[33m;[39m
     [90m 364 |[39m
    [31m[1m>[22m[39m[90m 365 |[39m       [36mawait[39m expect(clearConversationHistory())[33m.[39mrejects[33m.[39mtoThrow([32m'Memory error'[39m)[33m;[39m
     [90m     |[39m             [31m[1m^[22m[39m
     [90m 366 |[39m     })[33m;[39m
     [90m 367 |[39m   })[33m;[39m
     [90m 368 |[39m[0m

      at expect (node_modules/expect/build/index.js:2116:15)
      at Object.<anonymous> (src/services/geminiService.test.ts:365:13)

  ● Gemini Service › getMemoryStats › should return memory stats

    expect(jest.fn()).toHaveBeenCalled()

    Expected number of calls: >= 1
    Received number of calls:    0

    [0m [90m 377 |[39m       [36mconst[39m result [33m=[39m [36mawait[39m getMemoryStats()[33m;[39m
     [90m 378 |[39m
    [31m[1m>[22m[39m[90m 379 |[39m       expect(mockMemoryBank[33m.[39mgetStats)[33m.[39mtoHaveBeenCalled()[33m;[39m
     [90m     |[39m                                       [31m[1m^[22m[39m
     [90m 380 |[39m       expect(result)[33m.[39mtoEqual(mockStats)[33m;[39m
     [90m 381 |[39m     })[33m;[39m
     [90m 382 |[39m[0m

      at Object.<anonymous> (src/services/geminiService.test.ts:379:39)

  ● Gemini Service › getMemoryStats › should handle error and return null

    expect(received).toBeNull()

    Received: {"totalMemories": 0, "totalSize": 0}

    [0m [90m 388 |[39m       [36mconst[39m result [33m=[39m [36mawait[39m getMemoryStats()[33m;[39m
     [90m 389 |[39m
    [31m[1m>[22m[39m[90m 390 |[39m       expect(result)[33m.[39mtoBeNull()[33m;[39m
     [90m     |[39m                      [31m[1m^[22m[39m
     [90m 391 |[39m     })[33m;[39m
     [90m 392 |[39m   })[33m;[39m
     [90m 393 |[39m })[33m;[39m[0m

      at Object.<anonymous> (src/services/geminiService.test.ts:390:22)

FAIL src/hooks/useTouchGestures.test.tsx
  ● useTouchGestures › seharusnya mendeteksi swipe right dengan benar

    expect(jest.fn()).toHaveBeenCalledTimes(expected)

    Expected number of calls: 1
    Received number of calls: 0

    [0m [90m 79 |[39m     })[33m;[39m
     [90m 80 |[39m
    [31m[1m>[22m[39m[90m 81 |[39m     expect(onSwipeRight)[33m.[39mtoHaveBeenCalledTimes([35m1[39m)[33m;[39m
     [90m    |[39m                          [31m[1m^[22m[39m
     [90m 82 |[39m   })[33m;[39m
     [90m 83 |[39m
     [90m 84 |[39m   it([32m'seharusnya mendeteksi swipe left dengan benar'[39m[33m,[39m () [33m=>[39m {[0m

      at Object.<anonymous> (src/hooks/useTouchGestures.test.tsx:81:26)

  ● useTouchGestures › seharusnya mendeteksi swipe left dengan benar

    expect(jest.fn()).toHaveBeenCalledTimes(expected)

    Expected number of calls: 1
    Received number of calls: 0

    [0m [90m 100 |[39m     })[33m;[39m
     [90m 101 |[39m
    [31m[1m>[22m[39m[90m 102 |[39m     expect(onSwipeLeft)[33m.[39mtoHaveBeenCalledTimes([35m1[39m)[33m;[39m
     [90m     |[39m                         [31m[1m^[22m[39m
     [90m 103 |[39m   })[33m;[39m
     [90m 104 |[39m
     [90m 105 |[39m   it([32m'seharusnya mendeteksi swipe up dengan benar'[39m[33m,[39m () [33m=>[39m {[0m

      at Object.<anonymous> (src/hooks/useTouchGestures.test.tsx:102:25)

  ● useTouchGestures › seharusnya mendeteksi swipe up dengan benar

    expect(jest.fn()).toHaveBeenCalledTimes(expected)

    Expected number of calls: 1
    Received number of calls: 0

    [0m [90m 121 |[39m     })[33m;[39m
     [90m 122 |[39m
    [31m[1m>[22m[39m[90m 123 |[39m     expect(onSwipeUp)[33m.[39mtoHaveBeenCalledTimes([35m1[39m)[33m;[39m
     [90m     |[39m                       [31m[1m^[22m[39m
     [90m 124 |[39m   })[33m;[39m
     [90m 125 |[39m
     [90m 126 |[39m   it([32m'seharusnya mendeteksi swipe down dengan benar'[39m[33m,[39m () [33m=>[39m {[0m

      at Object.<anonymous> (src/hooks/useTouchGestures.test.tsx:123:23)

  ● useTouchGestures › seharusnya mendeteksi swipe down dengan benar

    expect(jest.fn()).toHaveBeenCalledTimes(expected)

    Expected number of calls: 1
    Received number of calls: 0

    [0m [90m 142 |[39m     })[33m;[39m
     [90m 143 |[39m
    [31m[1m>[22m[39m[90m 144 |[39m     expect(onSwipeDown)[33m.[39mtoHaveBeenCalledTimes([35m1[39m)[33m;[39m
     [90m     |[39m                         [31m[1m^[22m[39m
     [90m 145 |[39m   })[33m;[39m
     [90m 146 |[39m
     [90m 147 |[39m   it([32m'seharusnya mendeteksi tap dengan benar'[39m[33m,[39m () [33m=>[39m {[0m

      at Object.<anonymous> (src/hooks/useTouchGestures.test.tsx:144:25)

  ● useTouchGestures › seharusnya mendeteksi tap dengan benar

    expect(jest.fn()).toHaveBeenCalledTimes(expected)

    Expected number of calls: 1
    Received number of calls: 0

    [0m [90m 163 |[39m     })[33m;[39m
     [90m 164 |[39m
    [31m[1m>[22m[39m[90m 165 |[39m     expect(onTap)[33m.[39mtoHaveBeenCalledTimes([35m1[39m)[33m;[39m
     [90m     |[39m                   [31m[1m^[22m[39m
     [90m 166 |[39m   })[33m;[39m
     [90m 167 |[39m
     [90m 168 |[39m   it([32m'seharusnya mendeteksi long press dengan benar'[39m[33m,[39m () [33m=>[39m {[0m

      at Object.<anonymous> (src/hooks/useTouchGestures.test.tsx:165:19)

  ● useTouchGestures › seharusnya mendeteksi long press dengan benar

    expect(jest.fn()).toHaveBeenCalledTimes(expected)

    Expected number of calls: 1
    Received number of calls: 0

    [0m [90m 187 |[39m     })[33m;[39m
     [90m 188 |[39m
    [31m[1m>[22m[39m[90m 189 |[39m     expect(onLongPress)[33m.[39mtoHaveBeenCalledTimes([35m1[39m)[33m;[39m
     [90m     |[39m                         [31m[1m^[22m[39m
     [90m 190 |[39m   })[33m;[39m
     [90m 191 |[39m
     [90m 192 |[39m   it([32m'seharusnya membatalkan long press jika ada pergerakan'[39m[33m,[39m () [33m=>[39m {[0m

      at Object.<anonymous> (src/hooks/useTouchGestures.test.tsx:189:25)

  ● useTouchGestures › seharusnya menggunakan custom longPressDelay

    expect(jest.fn()).toHaveBeenCalledTimes(expected)

    Expected number of calls: 1
    Received number of calls: 0

    [0m [90m 302 |[39m     })[33m;[39m
     [90m 303 |[39m
    [31m[1m>[22m[39m[90m 304 |[39m     expect(onLongPress)[33m.[39mtoHaveBeenCalledTimes([35m1[39m)[33m;[39m
     [90m     |[39m                         [31m[1m^[22m[39m
     [90m 305 |[39m   })[33m;[39m
     [90m 306 |[39m
     [90m 307 |[39m   it([32m'seharusnya membersihkan event listeners saat unmount'[39m[33m,[39m () [33m=>[39m {[0m

      at Object.<anonymous> (src/hooks/useTouchGestures.test.tsx:304:25)

  ● useTouchGestures › seharusnya membersihkan event listeners saat unmount

    expect(jest.fn()).toHaveBeenCalledWith(...expected)

    Expected: "touchstart", Any<Function>

    Number of calls: 0

    [0m [90m 318 |[39m     unmount()[33m;[39m
     [90m 319 |[39m
    [31m[1m>[22m[39m[90m 320 |[39m     expect(removeEventListenerSpy)[33m.[39mtoHaveBeenCalledWith([32m'touchstart'[39m[33m,[39m expect[33m.[39many([33mFunction[39m))[33m;[39m
     [90m     |[39m                                    [31m[1m^[22m[39m
     [90m 321 |[39m     expect(removeEventListenerSpy)[33m.[39mtoHaveBeenCalledWith([32m'touchend'[39m[33m,[39m expect[33m.[39many([33mFunction[39m))[33m;[39m
     [90m 322 |[39m     expect(removeEventListenerSpy)[33m.[39mtoHaveBeenCalledWith([32m'touchmove'[39m[33m,[39m expect[33m.[39many([33mFunction[39m))[33m;[39m
     [90m 323 |[39m[0m

      at Object.<anonymous> (src/hooks/useTouchGestures.test.tsx:320:36)

  ● useTouchGestures › seharusnya menangani multiple gestures dengan benar

    expect(jest.fn()).toHaveBeenCalledTimes(expected)

    Expected number of calls: 1
    Received number of calls: 0

    [0m [90m 392 |[39m     })[33m;[39m
     [90m 393 |[39m
    [31m[1m>[22m[39m[90m 394 |[39m     expect(onTap)[33m.[39mtoHaveBeenCalledTimes([35m1[39m)[33m;[39m
     [90m     |[39m                   [31m[1m^[22m[39m
     [90m 395 |[39m     expect(onSwipeRight)[33m.[39mnot[33m.[39mtoHaveBeenCalled()[33m;[39m
     [90m 396 |[39m     expect(onLongPress)[33m.[39mnot[33m.[39mtoHaveBeenCalled()[33m;[39m
     [90m 397 |[39m[0m

      at Object.<anonymous> (src/hooks/useTouchGestures.test.tsx:394:19)

FAIL src/components/ErrorBoundary.test.tsx
  ● Console

    console.group
        🚨 Error Log [MEDIUM]

      at ErrorLoggingService.group [as reportToConsole] (src/services/errorLoggingService.ts:143:13)

    console.warn
        Message: Test error

    [0m [90m 142 |[39m
     [90m 143 |[39m     console[33m.[39mgroup([32m`🚨 Error Log [${errorLog.severity.toUpperCase()}]`[39m)[33m;[39m
    [31m[1m>[22m[39m[90m 144 |[39m     console[logMethod]([32m`Message: ${errorLog.message}`[39m)[33m;[39m
     [90m     |[39m                       [31m[1m^[22m[39m
     [90m 145 |[39m     console[33m.[39mlog([32m`Category: ${errorLog.category}`[39m)[33m;[39m
     [90m 146 |[39m     console[33m.[39mlog([32m`URL: ${errorLog.url}`[39m)[33m;[39m
     [90m 147 |[39m     console[33m.[39mlog([32m`Timestamp: ${errorLog.timestamp}`[39m)[33m;[39m[0m

      at ErrorLoggingService.reportToConsole (src/services/errorLoggingService.ts:144:23)
      at ErrorLoggingService.reportToConsole [as logError] (src/services/errorLoggingService.ts:195:10)
      at ErrorLoggingService.logError [as logErrorBoundary] (src/services/errorLoggingService.ts:203:16)
      at ErrorBoundary.logErrorBoundary [as componentDidCatch] (src/components/ErrorBoundary.tsx:32:25)
      at Object.react_stack_bottom_frame (node_modules/react-dom/cjs/react-dom-client.development.js:25959:20)
      at ErrorBoundary.inst.componentDidCatch.update.callback (node_modules/react-dom/cjs/react-dom-client.development.js:9504:11)
      at callCallback (node_modules/react-dom/cjs/react-dom-client.development.js:7423:16)
      at commitCallbacks (node_modules/react-dom/cjs/react-dom-client.development.js:7443:11)
      at runWithFiberInDEV (node_modules/react-dom/cjs/react-dom-client.development.js:874:13)
      at commitClassCallbacks (node_modules/react-dom/cjs/react-dom-client.development.js:13377:11)
      at commitLayoutEffectOnFiber (node_modules/react-dom/cjs/react-dom-client.development.js:14026:25)
      at recursivelyTraverseLayoutEffects (node_modules/react-dom/cjs/react-dom-client.development.js:15159:11)
      at commitLayoutEffectOnFiber (node_modules/react-dom/cjs/react-dom-client.development.js:14031:11)
      at flushLayoutEffects (node_modules/react-dom/cjs/react-dom-client.development.js:18138:15)
      at commitRoot (node_modules/react-dom/cjs/react-dom-client.development.js:17954:9)
      at performWorkOnRoot (node_modules/react-dom/cjs/react-dom-client.development.js:16667:15)
      at performWorkOnRootViaSchedulerTask (node_modules/react-dom/cjs/react-dom-client.development.js:18957:7)
      at flushActQueue (node_modules/react/cjs/react.development.js:590:34)
      at process.env.NODE_ENV.exports.act (node_modules/react/cjs/react.development.js:884:10)
      at node_modules/@testing-library/react/dist/act-compat.js:47:25
      at renderRoot (node_modules/@testing-library/react/dist/pure.js:190:26)
      at render (node_modules/@testing-library/react/dist/pure.js:292:10)
      at Object.<anonymous> (src/components/ErrorBoundary.test.tsx:55:11)

    console.log
        Category: component

      at ErrorLoggingService.log [as reportToConsole] (src/services/errorLoggingService.ts:145:13)

    console.log
        URL: http://localhost/

      at ErrorLoggingService.log [as reportToConsole] (src/services/errorLoggingService.ts:146:13)

    console.log
        Timestamp: 2025-11-20T08:29:26.842Z

      at ErrorLoggingService.log [as reportToConsole] (src/services/errorLoggingService.ts:147:13)

    console.log
        Session ID: session_1763627366524_7goyutppx

      at ErrorLoggingService.log [as reportToConsole] (src/services/errorLoggingService.ts:148:13)

    console.log
        Stack Trace: Error: Test error
          at ThrowErrorComponent (/home/runner/work/Malnu-Kananga/Malnu-Kananga/src/components/ErrorBoundary.test.tsx:9:11)
          at Object.react_stack_bottom_frame (/home/runner/work/Malnu-Kananga/Malnu-Kananga/node_modules/react-dom/cjs/react-dom-client.development.js:25904:20)
          at renderWithHooks (/home/runner/work/Malnu-Kananga/Malnu-Kananga/node_modules/react-dom/cjs/react-dom-client.development.js:7662:22)
          at updateFunctionComponent (/home/runner/work/Malnu-Kananga/Malnu-Kananga/node_modules/react-dom/cjs/react-dom-client.development.js:10166:19)
          at beginWork (/home/runner/work/Malnu-Kananga/Malnu-Kananga/node_modules/react-dom/cjs/react-dom-client.development.js:11778:18)
          at runWithFiberInDEV (/home/runner/work/Malnu-Kananga/Malnu-Kananga/node_modules/react-dom/cjs/react-dom-client.development.js:874:13)
          at performUnitOfWork (/home/runner/work/Malnu-Kananga/Malnu-Kananga/node_modules/react-dom/cjs/react-dom-client.development.js:17641:22)
          at workLoopSync (/home/runner/work/Malnu-Kananga/Malnu-Kananga/node_modules/react-dom/cjs/react-dom-client.development.js:17469:41)
          at renderRootSync (/home/runner/work/Malnu-Kananga/Malnu-Kananga/node_modules/react-dom/cjs/react-dom-client.development.js:17450:11)
          at performWorkOnRoot (/home/runner/work/Malnu-Kananga/Malnu-Kananga/node_modules/react-dom/cjs/react-dom-client.development.js:16583:35)
          at performWorkOnRootViaSchedulerTask (/home/runner/work/Malnu-Kananga/Malnu-Kananga/node_modules/react-dom/cjs/react-dom-client.development.js:18957:7)
          at flushActQueue (/home/runner/work/Malnu-Kananga/Malnu-Kananga/node_modules/react/cjs/react.development.js:590:34)
          at process.env.NODE_ENV.exports.act (/home/runner/work/Malnu-Kananga/Malnu-Kananga/node_modules/react/cjs/react.development.js:884:10)
          at /home/runner/work/Malnu-Kananga/Malnu-Kananga/node_modules/@testing-library/react/dist/act-compat.js:47:25
          at renderRoot (/home/runner/work/Malnu-Kananga/Malnu-Kananga/node_modules/@testing-library/react/dist/pure.js:190:26)
          at render (/home/runner/work/Malnu-Kananga/Malnu-Kananga/node_modules/@testing-library/react/dist/pure.js:292:10)
          at Object.<anonymous> (/home/runner/work/Malnu-Kananga/Malnu-Kananga/src/components/ErrorBoundary.test.tsx:55:11)
          at Promise.finally.completed (/home/runner/work/Malnu-Kananga/Malnu-Kananga/node_modules/jest-circus/build/jestAdapterInit.js:1557:28)
          at new Promise (<anonymous>)
          at callAsyncCircusFn (/home/runner/work/Malnu-Kananga/Malnu-Kananga/node_modules/jest-circus/build/jestAdapterInit.js:1497:10)
          at _callCircusTest (/home/runner/work/Malnu-Kananga/Malnu-Kananga/node_modules/jest-circus/build/jestAdapterInit.js:1007:40)
          at processTicksAndRejections (node:internal/process/task_queues:95:5)
          at _runTest (/home/runner/work/Malnu-Kananga/Malnu-Kananga/node_modules/jest-circus/build/jestAdapterInit.js:947:3)
          at /home/runner/work/Malnu-Kananga/Malnu-Kananga/node_modules/jest-circus/build/jestAdapterInit.js:849:7
          at _runTestsForDescribeBlock (/home/runner/work/Malnu-Kananga/Malnu-Kananga/node_modules/jest-circus/build/jestAdapterInit.js:862:11)
          at _runTestsForDescribeBlock (/home/runner/work/Malnu-Kananga/Malnu-Kananga/node_modules/jest-circus/build/jestAdapterInit.js:857:11)
          at run (/home/runner/work/Malnu-Kananga/Malnu-Kananga/node_modules/jest-circus/build/jestAdapterInit.js:761:3)
          at runAndTransformResultsToJestFormat (/home/runner/work/Malnu-Kananga/Malnu-Kananga/node_modules/jest-circus/build/jestAdapterInit.js:1918:21)
          at jestAdapter (/home/runner/work/Malnu-Kananga/Malnu-Kananga/node_modules/jest-circus/build/runner.js:101:19)
          at runTestInternal (/home/runner/work/Malnu-Kananga/Malnu-Kananga/node_modules/jest-runner/build/testWorker.js:275:16)
          at runTest (/home/runner/work/Malnu-Kananga/Malnu-Kananga/node_modules/jest-runner/build/testWorker.js:343:7)
          at Object.worker (/home/runner/work/Malnu-Kananga/Malnu-Kananga/node_modules/jest-runner/build/testWorker.js:497:12)

      at ErrorLoggingService.log [as reportToConsole] (src/services/errorLoggingService.ts:151:15)

    console.log
        Component Stack: 
          at ThrowErrorComponent (/home/runner/work/Malnu-Kananga/Malnu-Kananga/src/components/ErrorBoundary.test.tsx:7:32)
          at ErrorBoundary (/home/runner/work/Malnu-Kananga/Malnu-Kananga/src/components/ErrorBoundary.tsx:2509:5)

      at ErrorLoggingService.log [as reportToConsole] (src/services/errorLoggingService.ts:155:15)

    console.log
        Metadata: {
        componentName: 'ErrorBoundary',
        props: [ 'children' ],
        hasCustomFallback: false,
        hasCustomErrorHandler: false
      }

      at ErrorLoggingService.log [as reportToConsole] (src/services/errorLoggingService.ts:159:15)

    console.group
        🚨 Error Log [MEDIUM]

      at ErrorLoggingService.group [as reportToConsole] (src/services/errorLoggingService.ts:143:13)

    console.warn
        Message: Test error

    [0m [90m 142 |[39m
     [90m 143 |[39m     console[33m.[39mgroup([32m`🚨 Error Log [${errorLog.severity.toUpperCase()}]`[39m)[33m;[39m
    [31m[1m>[22m[39m[90m 144 |[39m     console[logMethod]([32m`Message: ${errorLog.message}`[39m)[33m;[39m
     [90m     |[39m                       [31m[1m^[22m[39m
     [90m 145 |[39m     console[33m.[39mlog([32m`Category: ${errorLog.category}`[39m)[33m;[39m
     [90m 146 |[39m     console[33m.[39mlog([32m`URL: ${errorLog.url}`[39m)[33m;[39m
     [90m 147 |[39m     console[33m.[39mlog([32m`Timestamp: ${errorLog.timestamp}`[39m)[33m;[39m[0m

      at ErrorLoggingService.reportToConsole (src/services/errorLoggingService.ts:144:23)
      at ErrorLoggingService.reportToConsole [as logError] (src/services/errorLoggingService.ts:195:10)
      at ErrorLoggingService.logError [as logErrorBoundary] (src/services/errorLoggingService.ts:203:16)
      at ErrorBoundary.logErrorBoundary [as componentDidCatch] (src/components/ErrorBoundary.tsx:32:25)
      at Object.react_stack_bottom_frame (node_modules/react-dom/cjs/react-dom-client.development.js:25959:20)
      at ErrorBoundary.inst.componentDidCatch.update.callback (node_modules/react-dom/cjs/react-dom-client.development.js:9504:11)
      at callCallback (node_modules/react-dom/cjs/react-dom-client.development.js:7423:16)
      at commitCallbacks (node_modules/react-dom/cjs/react-dom-client.development.js:7443:11)
      at runWithFiberInDEV (node_modules/react-dom/cjs/react-dom-client.development.js:874:13)
      at commitClassCallbacks (node_modules/react-dom/cjs/react-dom-client.development.js:13377:11)
      at commitLayoutEffectOnFiber (node_modules/react-dom/cjs/react-dom-client.development.js:14026:25)
      at recursivelyTraverseLayoutEffects (node_modules/react-dom/cjs/react-dom-client.development.js:15159:11)
      at commitLayoutEffectOnFiber (node_modules/react-dom/cjs/react-dom-client.development.js:14031:11)
      at flushLayoutEffects (node_modules/react-dom/cjs/react-dom-client.development.js:18138:15)
      at commitRoot (node_modules/react-dom/cjs/react-dom-client.development.js:17954:9)
      at performWorkOnRoot (node_modules/react-dom/cjs/react-dom-client.development.js:16667:15)
      at performWorkOnRootViaSchedulerTask (node_modules/react-dom/cjs/react-dom-client.development.js:18957:7)
      at flushActQueue (node_modules/react/cjs/react.development.js:590:34)
      at process.env.NODE_ENV.exports.act (node_modules/react/cjs/react.development.js:884:10)
      at node_modules/@testing-library/react/dist/act-compat.js:47:25
      at renderRoot (node_modules/@testing-library/react/dist/pure.js:190:26)
      at render (node_modules/@testing-library/react/dist/pure.js:292:10)
      at Object.<anonymous> (src/components/ErrorBoundary.test.tsx:69:11)

    console.log
        Category: component

      at ErrorLoggingService.log [as reportToConsole] (src/services/errorLoggingService.ts:145:13)

    console.log
        URL: http://localhost/

      at ErrorLoggingService.log [as reportToConsole] (src/services/errorLoggingService.ts:146:13)

    console.log
        Timestamp: 2025-11-20T08:29:26.871Z

      at ErrorLoggingService.log [as reportToConsole] (src/services/errorLoggingService.ts:147:13)

    console.log
        Session ID: session_1763627366524_7goyutppx

      at ErrorLoggingService.log [as reportToConsole] (src/services/errorLoggingService.ts:148:13)

    console.log
        Stack Trace: Error: Test error
          at ThrowErrorComponent (/home/runner/work/Malnu-Kananga/Malnu-Kananga/src/components/ErrorBoundary.test.tsx:9:11)
          at Object.react_stack_bottom_frame (/home/runner/work/Malnu-Kananga/Malnu-Kananga/node_modules/react-dom/cjs/react-dom-client.development.js:25904:20)
          at renderWithHooks (/home/runner/work/Malnu-Kananga/Malnu-Kananga/node_modules/react-dom/cjs/react-dom-client.development.js:7662:22)
          at updateFunctionComponent (/home/runner/work/Malnu-Kananga/Malnu-Kananga/node_modules/react-dom/cjs/react-dom-client.development.js:10166:19)
          at beginWork (/home/runner/work/Malnu-Kananga/Malnu-Kananga/node_modules/react-dom/cjs/react-dom-client.development.js:11778:18)
          at runWithFiberInDEV (/home/runner/work/Malnu-Kananga/Malnu-Kananga/node_modules/react-dom/cjs/react-dom-client.development.js:874:13)
          at performUnitOfWork (/home/runner/work/Malnu-Kananga/Malnu-Kananga/node_modules/react-dom/cjs/react-dom-client.development.js:17641:22)
          at workLoopSync (/home/runner/work/Malnu-Kananga/Malnu-Kananga/node_modules/react-dom/cjs/react-dom-client.development.js:17469:41)
          at renderRootSync (/home/runner/work/Malnu-Kananga/Malnu-Kananga/node_modules/react-dom/cjs/react-dom-client.development.js:17450:11)
          at performWorkOnRoot (/home/runner/work/Malnu-Kananga/Malnu-Kananga/node_modules/react-dom/cjs/react-dom-client.development.js:16583:35)
          at performWorkOnRootViaSchedulerTask (/home/runner/work/Malnu-Kananga/Malnu-Kananga/node_modules/react-dom/cjs/react-dom-client.development.js:18957:7)
          at flushActQueue (/home/runner/work/Malnu-Kananga/Malnu-Kananga/node_modules/react/cjs/react.development.js:590:34)
          at process.env.NODE_ENV.exports.act (/home/runner/work/Malnu-Kananga/Malnu-Kananga/node_modules/react/cjs/react.development.js:884:10)
          at /home/runner/work/Malnu-Kananga/Malnu-Kananga/node_modules/@testing-library/react/dist/act-compat.js:47:25
          at renderRoot (/home/runner/work/Malnu-Kananga/Malnu-Kananga/node_modules/@testing-library/react/dist/pure.js:190:26)
          at render (/home/runner/work/Malnu-Kananga/Malnu-Kananga/node_modules/@testing-library/react/dist/pure.js:292:10)
          at Object.<anonymous> (/home/runner/work/Malnu-Kananga/Malnu-Kananga/src/components/ErrorBoundary.test.tsx:69:11)
          at Promise.finally.completed (/home/runner/work/Malnu-Kananga/Malnu-Kananga/node_modules/jest-circus/build/jestAdapterInit.js:1557:28)
          at new Promise (<anonymous>)
          at callAsyncCircusFn (/home/runner/work/Malnu-Kananga/Malnu-Kananga/node_modules/jest-circus/build/jestAdapterInit.js:1497:10)
          at _callCircusTest (/home/runner/work/Malnu-Kananga/Malnu-Kananga/node_modules/jest-circus/build/jestAdapterInit.js:1007:40)
          at processTicksAndRejections (node:internal/process/task_queues:95:5)
          at _runTest (/home/runner/work/Malnu-Kananga/Malnu-Kananga/node_modules/jest-circus/build/jestAdapterInit.js:947:3)
          at /home/runner/work/Malnu-Kananga/Malnu-Kananga/node_modules/jest-circus/build/jestAdapterInit.js:849:7
          at _runTestsForDescribeBlock (/home/runner/work/Malnu-Kananga/Malnu-Kananga/node_modules/jest-circus/build/jestAdapterInit.js:862:11)
          at _runTestsForDescribeBlock (/home/runner/work/Malnu-Kananga/Malnu-Kananga/node_modules/jest-circus/build/jestAdapterInit.js:857:11)
          at run (/home/runner/work/Malnu-Kananga/Malnu-Kananga/node_modules/jest-circus/build/jestAdapterInit.js:761:3)
          at runAndTransformResultsToJestFormat (/home/runner/work/Malnu-Kananga/Malnu-Kananga/node_modules/jest-circus/build/jestAdapterInit.js:1918:21)
          at jestAdapter (/home/runner/work/Malnu-Kananga/Malnu-Kananga/node_modules/jest-circus/build/runner.js:101:19)
          at runTestInternal (/home/runner/work/Malnu-Kananga/Malnu-Kananga/node_modules/jest-runner/build/testWorker.js:275:16)
          at runTest (/home/runner/work/Malnu-Kananga/Malnu-Kananga/node_modules/jest-runner/build/testWorker.js:343:7)
          at Object.worker (/home/runner/work/Malnu-Kananga/Malnu-Kananga/node_modules/jest-runner/build/testWorker.js:497:12)

      at ErrorLoggingService.log [as reportToConsole] (src/services/errorLoggingService.ts:151:15)

    console.log
        Component Stack: 
          at ThrowErrorComponent (/home/runner/work/Malnu-Kananga/Malnu-Kananga/src/components/ErrorBoundary.test.tsx:7:32)
          at ErrorBoundary (/home/runner/work/Malnu-Kananga/Malnu-Kananga/src/components/ErrorBoundary.tsx:2509:5)

      at ErrorLoggingService.log [as reportToConsole] (src/services/errorLoggingService.ts:155:15)

    console.log
        Metadata: {
        componentName: 'ErrorBoundary',
        props: [ 'fallback', 'children' ],
        hasCustomFallback: true,
        hasCustomErrorHandler: false
      }

      at ErrorLoggingService.log [as reportToConsole] (src/services/errorLoggingService.ts:159:15)

    console.group
        🚨 Error Log [MEDIUM]

      at ErrorLoggingService.group [as reportToConsole] (src/services/errorLoggingService.ts:143:13)

    console.warn
        Message: Test error

    [0m [90m 142 |[39m
     [90m 143 |[39m     console[33m.[39mgroup([32m`🚨 Error Log [${errorLog.severity.toUpperCase()}]`[39m)[33m;[39m
    [31m[1m>[22m[39m[90m 144 |[39m     console[logMethod]([32m`Message: ${errorLog.message}`[39m)[33m;[39m
     [90m     |[39m                       [31m[1m^[22m[39m
     [90m 145 |[39m     console[33m.[39mlog([32m`Category: ${errorLog.category}`[39m)[33m;[39m
     [90m 146 |[39m     console[33m.[39mlog([32m`URL: ${errorLog.url}`[39m)[33m;[39m
     [90m 147 |[39m     console[33m.[39mlog([32m`Timestamp: ${errorLog.timestamp}`[39m)[33m;[39m[0m

      at ErrorLoggingService.reportToConsole (src/services/errorLoggingService.ts:144:23)
      at ErrorLoggingService.reportToConsole [as logError] (src/services/errorLoggingService.ts:195:10)
      at ErrorLoggingService.logError [as logErrorBoundary] (src/services/errorLoggingService.ts:203:16)
      at ErrorBoundary.logErrorBoundary [as componentDidCatch] (src/components/ErrorBoundary.tsx:32:25)
      at Object.react_stack_bottom_frame (node_modules/react-dom/cjs/react-dom-client.development.js:25959:20)
      at ErrorBoundary.inst.componentDidCatch.update.callback (node_modules/react-dom/cjs/react-dom-client.development.js:9504:11)
      at callCallback (node_modules/react-dom/cjs/react-dom-client.development.js:7423:16)
      at commitCallbacks (node_modules/react-dom/cjs/react-dom-client.development.js:7443:11)
      at runWithFiberInDEV (node_modules/react-dom/cjs/react-dom-client.development.js:874:13)
      at commitClassCallbacks (node_modules/react-dom/cjs/react-dom-client.development.js:13377:11)
      at commitLayoutEffectOnFiber (node_modules/react-dom/cjs/react-dom-client.development.js:14026:25)
      at recursivelyTraverseLayoutEffects (node_modules/react-dom/cjs/react-dom-client.development.js:15159:11)
      at commitLayoutEffectOnFiber (node_modules/react-dom/cjs/react-dom-client.development.js:14031:11)
      at flushLayoutEffects (node_modules/react-dom/cjs/react-dom-client.development.js:18138:15)
      at commitRoot (node_modules/react-dom/cjs/react-dom-client.development.js:17954:9)
      at performWorkOnRoot (node_modules/react-dom/cjs/react-dom-client.development.js:16667:15)
      at performWorkOnRootViaSchedulerTask (node_modules/react-dom/cjs/react-dom-client.development.js:18957:7)
      at flushActQueue (node_modules/react/cjs/react.development.js:590:34)
      at process.env.NODE_ENV.exports.act (node_modules/react/cjs/react.development.js:884:10)
      at node_modules/@testing-library/react/dist/act-compat.js:47:25
      at renderRoot (node_modules/@testing-library/react/dist/pure.js:190:26)
      at render (node_modules/@testing-library/react/dist/pure.js:292:10)
      at Object.<anonymous> (src/components/ErrorBoundary.test.tsx:82:11)

    console.log
        Category: component

      at ErrorLoggingService.log [as reportToConsole] (src/services/errorLoggingService.ts:145:13)

    console.log
        URL: http://localhost/

      at ErrorLoggingService.log [as reportToConsole] (src/services/errorLoggingService.ts:146:13)

    console.log
        Timestamp: 2025-11-20T08:29:26.885Z

      at ErrorLoggingService.log [as reportToConsole] (src/services/errorLoggingService.ts:147:13)

    console.log
        Session ID: session_1763627366524_7goyutppx

      at ErrorLoggingService.log [as reportToConsole] (src/services/errorLoggingService.ts:148:13)

    console.log
        Stack Trace: Error: Test error
          at ThrowErrorComponent (/home/runner/work/Malnu-Kananga/Malnu-Kananga/src/components/ErrorBoundary.test.tsx:9:11)
          at Object.react_stack_bottom_frame (/home/runner/work/Malnu-Kananga/Malnu-Kananga/node_modules/react-dom/cjs/react-dom-client.development.js:25904:20)
          at renderWithHooks (/home/runner/work/Malnu-Kananga/Malnu-Kananga/node_modules/react-dom/cjs/react-dom-client.development.js:7662:22)
          at updateFunctionComponent (/home/runner/work/Malnu-Kananga/Malnu-Kananga/node_modules/react-dom/cjs/react-dom-client.development.js:10166:19)
          at beginWork (/home/runner/work/Malnu-Kananga/Malnu-Kananga/node_modules/react-dom/cjs/react-dom-client.development.js:11778:18)
          at runWithFiberInDEV (/home/runner/work/Malnu-Kananga/Malnu-Kananga/node_modules/react-dom/cjs/react-dom-client.development.js:874:13)
          at performUnitOfWork (/home/runner/work/Malnu-Kananga/Malnu-Kananga/node_modules/react-dom/cjs/react-dom-client.development.js:17641:22)
          at workLoopSync (/home/runner/work/Malnu-Kananga/Malnu-Kananga/node_modules/react-dom/cjs/react-dom-client.development.js:17469:41)
          at renderRootSync (/home/runner/work/Malnu-Kananga/Malnu-Kananga/node_modules/react-dom/cjs/react-dom-client.development.js:17450:11)
          at performWorkOnRoot (/home/runner/work/Malnu-Kananga/Malnu-Kananga/node_modules/react-dom/cjs/react-dom-client.development.js:16583:35)
          at performWorkOnRootViaSchedulerTask (/home/runner/work/Malnu-Kananga/Malnu-Kananga/node_modules/react-dom/cjs/react-dom-client.development.js:18957:7)
          at flushActQueue (/home/runner/work/Malnu-Kananga/Malnu-Kananga/node_modules/react/cjs/react.development.js:590:34)
          at process.env.NODE_ENV.exports.act (/home/runner/work/Malnu-Kananga/Malnu-Kananga/node_modules/react/cjs/react.development.js:884:10)
          at /home/runner/work/Malnu-Kananga/Malnu-Kananga/node_modules/@testing-library/react/dist/act-compat.js:47:25
          at renderRoot (/home/runner/work/Malnu-Kananga/Malnu-Kananga/node_modules/@testing-library/react/dist/pure.js:190:26)
          at render (/home/runner/work/Malnu-Kananga/Malnu-Kananga/node_modules/@testing-library/react/dist/pure.js:292:10)
          at Object.<anonymous> (/home/runner/work/Malnu-Kananga/Malnu-Kananga/src/components/ErrorBoundary.test.tsx:82:11)
          at Promise.finally.completed (/home/runner/work/Malnu-Kananga/Malnu-Kananga/node_modules/jest-circus/build/jestAdapterInit.js:1557:28)
          at new Promise (<anonymous>)
          at callAsyncCircusFn (/home/runner/work/Malnu-Kananga/Malnu-Kananga/node_modules/jest-circus/build/jestAdapterInit.js:1497:10)
          at _callCircusTest (/home/runner/work/Malnu-Kananga/Malnu-Kananga/node_modules/jest-circus/build/jestAdapterInit.js:1007:40)
          at processTicksAndRejections (node:internal/process/task_queues:95:5)
          at _runTest (/home/runner/work/Malnu-Kananga/Malnu-Kananga/node_modules/jest-circus/build/jestAdapterInit.js:947:3)
          at /home/runner/work/Malnu-Kananga/Malnu-Kananga/node_modules/jest-circus/build/jestAdapterInit.js:849:7
          at _runTestsForDescribeBlock (/home/runner/work/Malnu-Kananga/Malnu-Kananga/node_modules/jest-circus/build/jestAdapterInit.js:862:11)
          at _runTestsForDescribeBlock (/home/runner/work/Malnu-Kananga/Malnu-Kananga/node_modules/jest-circus/build/jestAdapterInit.js:857:11)
          at run (/home/runner/work/Malnu-Kananga/Malnu-Kananga/node_modules/jest-circus/build/jestAdapterInit.js:761:3)
          at runAndTransformResultsToJestFormat (/home/runner/work/Malnu-Kananga/Malnu-Kananga/node_modules/jest-circus/build/jestAdapterInit.js:1918:21)
          at jestAdapter (/home/runner/work/Malnu-Kananga/Malnu-Kananga/node_modules/jest-circus/build/runner.js:101:19)
          at runTestInternal (/home/runner/work/Malnu-Kananga/Malnu-Kananga/node_modules/jest-runner/build/testWorker.js:275:16)
          at runTest (/home/runner/work/Malnu-Kananga/Malnu-Kananga/node_modules/jest-runner/build/testWorker.js:343:7)
          at Object.worker (/home/runner/work/Malnu-Kananga/Malnu-Kananga/node_modules/jest-runner/build/testWorker.js:497:12)

      at ErrorLoggingService.log [as reportToConsole] (src/services/errorLoggingService.ts:151:15)

    console.log
        Component Stack: 
          at ThrowErrorComponent (/home/runner/work/Malnu-Kananga/Malnu-Kananga/src/components/ErrorBoundary.test.tsx:7:32)
          at ErrorBoundary (/home/runner/work/Malnu-Kananga/Malnu-Kananga/src/components/ErrorBoundary.tsx:2509:5)

      at ErrorLoggingService.log [as reportToConsole] (src/services/errorLoggingService.ts:155:15)

    console.log
        Metadata: {
        componentName: 'ErrorBoundary',
        props: [ 'onError', 'children' ],
        hasCustomFallback: false,
        hasCustomErrorHandler: true
      }

      at ErrorLoggingService.log [as reportToConsole] (src/services/errorLoggingService.ts:159:15)

    console.group
        🚨 Error Log [MEDIUM]

      at ErrorLoggingService.group [as reportToConsole] (src/services/errorLoggingService.ts:143:13)

    console.warn
        Message: Test error

    [0m [90m 142 |[39m
     [90m 143 |[39m     console[33m.[39mgroup([32m`🚨 Error Log [${errorLog.severity.toUpperCase()}]`[39m)[33m;[39m
    [31m[1m>[22m[39m[90m 144 |[39m     console[logMethod]([32m`Message: ${errorLog.message}`[39m)[33m;[39m
     [90m     |[39m                       [31m[1m^[22m[39m
     [90m 145 |[39m     console[33m.[39mlog([32m`Category: ${errorLog.category}`[39m)[33m;[39m
     [90m 146 |[39m     console[33m.[39mlog([32m`URL: ${errorLog.url}`[39m)[33m;[39m
     [90m 147 |[39m     console[33m.[39mlog([32m`Timestamp: ${errorLog.timestamp}`[39m)[33m;[39m[0m

      at ErrorLoggingService.reportToConsole (src/services/errorLoggingService.ts:144:23)
      at ErrorLoggingService.reportToConsole [as logError] (src/services/errorLoggingService.ts:195:10)
      at ErrorLoggingService.logError [as logErrorBoundary] (src/services/errorLoggingService.ts:203:16)
      at ErrorBoundary.logErrorBoundary [as componentDidCatch] (src/components/ErrorBoundary.tsx:32:25)
      at Object.react_stack_bottom_frame (node_modules/react-dom/cjs/react-dom-client.development.js:25959:20)
      at ErrorBoundary.inst.componentDidCatch.update.callback (node_modules/react-dom/cjs/react-dom-client.development.js:9504:11)
      at callCallback (node_modules/react-dom/cjs/react-dom-client.development.js:7423:16)
      at commitCallbacks (node_modules/react-dom/cjs/react-dom-client.development.js:7443:11)
      at runWithFiberInDEV (node_modules/react-dom/cjs/react-dom-client.development.js:874:13)
      at commitClassCallbacks (node_modules/react-dom/cjs/react-dom-client.development.js:13377:11)
      at commitLayoutEffectOnFiber (node_modules/react-dom/cjs/react-dom-client.development.js:14026:25)
      at recursivelyTraverseLayoutEffects (node_modules/react-dom/cjs/react-dom-client.development.js:15159:11)
      at commitLayoutEffectOnFiber (node_modules/react-dom/cjs/react-dom-client.development.js:14031:11)
      at flushLayoutEffects (node_modules/react-dom/cjs/react-dom-client.development.js:18138:15)
      at commitRoot (node_modules/react-dom/cjs/react-dom-client.development.js:17954:9)
      at performWorkOnRoot (node_modules/react-dom/cjs/react-dom-client.development.js:16667:15)
      at performWorkOnRootViaSchedulerTask (node_modules/react-dom/cjs/react-dom-client.development.js:18957:7)
      at flushActQueue (node_modules/react/cjs/react.development.js:590:34)
      at process.env.NODE_ENV.exports.act (node_modules/react/cjs/react.development.js:884:10)
      at node_modules/@testing-library/react/dist/act-compat.js:47:25
      at renderRoot (node_modules/@testing-library/react/dist/pure.js:190:26)
      at render (node_modules/@testing-library/react/dist/pure.js:292:10)
      at Object.<anonymous> (src/components/ErrorBoundary.test.tsx:101:11)

    console.log
        Category: component

      at ErrorLoggingService.log [as reportToConsole] (src/services/errorLoggingService.ts:145:13)

    console.log
        URL: http://localhost/

      at ErrorLoggingService.log [as reportToConsole] (src/services/errorLoggingService.ts:146:13)

    console.log
        Timestamp: 2025-11-20T08:29:26.915Z

      at ErrorLoggingService.log [as reportToConsole] (src/services/errorLoggingService.ts:147:13)

    console.log
        Session ID: session_1763627366524_7goyutppx

      at ErrorLoggingService.log [as reportToConsole] (src/services/errorLoggingService.ts:148:13)

    console.log
        Stack Trace: Error: Test error
          at ThrowErrorComponent (/home/runner/work/Malnu-Kananga/Malnu-Kananga/src/components/ErrorBoundary.test.tsx:9:11)
          at Object.react_stack_bottom_frame (/home/runner/work/Malnu-Kananga/Malnu-Kananga/node_modules/react-dom/cjs/react-dom-client.development.js:25904:20)
          at renderWithHooks (/home/runner/work/Malnu-Kananga/Malnu-Kananga/node_modules/react-dom/cjs/react-dom-client.development.js:7662:22)
          at updateFunctionComponent (/home/runner/work/Malnu-Kananga/Malnu-Kananga/node_modules/react-dom/cjs/react-dom-client.development.js:10166:19)
          at beginWork (/home/runner/work/Malnu-Kananga/Malnu-Kananga/node_modules/react-dom/cjs/react-dom-client.development.js:11778:18)
          at runWithFiberInDEV (/home/runner/work/Malnu-Kananga/Malnu-Kananga/node_modules/react-dom/cjs/react-dom-client.development.js:874:13)
          at performUnitOfWork (/home/runner/work/Malnu-Kananga/Malnu-Kananga/node_modules/react-dom/cjs/react-dom-client.development.js:17641:22)
          at workLoopSync (/home/runner/work/Malnu-Kananga/Malnu-Kananga/node_modules/react-dom/cjs/react-dom-client.development.js:17469:41)
          at renderRootSync (/home/runner/work/Malnu-Kananga/Malnu-Kananga/node_modules/react-dom/cjs/react-dom-client.development.js:17450:11)
          at performWorkOnRoot (/home/runner/work/Malnu-Kananga/Malnu-Kananga/node_modules/react-dom/cjs/react-dom-client.development.js:16583:35)
          at performWorkOnRootViaSchedulerTask (/home/runner/work/Malnu-Kananga/Malnu-Kananga/node_modules/react-dom/cjs/react-dom-client.development.js:18957:7)
          at flushActQueue (/home/runner/work/Malnu-Kananga/Malnu-Kananga/node_modules/react/cjs/react.development.js:590:34)
          at process.env.NODE_ENV.exports.act (/home/runner/work/Malnu-Kananga/Malnu-Kananga/node_modules/react/cjs/react.development.js:884:10)
          at /home/runner/work/Malnu-Kananga/Malnu-Kananga/node_modules/@testing-library/react/dist/act-compat.js:47:25
          at renderRoot (/home/runner/work/Malnu-Kananga/Malnu-Kananga/node_modules/@testing-library/react/dist/pure.js:190:26)
          at render (/home/runner/work/Malnu-Kananga/Malnu-Kananga/node_modules/@testing-library/react/dist/pure.js:292:10)
          at Object.<anonymous> (/home/runner/work/Malnu-Kananga/Malnu-Kananga/src/components/ErrorBoundary.test.tsx:101:11)
          at Promise.finally.completed (/home/runner/work/Malnu-Kananga/Malnu-Kananga/node_modules/jest-circus/build/jestAdapterInit.js:1557:28)
          at new Promise (<anonymous>)
          at callAsyncCircusFn (/home/runner/work/Malnu-Kananga/Malnu-Kananga/node_modules/jest-circus/build/jestAdapterInit.js:1497:10)
          at _callCircusTest (/home/runner/work/Malnu-Kananga/Malnu-Kananga/node_modules/jest-circus/build/jestAdapterInit.js:1007:40)
          at processTicksAndRejections (node:internal/process/task_queues:95:5)
          at _runTest (/home/runner/work/Malnu-Kananga/Malnu-Kananga/node_modules/jest-circus/build/jestAdapterInit.js:947:3)
          at /home/runner/work/Malnu-Kananga/Malnu-Kananga/node_modules/jest-circus/build/jestAdapterInit.js:849:7
          at _runTestsForDescribeBlock (/home/runner/work/Malnu-Kananga/Malnu-Kananga/node_modules/jest-circus/build/jestAdapterInit.js:862:11)
          at _runTestsForDescribeBlock (/home/runner/work/Malnu-Kananga/Malnu-Kananga/node_modules/jest-circus/build/jestAdapterInit.js:857:11)
          at run (/home/runner/work/Malnu-Kananga/Malnu-Kananga/node_modules/jest-circus/build/jestAdapterInit.js:761:3)
          at runAndTransformResultsToJestFormat (/home/runner/work/Malnu-Kananga/Malnu-Kananga/node_modules/jest-circus/build/jestAdapterInit.js:1918:21)
          at jestAdapter (/home/runner/work/Malnu-Kananga/Malnu-Kananga/node_modules/jest-circus/build/runner.js:101:19)
          at runTestInternal (/home/runner/work/Malnu-Kananga/Malnu-Kananga/node_modules/jest-runner/build/testWorker.js:275:16)
          at runTest (/home/runner/work/Malnu-Kananga/Malnu-Kananga/node_modules/jest-runner/build/testWorker.js:343:7)
          at Object.worker (/home/runner/work/Malnu-Kananga/Malnu-Kananga/node_modules/jest-runner/build/testWorker.js:497:12)

      at ErrorLoggingService.log [as reportToConsole] (src/services/errorLoggingService.ts:151:15)

    console.log
        Component Stack: 
          at ThrowErrorComponent (/home/runner/work/Malnu-Kananga/Malnu-Kananga/src/components/ErrorBoundary.test.tsx:7:32)
          at ErrorBoundary (/home/runner/work/Malnu-Kananga/Malnu-Kananga/src/components/ErrorBoundary.tsx:2509:5)

      at ErrorLoggingService.log [as reportToConsole] (src/services/errorLoggingService.ts:155:15)

    console.log
        Metadata: {
        componentName: 'ErrorBoundary',
        props: [ 'children' ],
        hasCustomFallback: false,
        hasCustomErrorHandler: false
      }

      at ErrorLoggingService.log [as reportToConsole] (src/services/errorLoggingService.ts:159:15)

    console.group
        🚨 Error Log [MEDIUM]

      at ErrorLoggingService.group [as reportToConsole] (src/services/errorLoggingService.ts:143:13)

    console.warn
        Message: Test error

    [0m [90m 142 |[39m
     [90m 143 |[39m     console[33m.[39mgroup([32m`🚨 Error Log [${errorLog.severity.toUpperCase()}]`[39m)[33m;[39m
    [31m[1m>[22m[39m[90m 144 |[39m     console[logMethod]([32m`Message: ${errorLog.message}`[39m)[33m;[39m
     [90m     |[39m                       [31m[1m^[22m[39m
     [90m 145 |[39m     console[33m.[39mlog([32m`Category: ${errorLog.category}`[39m)[33m;[39m
     [90m 146 |[39m     console[33m.[39mlog([32m`URL: ${errorLog.url}`[39m)[33m;[39m
     [90m 147 |[39m     console[33m.[39mlog([32m`Timestamp: ${errorLog.timestamp}`[39m)[33m;[39m[0m

      at ErrorLoggingService.reportToConsole (src/services/errorLoggingService.ts:144:23)
      at ErrorLoggingService.reportToConsole [as logError] (src/services/errorLoggingService.ts:195:10)
      at ErrorLoggingService.logError [as logErrorBoundary] (src/services/errorLoggingService.ts:203:16)
      at ErrorBoundary.logErrorBoundary [as componentDidCatch] (src/components/ErrorBoundary.tsx:32:25)
      at Object.react_stack_bottom_frame (node_modules/react-dom/cjs/react-dom-client.development.js:25959:20)
      at ErrorBoundary.inst.componentDidCatch.update.callback (node_modules/react-dom/cjs/react-dom-client.development.js:9504:11)
      at callCallback (node_modules/react-dom/cjs/react-dom-client.development.js:7423:16)
      at commitCallbacks (node_modules/react-dom/cjs/react-dom-client.development.js:7443:11)
      at runWithFiberInDEV (node_modules/react-dom/cjs/react-dom-client.development.js:874:13)
      at commitClassCallbacks (node_modules/react-dom/cjs/react-dom-client.development.js:13377:11)
      at commitLayoutEffectOnFiber (node_modules/react-dom/cjs/react-dom-client.development.js:14026:25)
      at recursivelyTraverseLayoutEffects (node_modules/react-dom/cjs/react-dom-client.development.js:15159:11)
      at commitLayoutEffectOnFiber (node_modules/react-dom/cjs/react-dom-client.development.js:14031:11)
      at flushLayoutEffects (node_modules/react-dom/cjs/react-dom-client.development.js:18138:15)
      at commitRoot (node_modules/react-dom/cjs/react-dom-client.development.js:17954:9)
      at performWorkOnRoot (node_modules/react-dom/cjs/react-dom-client.development.js:16667:15)
      at performWorkOnRootViaSchedulerTask (node_modules/react-dom/cjs/react-dom-client.development.js:18957:7)
      at flushActQueue (node_modules/react/cjs/react.development.js:590:34)
      at process.env.NODE_ENV.exports.act (node_modules/react/cjs/react.development.js:884:10)
      at node_modules/@testing-library/react/dist/act-compat.js:47:25
      at renderRoot (node_modules/@testing-library/react/dist/pure.js:190:26)
      at render (node_modules/@testing-library/react/dist/pure.js:292:10)
      at Object.<anonymous> (src/components/ErrorBoundary.test.tsx:124:11)

    console.log
        Category: component

      at ErrorLoggingService.log [as reportToConsole] (src/services/errorLoggingService.ts:145:13)

    console.log
        URL: http://localhost/

      at ErrorLoggingService.log [as reportToConsole] (src/services/errorLoggingService.ts:146:13)

    console.log
        Timestamp: 2025-11-20T08:29:26.941Z

      at ErrorLoggingService.log [as reportToConsole] (src/services/errorLoggingService.ts:147:13)

    console.log
        Session ID: session_1763627366524_7goyutppx

      at ErrorLoggingService.log [as reportToConsole] (src/services/errorLoggingService.ts:148:13)

    console.log
        Stack Trace: Error: Test error
          at ThrowErrorComponent (/home/runner/work/Malnu-Kananga/Malnu-Kananga/src/components/ErrorBoundary.test.tsx:9:11)
          at Object.react_stack_bottom_frame (/home/runner/work/Malnu-Kananga/Malnu-Kananga/node_modules/react-dom/cjs/react-dom-client.development.js:25904:20)
          at renderWithHooks (/home/runner/work/Malnu-Kananga/Malnu-Kananga/node_modules/react-dom/cjs/react-dom-client.development.js:7662:22)
          at updateFunctionComponent (/home/runner/work/Malnu-Kananga/Malnu-Kananga/node_modules/react-dom/cjs/react-dom-client.development.js:10166:19)
          at beginWork (/home/runner/work/Malnu-Kananga/Malnu-Kananga/node_modules/react-dom/cjs/react-dom-client.development.js:11778:18)
          at runWithFiberInDEV (/home/runner/work/Malnu-Kananga/Malnu-Kananga/node_modules/react-dom/cjs/react-dom-client.development.js:874:13)
          at performUnitOfWork (/home/runner/work/Malnu-Kananga/Malnu-Kananga/node_modules/react-dom/cjs/react-dom-client.development.js:17641:22)
          at workLoopSync (/home/runner/work/Malnu-Kananga/Malnu-Kananga/node_modules/react-dom/cjs/react-dom-client.development.js:17469:41)
          at renderRootSync (/home/runner/work/Malnu-Kananga/Malnu-Kananga/node_modules/react-dom/cjs/react-dom-client.development.js:17450:11)
          at performWorkOnRoot (/home/runner/work/Malnu-Kananga/Malnu-Kananga/node_modules/react-dom/cjs/react-dom-client.development.js:16583:35)
          at performWorkOnRootViaSchedulerTask (/home/runner/work/Malnu-Kananga/Malnu-Kananga/node_modules/react-dom/cjs/react-dom-client.development.js:18957:7)
          at flushActQueue (/home/runner/work/Malnu-Kananga/Malnu-Kananga/node_modules/react/cjs/react.development.js:590:34)
          at process.env.NODE_ENV.exports.act (/home/runner/work/Malnu-Kananga/Malnu-Kananga/node_modules/react/cjs/react.development.js:884:10)
          at /home/runner/work/Malnu-Kananga/Malnu-Kananga/node_modules/@testing-library/react/dist/act-compat.js:47:25
          at renderRoot (/home/runner/work/Malnu-Kananga/Malnu-Kananga/node_modules/@testing-library/react/dist/pure.js:190:26)
          at render (/home/runner/work/Malnu-Kananga/Malnu-Kananga/node_modules/@testing-library/react/dist/pure.js:292:10)
          at Object.<anonymous> (/home/runner/work/Malnu-Kananga/Malnu-Kananga/src/components/ErrorBoundary.test.tsx:124:11)
          at Promise.finally.completed (/home/runner/work/Malnu-Kananga/Malnu-Kananga/node_modules/jest-circus/build/jestAdapterInit.js:1557:28)
          at new Promise (<anonymous>)
          at callAsyncCircusFn (/home/runner/work/Malnu-Kananga/Malnu-Kananga/node_modules/jest-circus/build/jestAdapterInit.js:1497:10)
          at _callCircusTest (/home/runner/work/Malnu-Kananga/Malnu-Kananga/node_modules/jest-circus/build/jestAdapterInit.js:1007:40)
          at processTicksAndRejections (node:internal/process/task_queues:95:5)
          at _runTest (/home/runner/work/Malnu-Kananga/Malnu-Kananga/node_modules/jest-circus/build/jestAdapterInit.js:947:3)
          at /home/runner/work/Malnu-Kananga/Malnu-Kananga/node_modules/jest-circus/build/jestAdapterInit.js:849:7
          at _runTestsForDescribeBlock (/home/runner/work/Malnu-Kananga/Malnu-Kananga/node_modules/jest-circus/build/jestAdapterInit.js:862:11)
          at _runTestsForDescribeBlock (/home/runner/work/Malnu-Kananga/Malnu-Kananga/node_modules/jest-circus/build/jestAdapterInit.js:857:11)
          at run (/home/runner/work/Malnu-Kananga/Malnu-Kananga/node_modules/jest-circus/build/jestAdapterInit.js:761:3)
          at runAndTransformResultsToJestFormat (/home/runner/work/Malnu-Kananga/Malnu-Kananga/node_modules/jest-circus/build/jestAdapterInit.js:1918:21)
          at jestAdapter (/home/runner/work/Malnu-Kananga/Malnu-Kananga/node_modules/jest-circus/build/runner.js:101:19)
          at runTestInternal (/home/runner/work/Malnu-Kananga/Malnu-Kananga/node_modules/jest-runner/build/testWorker.js:275:16)
          at runTest (/home/runner/work/Malnu-Kananga/Malnu-Kananga/node_modules/jest-runner/build/testWorker.js:343:7)
          at Object.worker (/home/runner/work/Malnu-Kananga/Malnu-Kananga/node_modules/jest-runner/build/testWorker.js:497:12)

      at ErrorLoggingService.log [as reportToConsole] (src/services/errorLoggingService.ts:151:15)

    console.log
        Component Stack: 
          at ThrowErrorComponent (/home/runner/work/Malnu-Kananga/Malnu-Kananga/src/components/ErrorBoundary.test.tsx:7:32)
          at ErrorBoundary (/home/runner/work/Malnu-Kananga/Malnu-Kananga/src/components/ErrorBoundary.tsx:2509:5)

      at ErrorLoggingService.log [as reportToConsole] (src/services/errorLoggingService.ts:155:15)

    console.log
        Metadata: {
        componentName: 'ErrorBoundary',
        props: [ 'children' ],
        hasCustomFallback: false,
        hasCustomErrorHandler: false
      }

      at ErrorLoggingService.log [as reportToConsole] (src/services/errorLoggingService.ts:159:15)

    console.group
        🚨 Error Log [MEDIUM]

      at ErrorLoggingService.group [as reportToConsole] (src/services/errorLoggingService.ts:143:13)

    console.warn
        Message: Test error

    [0m [90m 142 |[39m
     [90m 143 |[39m     console[33m.[39mgroup([32m`🚨 Error Log [${errorLog.severity.toUpperCase()}]`[39m)[33m;[39m
    [31m[1m>[22m[39m[90m 144 |[39m     console[logMethod]([32m`Message: ${errorLog.message}`[39m)[33m;[39m
     [90m     |[39m                       [31m[1m^[22m[39m
     [90m 145 |[39m     console[33m.[39mlog([32m`Category: ${errorLog.category}`[39m)[33m;[39m
     [90m 146 |[39m     console[33m.[39mlog([32m`URL: ${errorLog.url}`[39m)[33m;[39m
     [90m 147 |[39m     console[33m.[39mlog([32m`Timestamp: ${errorLog.timestamp}`[39m)[33m;[39m[0m

      at ErrorLoggingService.reportToConsole (src/services/errorLoggingService.ts:144:23)
      at ErrorLoggingService.reportToConsole [as logError] (src/services/errorLoggingService.ts:195:10)
      at ErrorLoggingService.logError [as logErrorBoundary] (src/services/errorLoggingService.ts:203:16)
      at ErrorBoundary.logErrorBoundary [as componentDidCatch] (src/components/ErrorBoundary.tsx:32:25)
      at Object.react_stack_bottom_frame (node_modules/react-dom/cjs/react-dom-client.development.js:25959:20)
      at ErrorBoundary.inst.componentDidCatch.update.callback (node_modules/react-dom/cjs/react-dom-client.development.js:9504:11)
      at callCallback (node_modules/react-dom/cjs/react-dom-client.development.js:7423:16)
      at commitCallbacks (node_modules/react-dom/cjs/react-dom-client.development.js:7443:11)
      at runWithFiberInDEV (node_modules/react-dom/cjs/react-dom-client.development.js:874:13)
      at commitClassCallbacks (node_modules/react-dom/cjs/react-dom-client.development.js:13377:11)
      at commitLayoutEffectOnFiber (node_modules/react-dom/cjs/react-dom-client.development.js:14026:25)
      at recursivelyTraverseLayoutEffects (node_modules/react-dom/cjs/react-dom-client.development.js:15159:11)
      at commitLayoutEffectOnFiber (node_modules/react-dom/cjs/react-dom-client.development.js:14031:11)
      at flushLayoutEffects (node_modules/react-dom/cjs/react-dom-client.development.js:18138:15)
      at commitRoot (node_modules/react-dom/cjs/react-dom-client.development.js:17954:9)
      at performWorkOnRoot (node_modules/react-dom/cjs/react-dom-client.development.js:16667:15)
      at performWorkOnRootViaSchedulerTask (node_modules/react-dom/cjs/react-dom-client.development.js:18957:7)
      at flushActQueue (node_modules/react/cjs/react.development.js:590:34)
      at process.env.NODE_ENV.exports.act (node_modules/react/cjs/react.development.js:884:10)
      at node_modules/@testing-library/react/dist/act-compat.js:47:25
      at renderRoot (node_modules/@testing-library/react/dist/pure.js:190:26)
      at render (node_modules/@testing-library/react/dist/pure.js:292:10)
      at Object.<anonymous> (src/components/ErrorBoundary.test.tsx:136:32)

    console.log
        Category: component

      at ErrorLoggingService.log [as reportToConsole] (src/services/errorLoggingService.ts:145:13)

    console.log
        URL: http://localhost/

      at ErrorLoggingService.log [as reportToConsole] (src/services/errorLoggingService.ts:146:13)

    console.log
        Timestamp: 2025-11-20T08:29:26.969Z

      at ErrorLoggingService.log [as reportToConsole] (src/services/errorLoggingService.ts:147:13)

    console.log
        Session ID: session_1763627366524_7goyutppx

      at ErrorLoggingService.log [as reportToConsole] (src/services/errorLoggingService.ts:148:13)

    console.log
        Stack Trace: Error: Test error
          at ThrowErrorComponent (/home/runner/work/Malnu-Kananga/Malnu-Kananga/src/components/ErrorBoundary.test.tsx:9:11)
          at Object.react_stack_bottom_frame (/home/runner/work/Malnu-Kananga/Malnu-Kananga/node_modules/react-dom/cjs/react-dom-client.development.js:25904:20)
          at renderWithHooks (/home/runner/work/Malnu-Kananga/Malnu-Kananga/node_modules/react-dom/cjs/react-dom-client.development.js:7662:22)
          at updateFunctionComponent (/home/runner/work/Malnu-Kananga/Malnu-Kananga/node_modules/react-dom/cjs/react-dom-client.development.js:10166:19)
          at beginWork (/home/runner/work/Malnu-Kananga/Malnu-Kananga/node_modules/react-dom/cjs/react-dom-client.development.js:11778:18)
          at runWithFiberInDEV (/home/runner/work/Malnu-Kananga/Malnu-Kananga/node_modules/react-dom/cjs/react-dom-client.development.js:874:13)
          at performUnitOfWork (/home/runner/work/Malnu-Kananga/Malnu-Kananga/node_modules/react-dom/cjs/react-dom-client.development.js:17641:22)
          at workLoopSync (/home/runner/work/Malnu-Kananga/Malnu-Kananga/node_modules/react-dom/cjs/react-dom-client.development.js:17469:41)
          at renderRootSync (/home/runner/work/Malnu-Kananga/Malnu-Kananga/node_modules/react-dom/cjs/react-dom-client.development.js:17450:11)
          at performWorkOnRoot (/home/runner/work/Malnu-Kananga/Malnu-Kananga/node_modules/react-dom/cjs/react-dom-client.development.js:16583:35)
          at performWorkOnRootViaSchedulerTask (/home/runner/work/Malnu-Kananga/Malnu-Kananga/node_modules/react-dom/cjs/react-dom-client.development.js:18957:7)
          at flushActQueue (/home/runner/work/Malnu-Kananga/Malnu-Kananga/node_modules/react/cjs/react.development.js:590:34)
          at process.env.NODE_ENV.exports.act (/home/runner/work/Malnu-Kananga/Malnu-Kananga/node_modules/react/cjs/react.development.js:884:10)
          at /home/runner/work/Malnu-Kananga/Malnu-Kananga/node_modules/@testing-library/react/dist/act-compat.js:47:25
          at renderRoot (/home/runner/work/Malnu-Kananga/Malnu-Kananga/node_modules/@testing-library/react/dist/pure.js:190:26)
          at render (/home/runner/work/Malnu-Kananga/Malnu-Kananga/node_modules/@testing-library/react/dist/pure.js:292:10)
          at Object.<anonymous> (/home/runner/work/Malnu-Kananga/Malnu-Kananga/src/components/ErrorBoundary.test.tsx:136:32)
          at Promise.finally.completed (/home/runner/work/Malnu-Kananga/Malnu-Kananga/node_modules/jest-circus/build/jestAdapterInit.js:1557:28)
          at new Promise (<anonymous>)
          at callAsyncCircusFn (/home/runner/work/Malnu-Kananga/Malnu-Kananga/node_modules/jest-circus/build/jestAdapterInit.js:1497:10)
          at _callCircusTest (/home/runner/work/Malnu-Kananga/Malnu-Kananga/node_modules/jest-circus/build/jestAdapterInit.js:1007:40)
          at processTicksAndRejections (node:internal/process/task_queues:95:5)
          at _runTest (/home/runner/work/Malnu-Kananga/Malnu-Kananga/node_modules/jest-circus/build/jestAdapterInit.js:947:3)
          at /home/runner/work/Malnu-Kananga/Malnu-Kananga/node_modules/jest-circus/build/jestAdapterInit.js:849:7
          at _runTestsForDescribeBlock (/home/runner/work/Malnu-Kananga/Malnu-Kananga/node_modules/jest-circus/build/jestAdapterInit.js:862:11)
          at _runTestsForDescribeBlock (/home/runner/work/Malnu-Kananga/Malnu-Kananga/node_modules/jest-circus/build/jestAdapterInit.js:857:11)
          at run (/home/runner/work/Malnu-Kananga/Malnu-Kananga/node_modules/jest-circus/build/jestAdapterInit.js:761:3)
          at runAndTransformResultsToJestFormat (/home/runner/work/Malnu-Kananga/Malnu-Kananga/node_modules/jest-circus/build/jestAdapterInit.js:1918:21)
          at jestAdapter (/home/runner/work/Malnu-Kananga/Malnu-Kananga/node_modules/jest-circus/build/runner.js:101:19)
          at runTestInternal (/home/runner/work/Malnu-Kananga/Malnu-Kananga/node_modules/jest-runner/build/testWorker.js:275:16)
          at runTest (/home/runner/work/Malnu-Kananga/Malnu-Kananga/node_modules/jest-runner/build/testWorker.js:343:7)
          at Object.worker (/home/runner/work/Malnu-Kananga/Malnu-Kananga/node_modules/jest-runner/build/testWorker.js:497:12)

      at ErrorLoggingService.log [as reportToConsole] (src/services/errorLoggingService.ts:151:15)

    console.log
        Component Stack: 
          at ThrowErrorComponent (/home/runner/work/Malnu-Kananga/Malnu-Kananga/src/components/ErrorBoundary.test.tsx:7:32)
          at ErrorBoundary (/home/runner/work/Malnu-Kananga/Malnu-Kananga/src/components/ErrorBoundary.tsx:2509:5)

      at ErrorLoggingService.log [as reportToConsole] (src/services/errorLoggingService.ts:155:15)

    console.log
        Metadata: {
        componentName: 'ErrorBoundary',
        props: [ 'children' ],
        hasCustomFallback: false,
        hasCustomErrorHandler: false
      }

      at ErrorLoggingService.log [as reportToConsole] (src/services/errorLoggingService.ts:159:15)

    console.group
        🚨 Error Log [MEDIUM]

      at ErrorLoggingService.group [as reportToConsole] (src/services/errorLoggingService.ts:143:13)

    console.warn
        Message: Test error

    [0m [90m 142 |[39m
     [90m 143 |[39m     console[33m.[39mgroup([32m`🚨 Error Log [${errorLog.severity.toUpperCase()}]`[39m)[33m;[39m
    [31m[1m>[22m[39m[90m 144 |[39m     console[logMethod]([32m`Message: ${errorLog.message}`[39m)[33m;[39m
     [90m     |[39m                       [31m[1m^[22m[39m
     [90m 145 |[39m     console[33m.[39mlog([32m`Category: ${errorLog.category}`[39m)[33m;[39m
     [90m 146 |[39m     console[33m.[39mlog([32m`URL: ${errorLog.url}`[39m)[33m;[39m
     [90m 147 |[39m     console[33m.[39mlog([32m`Timestamp: ${errorLog.timestamp}`[39m)[33m;[39m[0m

      at ErrorLoggingService.reportToConsole (src/services/errorLoggingService.ts:144:23)
      at ErrorLoggingService.reportToConsole [as logError] (src/services/errorLoggingService.ts:195:10)
      at ErrorLoggingService.logError [as logErrorBoundary] (src/services/errorLoggingService.ts:203:16)
      at ErrorBoundary.logErrorBoundary [as componentDidCatch] (src/components/ErrorBoundary.tsx:32:25)
      at Object.react_stack_bottom_frame (node_modules/react-dom/cjs/react-dom-client.development.js:25959:20)
      at ErrorBoundary.inst.componentDidCatch.update.callback (node_modules/react-dom/cjs/react-dom-client.development.js:9504:11)
      at callCallback (node_modules/react-dom/cjs/react-dom-client.development.js:7423:16)
      at commitCallbacks (node_modules/react-dom/cjs/react-dom-client.development.js:7443:11)
      at runWithFiberInDEV (node_modules/react-dom/cjs/react-dom-client.development.js:874:13)
      at commitClassCallbacks (node_modules/react-dom/cjs/react-dom-client.development.js:13377:11)
      at commitLayoutEffectOnFiber (node_modules/react-dom/cjs/react-dom-client.development.js:14026:25)
      at recursivelyTraverseLayoutEffects (node_modules/react-dom/cjs/react-dom-client.development.js:15159:11)
      at commitLayoutEffectOnFiber (node_modules/react-dom/cjs/react-dom-client.development.js:14031:11)
      at flushLayoutEffects (node_modules/react-dom/cjs/react-dom-client.development.js:18138:15)
      at commitRoot (node_modules/react-dom/cjs/react-dom-client.development.js:17954:9)
      at performWorkOnRoot (node_modules/react-dom/cjs/react-dom-client.development.js:16667:15)
      at performSyncWorkOnRoot (node_modules/react-dom/cjs/react-dom-client.development.js:18972:7)
      at flushSyncWorkAcrossRoots_impl (node_modules/react-dom/cjs/react-dom-client.development.js:18814:21)
      at processRootScheduleInMicrotask (node_modules/react-dom/cjs/react-dom-client.development.js:18853:9)
      at node_modules/react-dom/cjs/react-dom-client.development.js:18982:11
      at flushActQueue (node_modules/react/cjs/react.development.js:590:34)
      at process.env.NODE_ENV.exports.act (node_modules/react/cjs/react.development.js:884:10)
      at node_modules/@testing-library/react/dist/act-compat.js:47:25
      at Object.eventWrapper (node_modules/@testing-library/react/dist/pure.js:107:28)
      at fireEvent (node_modules/@testing-library/dom/dist/events.js:12:35)
      at Function.fireEvent.<computed> [as click] (node_modules/@testing-library/dom/dist/events.js:110:36)
      at Function.fireEvent.<computed> [as click] (node_modules/@testing-library/react/dist/fire-event.js:15:52)
      at Object.<anonymous> (src/components/ErrorBoundary.test.tsx:146:15)

    console.log
        Category: component

      at ErrorLoggingService.log [as reportToConsole] (src/services/errorLoggingService.ts:145:13)

    console.log
        URL: http://localhost/

      at ErrorLoggingService.log [as reportToConsole] (src/services/errorLoggingService.ts:146:13)

    console.log
        Timestamp: 2025-11-20T08:29:26.991Z

      at ErrorLoggingService.log [as reportToConsole] (src/services/errorLoggingService.ts:147:13)

    console.log
        Session ID: session_1763627366524_7goyutppx

      at ErrorLoggingService.log [as reportToConsole] (src/services/errorLoggingService.ts:148:13)

    console.log
        Stack Trace: Error: Test error
          at ThrowErrorComponent (/home/runner/work/Malnu-Kananga/Malnu-Kananga/src/components/ErrorBoundary.test.tsx:9:11)
          at Object.react_stack_bottom_frame (/home/runner/work/Malnu-Kananga/Malnu-Kananga/node_modules/react-dom/cjs/react-dom-client.development.js:25904:20)
          at renderWithHooks (/home/runner/work/Malnu-Kananga/Malnu-Kananga/node_modules/react-dom/cjs/react-dom-client.development.js:7662:22)
          at updateFunctionComponent (/home/runner/work/Malnu-Kananga/Malnu-Kananga/node_modules/react-dom/cjs/react-dom-client.development.js:10166:19)
          at beginWork (/home/runner/work/Malnu-Kananga/Malnu-Kananga/node_modules/react-dom/cjs/react-dom-client.development.js:11778:18)
          at runWithFiberInDEV (/home/runner/work/Malnu-Kananga/Malnu-Kananga/node_modules/react-dom/cjs/react-dom-client.development.js:874:13)
          at performUnitOfWork (/home/runner/work/Malnu-Kananga/Malnu-Kananga/node_modules/react-dom/cjs/react-dom-client.development.js:17641:22)
          at workLoopSync (/home/runner/work/Malnu-Kananga/Malnu-Kananga/node_modules/react-dom/cjs/react-dom-client.development.js:17469:41)
          at renderRootSync (/home/runner/work/Malnu-Kananga/Malnu-Kananga/node_modules/react-dom/cjs/react-dom-client.development.js:17450:11)
          at performWorkOnRoot (/home/runner/work/Malnu-Kananga/Malnu-Kananga/node_modules/react-dom/cjs/react-dom-client.development.js:16583:35)
          at performSyncWorkOnRoot (/home/runner/work/Malnu-Kananga/Malnu-Kananga/node_modules/react-dom/cjs/react-dom-client.development.js:18972:7)
          at flushSyncWorkAcrossRoots_impl (/home/runner/work/Malnu-Kananga/Malnu-Kananga/node_modules/react-dom/cjs/react-dom-client.development.js:18814:21)
          at processRootScheduleInMicrotask (/home/runner/work/Malnu-Kananga/Malnu-Kananga/node_modules/react-dom/cjs/react-dom-client.development.js:18853:9)
          at /home/runner/work/Malnu-Kananga/Malnu-Kananga/node_modules/react-dom/cjs/react-dom-client.development.js:18982:11
          at flushActQueue (/home/runner/work/Malnu-Kananga/Malnu-Kananga/node_modules/react/cjs/react.development.js:590:34)
          at process.env.NODE_ENV.exports.act (/home/runner/work/Malnu-Kananga/Malnu-Kananga/node_modules/react/cjs/react.development.js:884:10)
          at /home/runner/work/Malnu-Kananga/Malnu-Kananga/node_modules/@testing-library/react/dist/act-compat.js:47:25
          at Object.eventWrapper (/home/runner/work/Malnu-Kananga/Malnu-Kananga/node_modules/@testing-library/react/dist/pure.js:107:28)
          at fireEvent (/home/runner/work/Malnu-Kananga/Malnu-Kananga/node_modules/@testing-library/dom/dist/events.js:12:35)
          at Function.fireEvent.<computed> [as click] (/home/runner/work/Malnu-Kananga/Malnu-Kananga/node_modules/@testing-library/dom/dist/events.js:110:36)
          at Function.fireEvent.<computed> [as click] (/home/runner/work/Malnu-Kananga/Malnu-Kananga/node_modules/@testing-library/react/dist/fire-event.js:15:52)
          at Object.<anonymous> (/home/runner/work/Malnu-Kananga/Malnu-Kananga/src/components/ErrorBoundary.test.tsx:146:15)
          at Promise.finally.completed (/home/runner/work/Malnu-Kananga/Malnu-Kananga/node_modules/jest-circus/build/jestAdapterInit.js:1557:28)
          at new Promise (<anonymous>)
          at callAsyncCircusFn (/home/runner/work/Malnu-Kananga/Malnu-Kananga/node_modules/jest-circus/build/jestAdapterInit.js:1497:10)
          at _callCircusTest (/home/runner/work/Malnu-Kananga/Malnu-Kananga/node_modules/jest-circus/build/jestAdapterInit.js:1007:40)
          at processTicksAndRejections (node:internal/process/task_queues:95:5)
          at _runTest (/home/runner/work/Malnu-Kananga/Malnu-Kananga/node_modules/jest-circus/build/jestAdapterInit.js:947:3)
          at /home/runner/work/Malnu-Kananga/Malnu-Kananga/node_modules/jest-circus/build/jestAdapterInit.js:849:7
          at _runTestsForDescribeBlock (/home/runner/work/Malnu-Kananga/Malnu-Kananga/node_modules/jest-circus/build/jestAdapterInit.js:862:11)
          at _runTestsForDescribeBlock (/home/runner/work/Malnu-Kananga/Malnu-Kananga/node_modules/jest-circus/build/jestAdapterInit.js:857:11)
          at run (/home/runner/work/Malnu-Kananga/Malnu-Kananga/node_modules/jest-circus/build/jestAdapterInit.js:761:3)
          at runAndTransformResultsToJestFormat (/home/runner/work/Malnu-Kananga/Malnu-Kananga/node_modules/jest-circus/build/jestAdapterInit.js:1918:21)
          at jestAdapter (/home/runner/work/Malnu-Kananga/Malnu-Kananga/node_modules/jest-circus/build/runner.js:101:19)
          at runTestInternal (/home/runner/work/Malnu-Kananga/Malnu-Kananga/node_modules/jest-runner/build/testWorker.js:275:16)
          at runTest (/home/runner/work/Malnu-Kananga/Malnu-Kananga/node_modules/jest-runner/build/testWorker.js:343:7)
          at Object.worker (/home/runner/work/Malnu-Kananga/Malnu-Kananga/node_modules/jest-runner/build/testWorker.js:497:12)

      at ErrorLoggingService.log [as reportToConsole] (src/services/errorLoggingService.ts:151:15)

    console.log
        Component Stack: 
          at ThrowErrorComponent (/home/runner/work/Malnu-Kananga/Malnu-Kananga/src/components/ErrorBoundary.test.tsx:7:32)
          at ErrorBoundary (/home/runner/work/Malnu-Kananga/Malnu-Kananga/src/components/ErrorBoundary.tsx:2509:5)

      at ErrorLoggingService.log [as reportToConsole] (src/services/errorLoggingService.ts:155:15)

    console.log
        Metadata: {
        componentName: 'ErrorBoundary',
        props: [ 'children' ],
        hasCustomFallback: false,
        hasCustomErrorHandler: false
      }

      at ErrorLoggingService.log [as reportToConsole] (src/services/errorLoggingService.ts:159:15)

    console.group
        🚨 Error Log [MEDIUM]

      at ErrorLoggingService.group [as reportToConsole] (src/services/errorLoggingService.ts:143:13)

    console.warn
        Message: Test error

    [0m [90m 142 |[39m
     [90m 143 |[39m     console[33m.[39mgroup([32m`🚨 Error Log [${errorLog.severity.toUpperCase()}]`[39m)[33m;[39m
    [31m[1m>[22m[39m[90m 144 |[39m     console[logMethod]([32m`Message: ${errorLog.message}`[39m)[33m;[39m
     [90m     |[39m                       [31m[1m^[22m[39m
     [90m 145 |[39m     console[33m.[39mlog([32m`Category: ${errorLog.category}`[39m)[33m;[39m
     [90m 146 |[39m     console[33m.[39mlog([32m`URL: ${errorLog.url}`[39m)[33m;[39m
     [90m 147 |[39m     console[33m.[39mlog([32m`Timestamp: ${errorLog.timestamp}`[39m)[33m;[39m[0m

      at ErrorLoggingService.reportToConsole (src/services/errorLoggingService.ts:144:23)
      at ErrorLoggingService.reportToConsole [as logError] (src/services/errorLoggingService.ts:195:10)
      at ErrorLoggingService.logError [as logErrorBoundary] (src/services/errorLoggingService.ts:203:16)
      at ErrorBoundary.logErrorBoundary [as componentDidCatch] (src/components/ErrorBoundary.tsx:32:25)
      at Object.react_stack_bottom_frame (node_modules/react-dom/cjs/react-dom-client.development.js:25959:20)
      at ErrorBoundary.inst.componentDidCatch.update.callback (node_modules/react-dom/cjs/react-dom-client.development.js:9504:11)
      at callCallback (node_modules/react-dom/cjs/react-dom-client.development.js:7423:16)
      at commitCallbacks (node_modules/react-dom/cjs/react-dom-client.development.js:7443:11)
      at runWithFiberInDEV (node_modules/react-dom/cjs/react-dom-client.development.js:874:13)
      at commitClassCallbacks (node_modules/react-dom/cjs/react-dom-client.development.js:13377:11)
      at commitLayoutEffectOnFiber (node_modules/react-dom/cjs/react-dom-client.development.js:14026:25)
      at recursivelyTraverseLayoutEffects (node_modules/react-dom/cjs/react-dom-client.development.js:15159:11)
      at commitLayoutEffectOnFiber (node_modules/react-dom/cjs/react-dom-client.development.js:14031:11)
      at flushLayoutEffects (node_modules/react-dom/cjs/react-dom-client.development.js:18138:15)
      at commitRoot (node_modules/react-dom/cjs/react-dom-client.development.js:17954:9)
      at performWorkOnRoot (node_modules/react-dom/cjs/react-dom-client.development.js:16667:15)
      at performWorkOnRootViaSchedulerTask (node_modules/react-dom/cjs/react-dom-client.development.js:18957:7)
      at flushActQueue (node_modules/react/cjs/react.development.js:590:34)
      at process.env.NODE_ENV.exports.act (node_modules/react/cjs/react.development.js:884:10)
      at node_modules/@testing-library/react/dist/act-compat.js:47:25
      at renderRoot (node_modules/@testing-library/react/dist/pure.js:190:26)
      at render (node_modules/@testing-library/react/dist/pure.js:292:10)
      at Object.<anonymous> (src/components/ErrorBoundary.test.tsx:178:32)

    console.log
        Category: component

      at ErrorLoggingService.log [as reportToConsole] (src/services/errorLoggingService.ts:145:13)

    console.log
        URL: http://localhost/

      at ErrorLoggingService.log [as reportToConsole] (src/services/errorLoggingService.ts:146:13)

    console.log
        Timestamp: 2025-11-20T08:29:27.019Z

      at ErrorLoggingService.log [as reportToConsole] (src/services/errorLoggingService.ts:147:13)

    console.log
        Session ID: session_1763627366524_7goyutppx

      at ErrorLoggingService.log [as reportToConsole] (src/services/errorLoggingService.ts:148:13)

    console.log
        Stack Trace: Error: Test error
          at ThrowErrorComponent (/home/runner/work/Malnu-Kananga/Malnu-Kananga/src/components/ErrorBoundary.test.tsx:9:11)
          at Object.react_stack_bottom_frame (/home/runner/work/Malnu-Kananga/Malnu-Kananga/node_modules/react-dom/cjs/react-dom-client.development.js:25904:20)
          at renderWithHooks (/home/runner/work/Malnu-Kananga/Malnu-Kananga/node_modules/react-dom/cjs/react-dom-client.development.js:7662:22)
          at updateFunctionComponent (/home/runner/work/Malnu-Kananga/Malnu-Kananga/node_modules/react-dom/cjs/react-dom-client.development.js:10166:19)
          at beginWork (/home/runner/work/Malnu-Kananga/Malnu-Kananga/node_modules/react-dom/cjs/react-dom-client.development.js:11778:18)
          at runWithFiberInDEV (/home/runner/work/Malnu-Kananga/Malnu-Kananga/node_modules/react-dom/cjs/react-dom-client.development.js:874:13)
          at performUnitOfWork (/home/runner/work/Malnu-Kananga/Malnu-Kananga/node_modules/react-dom/cjs/react-dom-client.development.js:17641:22)
          at workLoopSync (/home/runner/work/Malnu-Kananga/Malnu-Kananga/node_modules/react-dom/cjs/react-dom-client.development.js:17469:41)
          at renderRootSync (/home/runner/work/Malnu-Kananga/Malnu-Kananga/node_modules/react-dom/cjs/react-dom-client.development.js:17450:11)
          at performWorkOnRoot (/home/runner/work/Malnu-Kananga/Malnu-Kananga/node_modules/react-dom/cjs/react-dom-client.development.js:16583:35)
          at performWorkOnRootViaSchedulerTask (/home/runner/work/Malnu-Kananga/Malnu-Kananga/node_modules/react-dom/cjs/react-dom-client.development.js:18957:7)
          at flushActQueue (/home/runner/work/Malnu-Kananga/Malnu-Kananga/node_modules/react/cjs/react.development.js:590:34)
          at process.env.NODE_ENV.exports.act (/home/runner/work/Malnu-Kananga/Malnu-Kananga/node_modules/react/cjs/react.development.js:884:10)
          at /home/runner/work/Malnu-Kananga/Malnu-Kananga/node_modules/@testing-library/react/dist/act-compat.js:47:25
          at renderRoot (/home/runner/work/Malnu-Kananga/Malnu-Kananga/node_modules/@testing-library/react/dist/pure.js:190:26)
          at render (/home/runner/work/Malnu-Kananga/Malnu-Kananga/node_modules/@testing-library/react/dist/pure.js:292:10)
          at Object.<anonymous> (/home/runner/work/Malnu-Kananga/Malnu-Kananga/src/components/ErrorBoundary.test.tsx:178:32)
          at Promise.finally.completed (/home/runner/work/Malnu-Kananga/Malnu-Kananga/node_modules/jest-circus/build/jestAdapterInit.js:1557:28)
          at new Promise (<anonymous>)
          at callAsyncCircusFn (/home/runner/work/Malnu-Kananga/Malnu-Kananga/node_modules/jest-circus/build/jestAdapterInit.js:1497:10)
          at _callCircusTest (/home/runner/work/Malnu-Kananga/Malnu-Kananga/node_modules/jest-circus/build/jestAdapterInit.js:1007:40)
          at processTicksAndRejections (node:internal/process/task_queues:95:5)
          at _runTest (/home/runner/work/Malnu-Kananga/Malnu-Kananga/node_modules/jest-circus/build/jestAdapterInit.js:947:3)
          at /home/runner/work/Malnu-Kananga/Malnu-Kananga/node_modules/jest-circus/build/jestAdapterInit.js:849:7
          at _runTestsForDescribeBlock (/home/runner/work/Malnu-Kananga/Malnu-Kananga/node_modules/jest-circus/build/jestAdapterInit.js:862:11)
          at _runTestsForDescribeBlock (/home/runner/work/Malnu-Kananga/Malnu-Kananga/node_modules/jest-circus/build/jestAdapterInit.js:857:11)
          at run (/home/runner/work/Malnu-Kananga/Malnu-Kananga/node_modules/jest-circus/build/jestAdapterInit.js:761:3)
          at runAndTransformResultsToJestFormat (/home/runner/work/Malnu-Kananga/Malnu-Kananga/node_modules/jest-circus/build/jestAdapterInit.js:1918:21)
          at jestAdapter (/home/runner/work/Malnu-Kananga/Malnu-Kananga/node_modules/jest-circus/build/runner.js:101:19)
          at runTestInternal (/home/runner/work/Malnu-Kananga/Malnu-Kananga/node_modules/jest-runner/build/testWorker.js:275:16)
          at runTest (/home/runner/work/Malnu-Kananga/Malnu-Kananga/node_modules/jest-runner/build/testWorker.js:343:7)
          at Object.worker (/home/runner/work/Malnu-Kananga/Malnu-Kananga/node_modules/jest-runner/build/testWorker.js:497:12)

      at ErrorLoggingService.log [as reportToConsole] (src/services/errorLoggingService.ts:151:15)

    console.log
        Component Stack: 
          at ThrowErrorComponent (/home/runner/work/Malnu-Kananga/Malnu-Kananga/src/components/ErrorBoundary.test.tsx:7:32)
          at ErrorBoundary (/home/runner/work/Malnu-Kananga/Malnu-Kananga/src/components/ErrorBoundary.tsx:2509:5)

      at ErrorLoggingService.log [as reportToConsole] (src/services/errorLoggingService.ts:155:15)

    console.log
        Metadata: {
        componentName: 'ErrorBoundary',
        props: [ 'children' ],
        hasCustomFallback: false,
        hasCustomErrorHandler: false
      }

      at ErrorLoggingService.log [as reportToConsole] (src/services/errorLoggingService.ts:159:15)

    console.group
        🚨 Error Log [MEDIUM]

      at ErrorLoggingService.group [as reportToConsole] (src/services/errorLoggingService.ts:143:13)

    console.warn
        Message: Test error

    [0m [90m 142 |[39m
     [90m 143 |[39m     console[33m.[39mgroup([32m`🚨 Error Log [${errorLog.severity.toUpperCase()}]`[39m)[33m;[39m
    [31m[1m>[22m[39m[90m 144 |[39m     console[logMethod]([32m`Message: ${errorLog.message}`[39m)[33m;[39m
     [90m     |[39m                       [31m[1m^[22m[39m
     [90m 145 |[39m     console[33m.[39mlog([32m`Category: ${errorLog.category}`[39m)[33m;[39m
     [90m 146 |[39m     console[33m.[39mlog([32m`URL: ${errorLog.url}`[39m)[33m;[39m
     [90m 147 |[39m     console[33m.[39mlog([32m`Timestamp: ${errorLog.timestamp}`[39m)[33m;[39m[0m

      at ErrorLoggingService.reportToConsole (src/services/errorLoggingService.ts:144:23)
      at ErrorLoggingService.reportToConsole [as logError] (src/services/errorLoggingService.ts:195:10)
      at ErrorLoggingService.logError [as logErrorBoundary] (src/services/errorLoggingService.ts:203:16)
      at ErrorBoundary.logErrorBoundary [as componentDidCatch] (src/components/ErrorBoundary.tsx:32:25)
      at Object.react_stack_bottom_frame (node_modules/react-dom/cjs/react-dom-client.development.js:25959:20)
      at ErrorBoundary.inst.componentDidCatch.update.callback (node_modules/react-dom/cjs/react-dom-client.development.js:9504:11)
      at callCallback (node_modules/react-dom/cjs/react-dom-client.development.js:7423:16)
      at commitCallbacks (node_modules/react-dom/cjs/react-dom-client.development.js:7443:11)
      at runWithFiberInDEV (node_modules/react-dom/cjs/react-dom-client.development.js:874:13)
      at commitClassCallbacks (node_modules/react-dom/cjs/react-dom-client.development.js:13377:11)
      at commitLayoutEffectOnFiber (node_modules/react-dom/cjs/react-dom-client.development.js:14026:25)
      at recursivelyTraverseLayoutEffects (node_modules/react-dom/cjs/react-dom-client.development.js:15159:11)
      at commitLayoutEffectOnFiber (node_modules/react-dom/cjs/react-dom-client.development.js:14031:11)
      at flushLayoutEffects (node_modules/react-dom/cjs/react-dom-client.development.js:18138:15)
      at commitRoot (node_modules/react-dom/cjs/react-dom-client.development.js:17954:9)
      at performWorkOnRoot (node_modules/react-dom/cjs/react-dom-client.development.js:16667:15)
      at performSyncWorkOnRoot (node_modules/react-dom/cjs/react-dom-client.development.js:18972:7)
      at flushSyncWorkAcrossRoots_impl (node_modules/react-dom/cjs/react-dom-client.development.js:18814:21)
      at processRootScheduleInMicrotask (node_modules/react-dom/cjs/react-dom-client.development.js:18853:9)
      at node_modules/react-dom/cjs/react-dom-client.development.js:18982:11
      at flushActQueue (node_modules/react/cjs/react.development.js:590:34)
      at process.env.NODE_ENV.exports.act (node_modules/react/cjs/react.development.js:884:10)
      at node_modules/@testing-library/react/dist/act-compat.js:47:25
      at Object.eventWrapper (node_modules/@testing-library/react/dist/pure.js:107:28)
      at fireEvent (node_modules/@testing-library/dom/dist/events.js:12:35)
      at Function.fireEvent.<computed> [as click] (node_modules/@testing-library/dom/dist/events.js:110:36)
      at Function.fireEvent.<computed> [as click] (node_modules/@testing-library/react/dist/fire-event.js:15:52)
      at Object.<anonymous> (src/components/ErrorBoundary.test.tsx:188:15)

    console.log
        Category: component

      at ErrorLoggingService.log [as reportToConsole] (src/services/errorLoggingService.ts:145:13)

    console.log
        URL: http://localhost/

      at ErrorLoggingService.log [as reportToConsole] (src/services/errorLoggingService.ts:146:13)

    console.log
        Timestamp: 2025-11-20T08:29:27.038Z

      at ErrorLoggingService.log [as reportToConsole] (src/services/errorLoggingService.ts:147:13)

    console.log
        Session ID: session_1763627366524_7goyutppx

      at ErrorLoggingService.log [as reportToConsole] (src/services/errorLoggingService.ts:148:13)

    console.log
        Stack Trace: Error: Test error
          at ThrowErrorComponent (/home/runner/work/Malnu-Kananga/Malnu-Kananga/src/components/ErrorBoundary.test.tsx:9:11)
          at Object.react_stack_bottom_frame (/home/runner/work/Malnu-Kananga/Malnu-Kananga/node_modules/react-dom/cjs/react-dom-client.development.js:25904:20)
          at renderWithHooks (/home/runner/work/Malnu-Kananga/Malnu-Kananga/node_modules/react-dom/cjs/react-dom-client.development.js:7662:22)
          at updateFunctionComponent (/home/runner/work/Malnu-Kananga/Malnu-Kananga/node_modules/react-dom/cjs/react-dom-client.development.js:10166:19)
          at beginWork (/home/runner/work/Malnu-Kananga/Malnu-Kananga/node_modules/react-dom/cjs/react-dom-client.development.js:11778:18)
          at runWithFiberInDEV (/home/runner/work/Malnu-Kananga/Malnu-Kananga/node_modules/react-dom/cjs/react-dom-client.development.js:874:13)
          at performUnitOfWork (/home/runner/work/Malnu-Kananga/Malnu-Kananga/node_modules/react-dom/cjs/react-dom-client.development.js:17641:22)
          at workLoopSync (/home/runner/work/Malnu-Kananga/Malnu-Kananga/node_modules/react-dom/cjs/react-dom-client.development.js:17469:41)
          at renderRootSync (/home/runner/work/Malnu-Kananga/Malnu-Kananga/node_modules/react-dom/cjs/react-dom-client.development.js:17450:11)
          at performWorkOnRoot (/home/runner/work/Malnu-Kananga/Malnu-Kananga/node_modules/react-dom/cjs/react-dom-client.development.js:16583:35)
          at performSyncWorkOnRoot (/home/runner/work/Malnu-Kananga/Malnu-Kananga/node_modules/react-dom/cjs/react-dom-client.development.js:18972:7)
          at flushSyncWorkAcrossRoots_impl (/home/runner/work/Malnu-Kananga/Malnu-Kananga/node_modules/react-dom/cjs/react-dom-client.development.js:18814:21)
          at processRootScheduleInMicrotask (/home/runner/work/Malnu-Kananga/Malnu-Kananga/node_modules/react-dom/cjs/react-dom-client.development.js:18853:9)
          at /home/runner/work/Malnu-Kananga/Malnu-Kananga/node_modules/react-dom/cjs/react-dom-client.development.js:18982:11
          at flushActQueue (/home/runner/work/Malnu-Kananga/Malnu-Kananga/node_modules/react/cjs/react.development.js:590:34)
          at process.env.NODE_ENV.exports.act (/home/runner/work/Malnu-Kananga/Malnu-Kananga/node_modules/react/cjs/react.development.js:884:10)
          at /home/runner/work/Malnu-Kananga/Malnu-Kananga/node_modules/@testing-library/react/dist/act-compat.js:47:25
          at Object.eventWrapper (/home/runner/work/Malnu-Kananga/Malnu-Kananga/node_modules/@testing-library/react/dist/pure.js:107:28)
          at fireEvent (/home/runner/work/Malnu-Kananga/Malnu-Kananga/node_modules/@testing-library/dom/dist/events.js:12:35)
          at Function.fireEvent.<computed> [as click] (/home/runner/work/Malnu-Kananga/Malnu-Kananga/node_modules/@testing-library/dom/dist/events.js:110:36)
          at Function.fireEvent.<computed> [as click] (/home/runner/work/Malnu-Kananga/Malnu-Kananga/node_modules/@testing-library/react/dist/fire-event.js:15:52)
          at Object.<anonymous> (/home/runner/work/Malnu-Kananga/Malnu-Kananga/src/components/ErrorBoundary.test.tsx:188:15)
          at Promise.finally.completed (/home/runner/work/Malnu-Kananga/Malnu-Kananga/node_modules/jest-circus/build/jestAdapterInit.js:1557:28)
          at new Promise (<anonymous>)
          at callAsyncCircusFn (/home/runner/work/Malnu-Kananga/Malnu-Kananga/node_modules/jest-circus/build/jestAdapterInit.js:1497:10)
          at _callCircusTest (/home/runner/work/Malnu-Kananga/Malnu-Kananga/node_modules/jest-circus/build/jestAdapterInit.js:1007:40)
          at processTicksAndRejections (node:internal/process/task_queues:95:5)
          at _runTest (/home/runner/work/Malnu-Kananga/Malnu-Kananga/node_modules/jest-circus/build/jestAdapterInit.js:947:3)
          at /home/runner/work/Malnu-Kananga/Malnu-Kananga/node_modules/jest-circus/build/jestAdapterInit.js:849:7
          at _runTestsForDescribeBlock (/home/runner/work/Malnu-Kananga/Malnu-Kananga/node_modules/jest-circus/build/jestAdapterInit.js:862:11)
          at _runTestsForDescribeBlock (/home/runner/work/Malnu-Kananga/Malnu-Kananga/node_modules/jest-circus/build/jestAdapterInit.js:857:11)
          at run (/home/runner/work/Malnu-Kananga/Malnu-Kananga/node_modules/jest-circus/build/jestAdapterInit.js:761:3)
          at runAndTransformResultsToJestFormat (/home/runner/work/Malnu-Kananga/Malnu-Kananga/node_modules/jest-circus/build/jestAdapterInit.js:1918:21)
          at jestAdapter (/home/runner/work/Malnu-Kananga/Malnu-Kananga/node_modules/jest-circus/build/runner.js:101:19)
          at runTestInternal (/home/runner/work/Malnu-Kananga/Malnu-Kananga/node_modules/jest-runner/build/testWorker.js:275:16)
          at runTest (/home/runner/work/Malnu-Kananga/Malnu-Kananga/node_modules/jest-runner/build/testWorker.js:343:7)
          at Object.worker (/home/runner/work/Malnu-Kananga/Malnu-Kananga/node_modules/jest-runner/build/testWorker.js:497:12)

      at ErrorLoggingService.log [as reportToConsole] (src/services/errorLoggingService.ts:151:15)

    console.log
        Component Stack: 
          at ThrowErrorComponent (/home/runner/work/Malnu-Kananga/Malnu-Kananga/src/components/ErrorBoundary.test.tsx:7:32)
          at ErrorBoundary (/home/runner/work/Malnu-Kananga/Malnu-Kananga/src/components/ErrorBoundary.tsx:2509:5)

      at ErrorLoggingService.log [as reportToConsole] (src/services/errorLoggingService.ts:155:15)

    console.log
        Metadata: {
        componentName: 'ErrorBoundary',
        props: [ 'children' ],
        hasCustomFallback: false,
        hasCustomErrorHandler: false
      }

      at ErrorLoggingService.log [as reportToConsole] (src/services/errorLoggingService.ts:159:15)

    console.error
      Error: HOC Error
          at ErrorComponent (/home/runner/work/Malnu-Kananga/Malnu-Kananga/src/components/ErrorBoundary.test.tsx:212:13)
          at Object.react_stack_bottom_frame (/home/runner/work/Malnu-Kananga/Malnu-Kananga/node_modules/react-dom/cjs/react-dom-client.development.js:25904:20)
          at renderWithHooks (/home/runner/work/Malnu-Kananga/Malnu-Kananga/node_modules/react-dom/cjs/react-dom-client.development.js:7662:22)
          at updateFunctionComponent (/home/runner/work/Malnu-Kananga/Malnu-Kananga/node_modules/react-dom/cjs/react-dom-client.development.js:10166:19)
          at beginWork (/home/runner/work/Malnu-Kananga/Malnu-Kananga/node_modules/react-dom/cjs/react-dom-client.development.js:11778:18)
          at runWithFiberInDEV (/home/runner/work/Malnu-Kananga/Malnu-Kananga/node_modules/react-dom/cjs/react-dom-client.development.js:874:13)
          at performUnitOfWork (/home/runner/work/Malnu-Kananga/Malnu-Kananga/node_modules/react-dom/cjs/react-dom-client.development.js:17641:22)
          at workLoopSync (/home/runner/work/Malnu-Kananga/Malnu-Kananga/node_modules/react-dom/cjs/react-dom-client.development.js:17469:41)
          at renderRootSync (/home/runner/work/Malnu-Kananga/Malnu-Kananga/node_modules/react-dom/cjs/react-dom-client.development.js:17450:11)
          at performWorkOnRoot (/home/runner/work/Malnu-Kananga/Malnu-Kananga/node_modules/react-dom/cjs/react-dom-client.development.js:16583:35)
          at performWorkOnRootViaSchedulerTask (/home/runner/work/Malnu-Kananga/Malnu-Kananga/node_modules/react-dom/cjs/react-dom-client.development.js:18957:7)
          at flushActQueue (/home/runner/work/Malnu-Kananga/Malnu-Kananga/node_modules/react/cjs/react.development.js:590:34)
          at process.env.NODE_ENV.exports.act (/home/runner/work/Malnu-Kananga/Malnu-Kananga/node_modules/react/cjs/react.development.js:884:10)
          at /home/runner/work/Malnu-Kananga/Malnu-Kananga/node_modules/@testing-library/react/dist/act-compat.js:47:25
          at renderRoot (/home/runner/work/Malnu-Kananga/Malnu-Kananga/node_modules/@testing-library/react/dist/pure.js:190:26)
          at render (/home/runner/work/Malnu-Kananga/Malnu-Kananga/node_modules/@testing-library/react/dist/pure.js:292:10)
          at Object.<anonymous> (/home/runner/work/Malnu-Kananga/Malnu-Kananga/src/components/ErrorBoundary.test.tsx:216:11)
          at Promise.finally.completed (/home/runner/work/Malnu-Kananga/Malnu-Kananga/node_modules/jest-circus/build/jestAdapterInit.js:1557:28)
          at new Promise (<anonymous>)
          at callAsyncCircusFn (/home/runner/work/Malnu-Kananga/Malnu-Kananga/node_modules/jest-circus/build/jestAdapterInit.js:1497:10)
          at _callCircusTest (/home/runner/work/Malnu-Kananga/Malnu-Kananga/node_modules/jest-circus/build/jestAdapterInit.js:1007:40)
          at processTicksAndRejections (node:internal/process/task_queues:95:5)
          at _runTest (/home/runner/work/Malnu-Kananga/Malnu-Kananga/node_modules/jest-circus/build/jestAdapterInit.js:947:3)
          at /home/runner/work/Malnu-Kananga/Malnu-Kananga/node_modules/jest-circus/build/jestAdapterInit.js:849:7
          at _runTestsForDescribeBlock (/home/runner/work/Malnu-Kananga/Malnu-Kananga/node_modules/jest-circus/build/jestAdapterInit.js:862:11)
          at _runTestsForDescribeBlock (/home/runner/work/Malnu-Kananga/Malnu-Kananga/node_modules/jest-circus/build/jestAdapterInit.js:857:11)
          at run (/home/runner/work/Malnu-Kananga/Malnu-Kananga/node_modules/jest-circus/build/jestAdapterInit.js:761:3)
          at runAndTransformResultsToJestFormat (/home/runner/work/Malnu-Kananga/Malnu-Kananga/node_modules/jest-circus/build/jestAdapterInit.js:1918:21)
          at jestAdapter (/home/runner/work/Malnu-Kananga/Malnu-Kananga/node_modules/jest-circus/build/runner.js:101:19)
          at runTestInternal (/home/runner/work/Malnu-Kananga/Malnu-Kananga/node_modules/jest-runner/build/testWorker.js:275:16)
          at runTest (/home/runner/work/Malnu-Kananga/Malnu-Kananga/node_modules/jest-runner/build/testWorker.js:343:7)
          at Object.worker (/home/runner/work/Malnu-Kananga/Malnu-Kananga/node_modules/jest-runner/build/testWorker.js:497:12) {
        [stack]: 'Error: HOC Error\n' +
          '    at ErrorComponent (/home/runner/work/Malnu-Kananga/Malnu-Kananga/src/components/ErrorBoundary.test.tsx:212:13)\n' +
          '    at Object.react_stack_bottom_frame (/home/runner/work/Malnu-Kananga/Malnu-Kananga/node_modules/react-dom/cjs/react-dom-client.development.js:25904:20)\n' +
          '    at renderWithHooks (/home/runner/work/Malnu-Kananga/Malnu-Kananga/node_modules/react-dom/cjs/react-dom-client.development.js:7662:22)\n' +
          '    at updateFunctionComponent (/home/runner/work/Malnu-Kananga/Malnu-Kananga/node_modules/react-dom/cjs/react-dom-client.development.js:10166:19)\n' +
          '    at beginWork (/home/runner/work/Malnu-Kananga/Malnu-Kananga/node_modules/react-dom/cjs/react-dom-client.development.js:11778:18)\n' +
          '    at runWithFiberInDEV (/home/runner/work/Malnu-Kananga/Malnu-Kananga/node_modules/react-dom/cjs/react-dom-client.development.js:874:13)\n' +
          '    at performUnitOfWork (/home/runner/work/Malnu-Kananga/Malnu-Kananga/node_modules/react-dom/cjs/react-dom-client.development.js:17641:22)\n' +
          '    at workLoopSync (/home/runner/work/Malnu-Kananga/Malnu-Kananga/node_modules/react-dom/cjs/react-dom-client.development.js:17469:41)\n' +
          '    at renderRootSync (/home/runner/work/Malnu-Kananga/Malnu-Kananga/node_modules/react-dom/cjs/react-dom-client.development.js:17450:11)\n' +
          '    at performWorkOnRoot (/home/runner/work/Malnu-Kananga/Malnu-Kananga/node_modules/react-dom/cjs/react-dom-client.development.js:16583:35)\n' +
          '    at performWorkOnRootViaSchedulerTask (/home/runner/work/Malnu-Kananga/Malnu-Kananga/node_modules/react-dom/cjs/react-dom-client.development.js:18957:7)\n' +
          '    at flushActQueue (/home/runner/work/Malnu-Kananga/Malnu-Kananga/node_modules/react/cjs/react.development.js:590:34)\n' +
          '    at process.env.NODE_ENV.exports.act (/home/runner/work/Malnu-Kananga/Malnu-Kananga/node_modules/react/cjs/react.development.js:884:10)\n' +
          '    at /home/runner/work/Malnu-Kananga/Malnu-Kananga/node_modules/@testing-library/react/dist/act-compat.js:47:25\n' +
          '    at renderRoot (/home/runner/work/Malnu-Kananga/Malnu-Kananga/node_modules/@testing-library/react/dist/pure.js:190:26)\n' +
          '    at render (/home/runner/work/Malnu-Kananga/Malnu-Kananga/node_modules/@testing-library/react/dist/pure.js:292:10)\n' +
          '    at Object.<anonymous> (/home/runner/work/Malnu-Kananga/Malnu-Kananga/src/components/ErrorBoundary.test.tsx:216:11)\n' +
          '    at Promise.finally.completed (/home/runner/work/Malnu-Kananga/Malnu-Kananga/node_modules/jest-circus/build/jestAdapterInit.js:1557:28)\n' +
          '    at new Promise (<anonymous>)\n' +
          '    at callAsyncCircusFn (/home/runner/work/Malnu-Kananga/Malnu-Kananga/node_modules/jest-circus/build/jestAdapterInit.js:1497:10)\n' +
          '    at _callCircusTest (/home/runner/work/Malnu-Kananga/Malnu-Kananga/node_modules/jest-circus/build/jestAdapterInit.js:1007:40)\n' +
          '    at processTicksAndRejections (node:internal/process/task_queues:95:5)\n' +
          '    at _runTest (/home/runner/work/Malnu-Kananga/Malnu-Kananga/node_modules/jest-circus/build/jestAdapterInit.js:947:3)\n' +
          '    at /home/runner/work/Malnu-Kananga/Malnu-Kananga/node_modules/jest-circus/build/jestAdapterInit.js:849:7\n' +
          '    at _runTestsForDescribeBlock (/home/runner/work/Malnu-Kananga/Malnu-Kananga/node_modules/jest-circus/build/jestAdapterInit.js:862:11)\n' +
          '    at _runTestsForDescribeBlock (/home/runner/work/Malnu-Kananga/Malnu-Kananga/node_modules/jest-circus/build/jestAdapterInit.js:857:11)\n' +
          '    at run (/home/runner/work/Malnu-Kananga/Malnu-Kananga/node_modules/jest-circus/build/jestAdapterInit.js:761:3)\n' +
          '    at runAndTransformResultsToJestFormat (/home/runner/work/Malnu-Kananga/Malnu-Kananga/node_modules/jest-circus/build/jestAdapterInit.js:1918:21)\n' +
          '    at jestAdapter (/home/runner/work/Malnu-Kananga/Malnu-Kananga/node_modules/jest-circus/build/runner.js:101:19)\n' +
          '    at runTestInternal (/home/runner/work/Malnu-Kananga/Malnu-Kananga/node_modules/jest-runner/build/testWorker.js:275:16)\n' +
          '    at runTest (/home/runner/work/Malnu-Kananga/Malnu-Kananga/node_modules/jest-runner/build/testWorker.js:343:7)\n' +
          '    at Object.worker (/home/runner/work/Malnu-Kananga/Malnu-Kananga/node_modules/jest-runner/build/testWorker.js:497:12)',
        [message]: 'HOC Error'
      }
      
      The above error occurred in the <ErrorComponent> component.
      
      React will try to recreate this component tree from scratch using the error boundary you provided, ErrorBoundary.

    [0m [90m 214 |[39m     [36mconst[39m [33mWrappedComponent[39m [33m=[39m withErrorBoundary([33mErrorComponent[39m)[33m;[39m
     [90m 215 |[39m
    [31m[1m>[22m[39m[90m 216 |[39m     render([33m<[39m[33mWrappedComponent[39m [33m/[39m[33m>[39m)[33m;[39m
     [90m     |[39m           [31m[1m^[22m[39m
     [90m 217 |[39m
     [90m 218 |[39m     expect(screen[33m.[39mgetByText([32m'Terjadi Kesalahan'[39m))[33m.[39mtoBeInTheDocument()[33m;[39m
     [90m 219 |[39m   })[33m;[39m[0m

      at defaultOnCaughtError (node_modules/react-dom/cjs/react-dom-client.development.js:9410:17)
      at logCaughtError (node_modules/react-dom/cjs/react-dom-client.development.js:9446:9)
      at runWithFiberInDEV (node_modules/react-dom/cjs/react-dom-client.development.js:874:13)
      at ErrorBoundary.inst.componentDidCatch.update.callback (node_modules/react-dom/cjs/react-dom-client.development.js:9493:11)
      at callCallback (node_modules/react-dom/cjs/react-dom-client.development.js:7423:16)
      at commitCallbacks (node_modules/react-dom/cjs/react-dom-client.development.js:7443:11)
      at runWithFiberInDEV (node_modules/react-dom/cjs/react-dom-client.development.js:874:13)
      at commitClassCallbacks (node_modules/react-dom/cjs/react-dom-client.development.js:13377:11)
      at commitLayoutEffectOnFiber (node_modules/react-dom/cjs/react-dom-client.development.js:14026:25)
      at recursivelyTraverseLayoutEffects (node_modules/react-dom/cjs/react-dom-client.development.js:15159:11)
      at commitLayoutEffectOnFiber (node_modules/react-dom/cjs/react-dom-client.development.js:13949:11)
      at recursivelyTraverseLayoutEffects (node_modules/react-dom/cjs/react-dom-client.development.js:15159:11)
      at commitLayoutEffectOnFiber (node_modules/react-dom/cjs/react-dom-client.development.js:14031:11)
      at flushLayoutEffects (node_modules/react-dom/cjs/react-dom-client.development.js:18138:15)
      at commitRoot (node_modules/react-dom/cjs/react-dom-client.development.js:17954:9)
      at performWorkOnRoot (node_modules/react-dom/cjs/react-dom-client.development.js:16667:15)
      at performWorkOnRootViaSchedulerTask (node_modules/react-dom/cjs/react-dom-client.development.js:18957:7)
      at flushActQueue (node_modules/react/cjs/react.development.js:590:34)
      at process.env.NODE_ENV.exports.act (node_modules/react/cjs/react.development.js:884:10)
      at node_modules/@testing-library/react/dist/act-compat.js:47:25
      at renderRoot (node_modules/@testing-library/react/dist/pure.js:190:26)
      at render (node_modules/@testing-library/react/dist/pure.js:292:10)
      at Object.<anonymous> (src/components/ErrorBoundary.test.tsx:216:11)

    console.group
        🚨 Error Log [MEDIUM]

      at ErrorLoggingService.group [as reportToConsole] (src/services/errorLoggingService.ts:143:13)

    console.warn
        Message: HOC Error

    [0m [90m 142 |[39m
     [90m 143 |[39m     console[33m.[39mgroup([32m`🚨 Error Log [${errorLog.severity.toUpperCase()}]`[39m)[33m;[39m
    [31m[1m>[22m[39m[90m 144 |[39m     console[logMethod]([32m`Message: ${errorLog.message}`[39m)[33m;[39m
     [90m     |[39m                       [31m[1m^[22m[39m
     [90m 145 |[39m     console[33m.[39mlog([32m`Category: ${errorLog.category}`[39m)[33m;[39m
     [90m 146 |[39m     console[33m.[39mlog([32m`URL: ${errorLog.url}`[39m)[33m;[39m
     [90m 147 |[39m     console[33m.[39mlog([32m`Timestamp: ${errorLog.timestamp}`[39m)[33m;[39m[0m

      at ErrorLoggingService.reportToConsole (src/services/errorLoggingService.ts:144:23)
      at ErrorLoggingService.reportToConsole [as logError] (src/services/errorLoggingService.ts:195:10)
      at ErrorLoggingService.logError [as logErrorBoundary] (src/services/errorLoggingService.ts:203:16)
      at ErrorBoundary.logErrorBoundary [as componentDidCatch] (src/components/ErrorBoundary.tsx:32:25)
      at Object.react_stack_bottom_frame (node_modules/react-dom/cjs/react-dom-client.development.js:25959:20)
      at ErrorBoundary.inst.componentDidCatch.update.callback (node_modules/react-dom/cjs/react-dom-client.development.js:9504:11)
      at callCallback (node_modules/react-dom/cjs/react-dom-client.development.js:7423:16)
      at commitCallbacks (node_modules/react-dom/cjs/react-dom-client.development.js:7443:11)
      at runWithFiberInDEV (node_modules/react-dom/cjs/react-dom-client.development.js:874:13)
      at commitClassCallbacks (node_modules/react-dom/cjs/react-dom-client.development.js:13377:11)
      at commitLayoutEffectOnFiber (node_modules/react-dom/cjs/react-dom-client.development.js:14026:25)
      at recursivelyTraverseLayoutEffects (node_modules/react-dom/cjs/react-dom-client.development.js:15159:11)
      at commitLayoutEffectOnFiber (node_modules/react-dom/cjs/react-dom-client.development.js:13949:11)
      at recursivelyTraverseLayoutEffects (node_modules/react-dom/cjs/react-dom-client.development.js:15159:11)
      at commitLayoutEffectOnFiber (node_modules/react-dom/cjs/react-dom-client.development.js:14031:11)
      at flushLayoutEffects (node_modules/react-dom/cjs/react-dom-client.development.js:18138:15)
      at commitRoot (node_modules/react-dom/cjs/react-dom-client.development.js:17954:9)
      at performWorkOnRoot (node_modules/react-dom/cjs/react-dom-client.development.js:16667:15)
      at performWorkOnRootViaSchedulerTask (node_modules/react-dom/cjs/react-dom-client.development.js:18957:7)
      at flushActQueue (node_modules/react/cjs/react.development.js:590:34)
      at process.env.NODE_ENV.exports.act (node_modules/react/cjs/react.development.js:884:10)
      at node_modules/@testing-library/react/dist/act-compat.js:47:25
      at renderRoot (node_modules/@testing-library/react/dist/pure.js:190:26)
      at render (node_modules/@testing-library/react/dist/pure.js:292:10)
      at Object.<anonymous> (src/components/ErrorBoundary.test.tsx:216:11)

    console.log
        Category: component

      at ErrorLoggingService.log [as reportToConsole] (src/services/errorLoggingService.ts:145:13)

    console.log
        URL: http://localhost/

      at ErrorLoggingService.log [as reportToConsole] (src/services/errorLoggingService.ts:146:13)

    console.log
        Timestamp: 2025-11-20T08:29:27.070Z

      at ErrorLoggingService.log [as reportToConsole] (src/services/errorLoggingService.ts:147:13)

    console.log
        Session ID: session_1763627366524_7goyutppx

      at ErrorLoggingService.log [as reportToConsole] (src/services/errorLoggingService.ts:148:13)

    console.log
        Stack Trace: Error: HOC Error
          at ErrorComponent (/home/runner/work/Malnu-Kananga/Malnu-Kananga/src/components/ErrorBoundary.test.tsx:212:13)
          at Object.react_stack_bottom_frame (/home/runner/work/Malnu-Kananga/Malnu-Kananga/node_modules/react-dom/cjs/react-dom-client.development.js:25904:20)
          at renderWithHooks (/home/runner/work/Malnu-Kananga/Malnu-Kananga/node_modules/react-dom/cjs/react-dom-client.development.js:7662:22)
          at updateFunctionComponent (/home/runner/work/Malnu-Kananga/Malnu-Kananga/node_modules/react-dom/cjs/react-dom-client.development.js:10166:19)
          at beginWork (/home/runner/work/Malnu-Kananga/Malnu-Kananga/node_modules/react-dom/cjs/react-dom-client.development.js:11778:18)
          at runWithFiberInDEV (/home/runner/work/Malnu-Kananga/Malnu-Kananga/node_modules/react-dom/cjs/react-dom-client.development.js:874:13)
          at performUnitOfWork (/home/runner/work/Malnu-Kananga/Malnu-Kananga/node_modules/react-dom/cjs/react-dom-client.development.js:17641:22)
          at workLoopSync (/home/runner/work/Malnu-Kananga/Malnu-Kananga/node_modules/react-dom/cjs/react-dom-client.development.js:17469:41)
          at renderRootSync (/home/runner/work/Malnu-Kananga/Malnu-Kananga/node_modules/react-dom/cjs/react-dom-client.development.js:17450:11)
          at performWorkOnRoot (/home/runner/work/Malnu-Kananga/Malnu-Kananga/node_modules/react-dom/cjs/react-dom-client.development.js:16583:35)
          at performWorkOnRootViaSchedulerTask (/home/runner/work/Malnu-Kananga/Malnu-Kananga/node_modules/react-dom/cjs/react-dom-client.development.js:18957:7)
          at flushActQueue (/home/runner/work/Malnu-Kananga/Malnu-Kananga/node_modules/react/cjs/react.development.js:590:34)
          at process.env.NODE_ENV.exports.act (/home/runner/work/Malnu-Kananga/Malnu-Kananga/node_modules/react/cjs/react.development.js:884:10)
          at /home/runner/work/Malnu-Kananga/Malnu-Kananga/node_modules/@testing-library/react/dist/act-compat.js:47:25
          at renderRoot (/home/runner/work/Malnu-Kananga/Malnu-Kananga/node_modules/@testing-library/react/dist/pure.js:190:26)
          at render (/home/runner/work/Malnu-Kananga/Malnu-Kananga/node_modules/@testing-library/react/dist/pure.js:292:10)
          at Object.<anonymous> (/home/runner/work/Malnu-Kananga/Malnu-Kananga/src/components/ErrorBoundary.test.tsx:216:11)
          at Promise.finally.completed (/home/runner/work/Malnu-Kananga/Malnu-Kananga/node_modules/jest-circus/build/jestAdapterInit.js:1557:28)
          at new Promise (<anonymous>)
          at callAsyncCircusFn (/home/runner/work/Malnu-Kananga/Malnu-Kananga/node_modules/jest-circus/build/jestAdapterInit.js:1497:10)
          at _callCircusTest (/home/runner/work/Malnu-Kananga/Malnu-Kananga/node_modules/jest-circus/build/jestAdapterInit.js:1007:40)
          at processTicksAndRejections (node:internal/process/task_queues:95:5)
          at _runTest (/home/runner/work/Malnu-Kananga/Malnu-Kananga/node_modules/jest-circus/build/jestAdapterInit.js:947:3)
          at /home/runner/work/Malnu-Kananga/Malnu-Kananga/node_modules/jest-circus/build/jestAdapterInit.js:849:7
          at _runTestsForDescribeBlock (/home/runner/work/Malnu-Kananga/Malnu-Kananga/node_modules/jest-circus/build/jestAdapterInit.js:862:11)
          at _runTestsForDescribeBlock (/home/runner/work/Malnu-Kananga/Malnu-Kananga/node_modules/jest-circus/build/jestAdapterInit.js:857:11)
          at run (/home/runner/work/Malnu-Kananga/Malnu-Kananga/node_modules/jest-circus/build/jestAdapterInit.js:761:3)
          at runAndTransformResultsToJestFormat (/home/runner/work/Malnu-Kananga/Malnu-Kananga/node_modules/jest-circus/build/jestAdapterInit.js:1918:21)
          at jestAdapter (/home/runner/work/Malnu-Kananga/Malnu-Kananga/node_modules/jest-circus/build/runner.js:101:19)
          at runTestInternal (/home/runner/work/Malnu-Kananga/Malnu-Kananga/node_modules/jest-runner/build/testWorker.js:275:16)
          at runTest (/home/runner/work/Malnu-Kananga/Malnu-Kananga/node_modules/jest-runner/build/testWorker.js:343:7)
          at Object.worker (/home/runner/work/Malnu-Kananga/Malnu-Kananga/node_modules/jest-runner/build/testWorker.js:497:12)

      at ErrorLoggingService.log [as reportToConsole] (src/services/errorLoggingService.ts:151:15)

    console.log
        Component Stack: 
          at ErrorComponent (/home/runner/work/Malnu-Kananga/Malnu-Kananga/src/components/ErrorBoundary.test.tsx:212:13)
          at ErrorBoundary (/home/runner/work/Malnu-Kananga/Malnu-Kananga/src/components/ErrorBoundary.tsx:2509:5)
          at withErrorBoundary(ErrorComponent) (<anonymous>)

      at ErrorLoggingService.log [as reportToConsole] (src/services/errorLoggingService.ts:155:15)

    console.log
        Metadata: {
        componentName: 'ErrorBoundary',
        props: [ 'fallback', 'onError', 'children' ],
        hasCustomFallback: false,
        hasCustomErrorHandler: false
      }

      at ErrorLoggingService.log [as reportToConsole] (src/services/errorLoggingService.ts:159:15)

    console.error
      Error: HOC Error
          at ErrorComponent (/home/runner/work/Malnu-Kananga/Malnu-Kananga/src/components/ErrorBoundary.test.tsx:223:13)
          at Object.react_stack_bottom_frame (/home/runner/work/Malnu-Kananga/Malnu-Kananga/node_modules/react-dom/cjs/react-dom-client.development.js:25904:20)
          at renderWithHooks (/home/runner/work/Malnu-Kananga/Malnu-Kananga/node_modules/react-dom/cjs/react-dom-client.development.js:7662:22)
          at updateFunctionComponent (/home/runner/work/Malnu-Kananga/Malnu-Kananga/node_modules/react-dom/cjs/react-dom-client.development.js:10166:19)
          at beginWork (/home/runner/work/Malnu-Kananga/Malnu-Kananga/node_modules/react-dom/cjs/react-dom-client.development.js:11778:18)
          at runWithFiberInDEV (/home/runner/work/Malnu-Kananga/Malnu-Kananga/node_modules/react-dom/cjs/react-dom-client.development.js:874:13)
          at performUnitOfWork (/home/runner/work/Malnu-Kananga/Malnu-Kananga/node_modules/react-dom/cjs/react-dom-client.development.js:17641:22)
          at workLoopSync (/home/runner/work/Malnu-Kananga/Malnu-Kananga/node_modules/react-dom/cjs/react-dom-client.development.js:17469:41)
          at renderRootSync (/home/runner/work/Malnu-Kananga/Malnu-Kananga/node_modules/react-dom/cjs/react-dom-client.development.js:17450:11)
          at performWorkOnRoot (/home/runner/work/Malnu-Kananga/Malnu-Kananga/node_modules/react-dom/cjs/react-dom-client.development.js:16583:35)
          at performWorkOnRootViaSchedulerTask (/home/runner/work/Malnu-Kananga/Malnu-Kananga/node_modules/react-dom/cjs/react-dom-client.development.js:18957:7)
          at flushActQueue (/home/runner/work/Malnu-Kananga/Malnu-Kananga/node_modules/react/cjs/react.development.js:590:34)
          at process.env.NODE_ENV.exports.act (/home/runner/work/Malnu-Kananga/Malnu-Kananga/node_modules/react/cjs/react.development.js:884:10)
          at /home/runner/work/Malnu-Kananga/Malnu-Kananga/node_modules/@testing-library/react/dist/act-compat.js:47:25
          at renderRoot (/home/runner/work/Malnu-Kananga/Malnu-Kananga/node_modules/@testing-library/react/dist/pure.js:190:26)
          at render (/home/runner/work/Malnu-Kananga/Malnu-Kananga/node_modules/@testing-library/react/dist/pure.js:292:10)
          at Object.<anonymous> (/home/runner/work/Malnu-Kananga/Malnu-Kananga/src/components/ErrorBoundary.test.tsx:228:11)
          at Promise.finally.completed (/home/runner/work/Malnu-Kananga/Malnu-Kananga/node_modules/jest-circus/build/jestAdapterInit.js:1557:28)
          at new Promise (<anonymous>)
          at callAsyncCircusFn (/home/runner/work/Malnu-Kananga/Malnu-Kananga/node_modules/jest-circus/build/jestAdapterInit.js:1497:10)
          at _callCircusTest (/home/runner/work/Malnu-Kananga/Malnu-Kananga/node_modules/jest-circus/build/jestAdapterInit.js:1007:40)
          at processTicksAndRejections (node:internal/process/task_queues:95:5)
          at _runTest (/home/runner/work/Malnu-Kananga/Malnu-Kananga/node_modules/jest-circus/build/jestAdapterInit.js:947:3)
          at /home/runner/work/Malnu-Kananga/Malnu-Kananga/node_modules/jest-circus/build/jestAdapterInit.js:849:7
          at _runTestsForDescribeBlock (/home/runner/work/Malnu-Kananga/Malnu-Kananga/node_modules/jest-circus/build/jestAdapterInit.js:862:11)
          at _runTestsForDescribeBlock (/home/runner/work/Malnu-Kananga/Malnu-Kananga/node_modules/jest-circus/build/jestAdapterInit.js:857:11)
          at run (/home/runner/work/Malnu-Kananga/Malnu-Kananga/node_modules/jest-circus/build/jestAdapterInit.js:761:3)
          at runAndTransformResultsToJestFormat (/home/runner/work/Malnu-Kananga/Malnu-Kananga/node_modules/jest-circus/build/jestAdapterInit.js:1918:21)
          at jestAdapter (/home/runner/work/Malnu-Kananga/Malnu-Kananga/node_modules/jest-circus/build/runner.js:101:19)
          at runTestInternal (/home/runner/work/Malnu-Kananga/Malnu-Kananga/node_modules/jest-runner/build/testWorker.js:275:16)
          at runTest (/home/runner/work/Malnu-Kananga/Malnu-Kananga/node_modules/jest-runner/build/testWorker.js:343:7)
          at Object.worker (/home/runner/work/Malnu-Kananga/Malnu-Kananga/node_modules/jest-runner/build/testWorker.js:497:12) {
        [stack]: 'Error: HOC Error\n' +
          '    at ErrorComponent (/home/runner/work/Malnu-Kananga/Malnu-Kananga/src/components/ErrorBoundary.test.tsx:223:13)\n' +
          '    at Object.react_stack_bottom_frame (/home/runner/work/Malnu-Kananga/Malnu-Kananga/node_modules/react-dom/cjs/react-dom-client.development.js:25904:20)\n' +
          '    at renderWithHooks (/home/runner/work/Malnu-Kananga/Malnu-Kananga/node_modules/react-dom/cjs/react-dom-client.development.js:7662:22)\n' +
          '    at updateFunctionComponent (/home/runner/work/Malnu-Kananga/Malnu-Kananga/node_modules/react-dom/cjs/react-dom-client.development.js:10166:19)\n' +
          '    at beginWork (/home/runner/work/Malnu-Kananga/Malnu-Kananga/node_modules/react-dom/cjs/react-dom-client.development.js:11778:18)\n' +
          '    at runWithFiberInDEV (/home/runner/work/Malnu-Kananga/Malnu-Kananga/node_modules/react-dom/cjs/react-dom-client.development.js:874:13)\n' +
          '    at performUnitOfWork (/home/runner/work/Malnu-Kananga/Malnu-Kananga/node_modules/react-dom/cjs/react-dom-client.development.js:17641:22)\n' +
          '    at workLoopSync (/home/runner/work/Malnu-Kananga/Malnu-Kananga/node_modules/react-dom/cjs/react-dom-client.development.js:17469:41)\n' +
          '    at renderRootSync (/home/runner/work/Malnu-Kananga/Malnu-Kananga/node_modules/react-dom/cjs/react-dom-client.development.js:17450:11)\n' +
          '    at performWorkOnRoot (/home/runner/work/Malnu-Kananga/Malnu-Kananga/node_modules/react-dom/cjs/react-dom-client.development.js:16583:35)\n' +
          '    at performWorkOnRootViaSchedulerTask (/home/runner/work/Malnu-Kananga/Malnu-Kananga/node_modules/react-dom/cjs/react-dom-client.development.js:18957:7)\n' +
          '    at flushActQueue (/home/runner/work/Malnu-Kananga/Malnu-Kananga/node_modules/react/cjs/react.development.js:590:34)\n' +
          '    at process.env.NODE_ENV.exports.act (/home/runner/work/Malnu-Kananga/Malnu-Kananga/node_modules/react/cjs/react.development.js:884:10)\n' +
          '    at /home/runner/work/Malnu-Kananga/Malnu-Kananga/node_modules/@testing-library/react/dist/act-compat.js:47:25\n' +
          '    at renderRoot (/home/runner/work/Malnu-Kananga/Malnu-Kananga/node_modules/@testing-library/react/dist/pure.js:190:26)\n' +
          '    at render (/home/runner/work/Malnu-Kananga/Malnu-Kananga/node_modules/@testing-library/react/dist/pure.js:292:10)\n' +
          '    at Object.<anonymous> (/home/runner/work/Malnu-Kananga/Malnu-Kananga/src/components/ErrorBoundary.test.tsx:228:11)\n' +
          '    at Promise.finally.completed (/home/runner/work/Malnu-Kananga/Malnu-Kananga/node_modules/jest-circus/build/jestAdapterInit.js:1557:28)\n' +
          '    at new Promise (<anonymous>)\n' +
          '    at callAsyncCircusFn (/home/runner/work/Malnu-Kananga/Malnu-Kananga/node_modules/jest-circus/build/jestAdapterInit.js:1497:10)\n' +
          '    at _callCircusTest (/home/runner/work/Malnu-Kananga/Malnu-Kananga/node_modules/jest-circus/build/jestAdapterInit.js:1007:40)\n' +
          '    at processTicksAndRejections (node:internal/process/task_queues:95:5)\n' +
          '    at _runTest (/home/runner/work/Malnu-Kananga/Malnu-Kananga/node_modules/jest-circus/build/jestAdapterInit.js:947:3)\n' +
          '    at /home/runner/work/Malnu-Kananga/Malnu-Kananga/node_modules/jest-circus/build/jestAdapterInit.js:849:7\n' +
          '    at _runTestsForDescribeBlock (/home/runner/work/Malnu-Kananga/Malnu-Kananga/node_modules/jest-circus/build/jestAdapterInit.js:862:11)\n' +
          '    at _runTestsForDescribeBlock (/home/runner/work/Malnu-Kananga/Malnu-Kananga/node_modules/jest-circus/build/jestAdapterInit.js:857:11)\n' +
          '    at run (/home/runner/work/Malnu-Kananga/Malnu-Kananga/node_modules/jest-circus/build/jestAdapterInit.js:761:3)\n' +
          '    at runAndTransformResultsToJestFormat (/home/runner/work/Malnu-Kananga/Malnu-Kananga/node_modules/jest-circus/build/jestAdapterInit.js:1918:21)\n' +
          '    at jestAdapter (/home/runner/work/Malnu-Kananga/Malnu-Kananga/node_modules/jest-circus/build/runner.js:101:19)\n' +
          '    at runTestInternal (/home/runner/work/Malnu-Kananga/Malnu-Kananga/node_modules/jest-runner/build/testWorker.js:275:16)\n' +
          '    at runTest (/home/runner/work/Malnu-Kananga/Malnu-Kananga/node_modules/jest-runner/build/testWorker.js:343:7)\n' +
          '    at Object.worker (/home/runner/work/Malnu-Kananga/Malnu-Kananga/node_modules/jest-runner/build/testWorker.js:497:12)',
        [message]: 'HOC Error'
      }
      
      The above error occurred in the <ErrorComponent> component.
      
      React will try to recreate this component tree from scratch using the error boundary you provided, ErrorBoundary.

    [0m [90m 226 |[39m     [36mconst[39m [33mWrappedComponent[39m [33m=[39m withErrorBoundary([33mErrorComponent[39m[33m,[39m customFallback)[33m;[39m
     [90m 227 |[39m
    [31m[1m>[22m[39m[90m 228 |[39m     render([33m<[39m[33mWrappedComponent[39m [33m/[39m[33m>[39m)[33m;[39m
     [90m     |[39m           [31m[1m^[22m[39m
     [90m 229 |[39m
     [90m 230 |[39m     expect(screen[33m.[39mgetByText([32m'HOC Custom Fallback'[39m))[33m.[39mtoBeInTheDocument()[33m;[39m
     [90m 231 |[39m   })[33m;[39m[0m

      at defaultOnCaughtError (node_modules/react-dom/cjs/react-dom-client.development.js:9410:17)
      at logCaughtError (node_modules/react-dom/cjs/react-dom-client.development.js:9446:9)
      at runWithFiberInDEV (node_modules/react-dom/cjs/react-dom-client.development.js:874:13)
      at ErrorBoundary.inst.componentDidCatch.update.callback (node_modules/react-dom/cjs/react-dom-client.development.js:9493:11)
      at callCallback (node_modules/react-dom/cjs/react-dom-client.development.js:7423:16)
      at commitCallbacks (node_modules/react-dom/cjs/react-dom-client.development.js:7443:11)
      at runWithFiberInDEV (node_modules/react-dom/cjs/react-dom-client.development.js:874:13)
      at commitClassCallbacks (node_modules/react-dom/cjs/react-dom-client.development.js:13377:11)
      at commitLayoutEffectOnFiber (node_modules/react-dom/cjs/react-dom-client.development.js:14026:25)
      at recursivelyTraverseLayoutEffects (node_modules/react-dom/cjs/react-dom-client.development.js:15159:11)
      at commitLayoutEffectOnFiber (node_modules/react-dom/cjs/react-dom-client.development.js:13949:11)
      at recursivelyTraverseLayoutEffects (node_modules/react-dom/cjs/react-dom-client.development.js:15159:11)
      at commitLayoutEffectOnFiber (node_modules/react-dom/cjs/react-dom-client.development.js:14031:11)
      at flushLayoutEffects (node_modules/react-dom/cjs/react-dom-client.development.js:18138:15)
      at commitRoot (node_modules/react-dom/cjs/react-dom-client.development.js:17954:9)
      at performWorkOnRoot (node_modules/react-dom/cjs/react-dom-client.development.js:16667:15)
      at performWorkOnRootViaSchedulerTask (node_modules/react-dom/cjs/react-dom-client.development.js:18957:7)
      at flushActQueue (node_modules/react/cjs/react.development.js:590:34)
      at process.env.NODE_ENV.exports.act (node_modules/react/cjs/react.development.js:884:10)
      at node_modules/@testing-library/react/dist/act-compat.js:47:25
      at renderRoot (node_modules/@testing-library/react/dist/pure.js:190:26)
      at render (node_modules/@testing-library/react/dist/pure.js:292:10)
      at Object.<anonymous> (src/components/ErrorBoundary.test.tsx:228:11)

    console.group
        🚨 Error Log [MEDIUM]

      at ErrorLoggingService.group [as reportToConsole] (src/services/errorLoggingService.ts:143:13)

    console.warn
        Message: HOC Error

    [0m [90m 142 |[39m
     [90m 143 |[39m     console[33m.[39mgroup([32m`🚨 Error Log [${errorLog.severity.toUpperCase()}]`[39m)[33m;[39m
    [31m[1m>[22m[39m[90m 144 |[39m     console[logMethod]([32m`Message: ${errorLog.message}`[39m)[33m;[39m
     [90m     |[39m                       [31m[1m^[22m[39m
     [90m 145 |[39m     console[33m.[39mlog([32m`Category: ${errorLog.category}`[39m)[33m;[39m
     [90m 146 |[39m     console[33m.[39mlog([32m`URL: ${errorLog.url}`[39m)[33m;[39m
     [90m 147 |[39m     console[33m.[39mlog([32m`Timestamp: ${errorLog.timestamp}`[39m)[33m;[39m[0m

      at ErrorLoggingService.reportToConsole (src/services/errorLoggingService.ts:144:23)
      at ErrorLoggingService.reportToConsole [as logError] (src/services/errorLoggingService.ts:195:10)
      at ErrorLoggingService.logError [as logErrorBoundary] (src/services/errorLoggingService.ts:203:16)
      at ErrorBoundary.logErrorBoundary [as componentDidCatch] (src/components/ErrorBoundary.tsx:32:25)
      at Object.react_stack_bottom_frame (node_modules/react-dom/cjs/react-dom-client.development.js:25959:20)
      at ErrorBoundary.inst.componentDidCatch.update.callback (node_modules/react-dom/cjs/react-dom-client.development.js:9504:11)
      at callCallback (node_modules/react-dom/cjs/react-dom-client.development.js:7423:16)
      at commitCallbacks (node_modules/react-dom/cjs/react-dom-client.development.js:7443:11)
      at runWithFiberInDEV (node_modules/react-dom/cjs/react-dom-client.development.js:874:13)
      at commitClassCallbacks (node_modules/react-dom/cjs/react-dom-client.development.js:13377:11)
      at commitLayoutEffectOnFiber (node_modules/react-dom/cjs/react-dom-client.development.js:14026:25)
      at recursivelyTraverseLayoutEffects (node_modules/react-dom/cjs/react-dom-client.development.js:15159:11)
      at commitLayoutEffectOnFiber (node_modules/react-dom/cjs/react-dom-client.development.js:13949:11)
      at recursivelyTraverseLayoutEffects (node_modules/react-dom/cjs/react-dom-client.development.js:15159:11)
      at commitLayoutEffectOnFiber (node_modules/react-dom/cjs/react-dom-client.development.js:14031:11)
      at flushLayoutEffects (node_modules/react-dom/cjs/react-dom-client.development.js:18138:15)
      at commitRoot (node_modules/react-dom/cjs/react-dom-client.development.js:17954:9)
      at performWorkOnRoot (node_modules/react-dom/cjs/react-dom-client.development.js:16667:15)
      at performWorkOnRootViaSchedulerTask (node_modules/react-dom/cjs/react-dom-client.development.js:18957:7)
      at flushActQueue (node_modules/react/cjs/react.development.js:590:34)
      at process.env.NODE_ENV.exports.act (node_modules/react/cjs/react.development.js:884:10)
      at node_modules/@testing-library/react/dist/act-compat.js:47:25
      at renderRoot (node_modules/@testing-library/react/dist/pure.js:190:26)
      at render (node_modules/@testing-library/react/dist/pure.js:292:10)
      at Object.<anonymous> (src/components/ErrorBoundary.test.tsx:228:11)

    console.log
        Category: component

      at ErrorLoggingService.log [as reportToConsole] (src/services/errorLoggingService.ts:145:13)

    console.log
        URL: http://localhost/

      at ErrorLoggingService.log [as reportToConsole] (src/services/errorLoggingService.ts:146:13)

    console.log
        Timestamp: 2025-11-20T08:29:27.096Z

      at ErrorLoggingService.log [as reportToConsole] (src/services/errorLoggingService.ts:147:13)

    console.log
        Session ID: session_1763627366524_7goyutppx

      at ErrorLoggingService.log [as reportToConsole] (src/services/errorLoggingService.ts:148:13)

    console.log
        Stack Trace: Error: HOC Error
          at ErrorComponent (/home/runner/work/Malnu-Kananga/Malnu-Kananga/src/components/ErrorBoundary.test.tsx:223:13)
          at Object.react_stack_bottom_frame (/home/runner/work/Malnu-Kananga/Malnu-Kananga/node_modules/react-dom/cjs/react-dom-client.development.js:25904:20)
          at renderWithHooks (/home/runner/work/Malnu-Kananga/Malnu-Kananga/node_modules/react-dom/cjs/react-dom-client.development.js:7662:22)
          at updateFunctionComponent (/home/runner/work/Malnu-Kananga/Malnu-Kananga/node_modules/react-dom/cjs/react-dom-client.development.js:10166:19)
          at beginWork (/home/runner/work/Malnu-Kananga/Malnu-Kananga/node_modules/react-dom/cjs/react-dom-client.development.js:11778:18)
          at runWithFiberInDEV (/home/runner/work/Malnu-Kananga/Malnu-Kananga/node_modules/react-dom/cjs/react-dom-client.development.js:874:13)
          at performUnitOfWork (/home/runner/work/Malnu-Kananga/Malnu-Kananga/node_modules/react-dom/cjs/react-dom-client.development.js:17641:22)
          at workLoopSync (/home/runner/work/Malnu-Kananga/Malnu-Kananga/node_modules/react-dom/cjs/react-dom-client.development.js:17469:41)
          at renderRootSync (/home/runner/work/Malnu-Kananga/Malnu-Kananga/node_modules/react-dom/cjs/react-dom-client.development.js:17450:11)
          at performWorkOnRoot (/home/runner/work/Malnu-Kananga/Malnu-Kananga/node_modules/react-dom/cjs/react-dom-client.development.js:16583:35)
          at performWorkOnRootViaSchedulerTask (/home/runner/work/Malnu-Kananga/Malnu-Kananga/node_modules/react-dom/cjs/react-dom-client.development.js:18957:7)
          at flushActQueue (/home/runner/work/Malnu-Kananga/Malnu-Kananga/node_modules/react/cjs/react.development.js:590:34)
          at process.env.NODE_ENV.exports.act (/home/runner/work/Malnu-Kananga/Malnu-Kananga/node_modules/react/cjs/react.development.js:884:10)
          at /home/runner/work/Malnu-Kananga/Malnu-Kananga/node_modules/@testing-library/react/dist/act-compat.js:47:25
          at renderRoot (/home/runner/work/Malnu-Kananga/Malnu-Kananga/node_modules/@testing-library/react/dist/pure.js:190:26)
          at render (/home/runner/work/Malnu-Kananga/Malnu-Kananga/node_modules/@testing-library/react/dist/pure.js:292:10)
          at Object.<anonymous> (/home/runner/work/Malnu-Kananga/Malnu-Kananga/src/components/ErrorBoundary.test.tsx:228:11)
          at Promise.finally.completed (/home/runner/work/Malnu-Kananga/Malnu-Kananga/node_modules/jest-circus/build/jestAdapterInit.js:1557:28)
          at new Promise (<anonymous>)
          at callAsyncCircusFn (/home/runner/work/Malnu-Kananga/Malnu-Kananga/node_modules/jest-circus/build/jestAdapterInit.js:1497:10)
          at _callCircusTest (/home/runner/work/Malnu-Kananga/Malnu-Kananga/node_modules/jest-circus/build/jestAdapterInit.js:1007:40)
          at processTicksAndRejections (node:internal/process/task_queues:95:5)
          at _runTest (/home/runner/work/Malnu-Kananga/Malnu-Kananga/node_modules/jest-circus/build/jestAdapterInit.js:947:3)
          at /home/runner/work/Malnu-Kananga/Malnu-Kananga/node_modules/jest-circus/build/jestAdapterInit.js:849:7
          at _runTestsForDescribeBlock (/home/runner/work/Malnu-Kananga/Malnu-Kananga/node_modules/jest-circus/build/jestAdapterInit.js:862:11)
          at _runTestsForDescribeBlock (/home/runner/work/Malnu-Kananga/Malnu-Kananga/node_modules/jest-circus/build/jestAdapterInit.js:857:11)
          at run (/home/runner/work/Malnu-Kananga/Malnu-Kananga/node_modules/jest-circus/build/jestAdapterInit.js:761:3)
          at runAndTransformResultsToJestFormat (/home/runner/work/Malnu-Kananga/Malnu-Kananga/node_modules/jest-circus/build/jestAdapterInit.js:1918:21)
          at jestAdapter (/home/runner/work/Malnu-Kananga/Malnu-Kananga/node_modules/jest-circus/build/runner.js:101:19)
          at runTestInternal (/home/runner/work/Malnu-Kananga/Malnu-Kananga/node_modules/jest-runner/build/testWorker.js:275:16)
          at runTest (/home/runner/work/Malnu-Kananga/Malnu-Kananga/node_modules/jest-runner/build/testWorker.js:343:7)
          at Object.worker (/home/runner/work/Malnu-Kananga/Malnu-Kananga/node_modules/jest-runner/build/testWorker.js:497:12)

      at ErrorLoggingService.log [as reportToConsole] (src/services/errorLoggingService.ts:151:15)

    console.log
        Component Stack: 
          at ErrorComponent (/home/runner/work/Malnu-Kananga/Malnu-Kananga/src/components/ErrorBoundary.test.tsx:223:13)
          at ErrorBoundary (/home/runner/work/Malnu-Kananga/Malnu-Kananga/src/components/ErrorBoundary.tsx:2509:5)
          at withErrorBoundary(ErrorComponent) (<anonymous>)

      at ErrorLoggingService.log [as reportToConsole] (src/services/errorLoggingService.ts:155:15)

    console.log
        Metadata: {
        componentName: 'ErrorBoundary',
        props: [ 'fallback', 'onError', 'children' ],
        hasCustomFallback: true,
        hasCustomErrorHandler: false
      }

      at ErrorLoggingService.log [as reportToConsole] (src/services/errorLoggingService.ts:159:15)

    console.error
      Error: Manual error
          at handleClick (/home/runner/work/Malnu-Kananga/Malnu-Kananga/src/components/ErrorBoundary.test.tsx:248:21)
          at executeDispatch (/home/runner/work/Malnu-Kananga/Malnu-Kananga/node_modules/react-dom/cjs/react-dom-client.development.js:19116:9)
          at runWithFiberInDEV (/home/runner/work/Malnu-Kananga/Malnu-Kananga/node_modules/react-dom/cjs/react-dom-client.development.js:874:13)
          at processDispatchQueue (/home/runner/work/Malnu-Kananga/Malnu-Kananga/node_modules/react-dom/cjs/react-dom-client.development.js:19166:19)
          at /home/runner/work/Malnu-Kananga/Malnu-Kananga/node_modules/react-dom/cjs/react-dom-client.development.js:19767:9
          at batchedUpdates$1 (/home/runner/work/Malnu-Kananga/Malnu-Kananga/node_modules/react-dom/cjs/react-dom-client.development.js:3255:40)
          at dispatchEventForPluginEventSystem (/home/runner/work/Malnu-Kananga/Malnu-Kananga/node_modules/react-dom/cjs/react-dom-client.development.js:19320:7)
          at dispatchEvent (/home/runner/work/Malnu-Kananga/Malnu-Kananga/node_modules/react-dom/cjs/react-dom-client.development.js:23585:11)
          at dispatchDiscreteEvent (/home/runner/work/Malnu-Kananga/Malnu-Kananga/node_modules/react-dom/cjs/react-dom-client.development.js:23553:11)
          at HTMLDivElement.callTheUserObjectsOperation (/home/runner/work/Malnu-Kananga/Malnu-Kananga/node_modules/jsdom/lib/jsdom/living/generated/EventListener.js:26:30)
          at innerInvokeEventListeners (/home/runner/work/Malnu-Kananga/Malnu-Kananga/node_modules/jsdom/lib/jsdom/living/events/EventTarget-impl.js:350:25)
          at invokeEventListeners (/home/runner/work/Malnu-Kananga/Malnu-Kananga/node_modules/jsdom/lib/jsdom/living/events/EventTarget-impl.js:286:3)
          at HTMLButtonElementImpl._dispatch (/home/runner/work/Malnu-Kananga/Malnu-Kananga/node_modules/jsdom/lib/jsdom/living/events/EventTarget-impl.js:233:9)
          at HTMLButtonElementImpl.dispatchEvent (/home/runner/work/Malnu-Kananga/Malnu-Kananga/node_modules/jsdom/lib/jsdom/living/events/EventTarget-impl.js:104:17)
          at HTMLButtonElement.dispatchEvent (/home/runner/work/Malnu-Kananga/Malnu-Kananga/node_modules/jsdom/lib/jsdom/living/generated/EventTarget.js:241:34)
          at /home/runner/work/Malnu-Kananga/Malnu-Kananga/node_modules/@testing-library/dom/dist/events.js:19:20
          at /home/runner/work/Malnu-Kananga/Malnu-Kananga/node_modules/@testing-library/react/dist/pure.js:108:16
          at /home/runner/work/Malnu-Kananga/Malnu-Kananga/node_modules/@testing-library/react/dist/act-compat.js:48:24
          at process.env.NODE_ENV.exports.act (/home/runner/work/Malnu-Kananga/Malnu-Kananga/node_modules/react/cjs/react.development.js:814:22)
          at /home/runner/work/Malnu-Kananga/Malnu-Kananga/node_modules/@testing-library/react/dist/act-compat.js:47:25
          at Object.eventWrapper (/home/runner/work/Malnu-Kananga/Malnu-Kananga/node_modules/@testing-library/react/dist/pure.js:107:28)
          at fireEvent (/home/runner/work/Malnu-Kananga/Malnu-Kananga/node_modules/@testing-library/dom/dist/events.js:12:35)
          at Function.fireEvent.<computed> [as click] (/home/runner/work/Malnu-Kananga/Malnu-Kananga/node_modules/@testing-library/dom/dist/events.js:110:36)
          at Function.fireEvent.<computed> [as click] (/home/runner/work/Malnu-Kananga/Malnu-Kananga/node_modules/@testing-library/react/dist/fire-event.js:15:52)
          at Object.<anonymous> (/home/runner/work/Malnu-Kananga/Malnu-Kananga/src/components/ErrorBoundary.test.tsx:265:15)
          at Promise.finally.completed (/home/runner/work/Malnu-Kananga/Malnu-Kananga/node_modules/jest-circus/build/jestAdapterInit.js:1557:28)
          at new Promise (<anonymous>)
          at callAsyncCircusFn (/home/runner/work/Malnu-Kananga/Malnu-Kananga/node_modules/jest-circus/build/jestAdapterInit.js:1497:10)
          at _callCircusTest (/home/runner/work/Malnu-Kananga/Malnu-Kananga/node_modules/jest-circus/build/jestAdapterInit.js:1007:40)
          at processTicksAndRejections (node:internal/process/task_queues:95:5)
          at _runTest (/home/runner/work/Malnu-Kananga/Malnu-Kananga/node_modules/jest-circus/build/jestAdapterInit.js:947:3)
          at /home/runner/work/Malnu-Kananga/Malnu-Kananga/node_modules/jest-circus/build/jestAdapterInit.js:849:7
          at _runTestsForDescribeBlock (/home/runner/work/Malnu-Kananga/Malnu-Kananga/node_modules/jest-circus/build/jestAdapterInit.js:862:11)
          at _runTestsForDescribeBlock (/home/runner/work/Malnu-Kananga/Malnu-Kananga/node_modules/jest-circus/build/jestAdapterInit.js:857:11)
          at run (/home/runner/work/Malnu-Kananga/Malnu-Kananga/node_modules/jest-circus/build/jestAdapterInit.js:761:3)
          at runAndTransformResultsToJestFormat (/home/runner/work/Malnu-Kananga/Malnu-Kananga/node_modules/jest-circus/build/jestAdapterInit.js:1918:21)
          at jestAdapter (/home/runner/work/Malnu-Kananga/Malnu-Kananga/node_modules/jest-circus/build/runner.js:101:19)
          at runTestInternal (/home/runner/work/Malnu-Kananga/Malnu-Kananga/node_modules/jest-runner/build/testWorker.js:275:16)
          at runTest (/home/runner/work/Malnu-Kananga/Malnu-Kananga/node_modules/jest-runner/build/testWorker.js:343:7)
          at Object.worker (/home/runner/work/Malnu-Kananga/Malnu-Kananga/node_modules/jest-runner/build/testWorker.js:497:12)

    [0m [90m 263 |[39m
     [90m 264 |[39m     [36mconst[39m button [33m=[39m screen[33m.[39mgetByText([32m'Throw Error'[39m)[33m;[39m
    [31m[1m>[22m[39m[90m 265 |[39m     fireEvent[33m.[39mclick(button)[33m;[39m
     [90m     |[39m               [31m[1m^[22m[39m
     [90m 266 |[39m
     [90m 267 |[39m     expect(screen[33m.[39mgetByText([32m'Terjadi Kesalahan'[39m))[33m.[39mtoBeInTheDocument()[33m;[39m
     [90m 268 |[39m   })[33m;[39m[0m

      at process.env.NODE_ENV.reportGlobalError (node_modules/react-dom/cjs/react-dom-client.development.js:25513:23)
      at executeDispatch (node_modules/react-dom/cjs/react-dom-client.development.js:19118:9)
      at runWithFiberInDEV (node_modules/react-dom/cjs/react-dom-client.development.js:874:13)
      at processDispatchQueue (node_modules/react-dom/cjs/react-dom-client.development.js:19166:19)
      at node_modules/react-dom/cjs/react-dom-client.development.js:19767:9
      at batchedUpdates$1 (node_modules/react-dom/cjs/react-dom-client.development.js:3255:40)
      at dispatchEventForPluginEventSystem (node_modules/react-dom/cjs/react-dom-client.development.js:19320:7)
      at dispatchEvent (node_modules/react-dom/cjs/react-dom-client.development.js:23585:11)
      at dispatchDiscreteEvent (node_modules/react-dom/cjs/react-dom-client.development.js:23553:11)
      at HTMLDivElement.callTheUserObjectsOperation (node_modules/jsdom/lib/jsdom/living/generated/EventListener.js:26:30)
      at innerInvokeEventListeners (node_modules/jsdom/lib/jsdom/living/events/EventTarget-impl.js:350:25)
      at invokeEventListeners (node_modules/jsdom/lib/jsdom/living/events/EventTarget-impl.js:286:3)
      at HTMLButtonElementImpl._dispatch (node_modules/jsdom/lib/jsdom/living/events/EventTarget-impl.js:233:9)
      at HTMLButtonElementImpl.dispatchEvent (node_modules/jsdom/lib/jsdom/living/events/EventTarget-impl.js:104:17)
      at HTMLButtonElement.dispatchEvent (node_modules/jsdom/lib/jsdom/living/generated/EventTarget.js:241:34)
      at node_modules/@testing-library/dom/dist/events.js:19:20
      at node_modules/@testing-library/react/dist/pure.js:108:16
      at node_modules/@testing-library/react/dist/act-compat.js:48:24
      at process.env.NODE_ENV.exports.act (node_modules/react/cjs/react.development.js:814:22)
      at node_modules/@testing-library/react/dist/act-compat.js:47:25
      at Object.eventWrapper (node_modules/@testing-library/react/dist/pure.js:107:28)
      at fireEvent (node_modules/@testing-library/dom/dist/events.js:12:35)
      at Function.fireEvent.<computed> [as click] (node_modules/@testing-library/dom/dist/events.js:110:36)
      at Function.fireEvent.<computed> [as click] (node_modules/@testing-library/react/dist/fire-event.js:15:52)
      at Object.<anonymous> (src/components/ErrorBoundary.test.tsx:265:15)

    console.error
      Error: Nested error
          at NestedComponent (/home/runner/work/Malnu-Kananga/Malnu-Kananga/src/components/ErrorBoundary.test.tsx:275:15)
          at Object.react_stack_bottom_frame (/home/runner/work/Malnu-Kananga/Malnu-Kananga/node_modules/react-dom/cjs/react-dom-client.development.js:25904:20)
          at renderWithHooks (/home/runner/work/Malnu-Kananga/Malnu-Kananga/node_modules/react-dom/cjs/react-dom-client.development.js:7662:22)
          at updateFunctionComponent (/home/runner/work/Malnu-Kananga/Malnu-Kananga/node_modules/react-dom/cjs/react-dom-client.development.js:10166:19)
          at beginWork (/home/runner/work/Malnu-Kananga/Malnu-Kananga/node_modules/react-dom/cjs/react-dom-client.development.js:11778:18)
          at runWithFiberInDEV (/home/runner/work/Malnu-Kananga/Malnu-Kananga/node_modules/react-dom/cjs/react-dom-client.development.js:874:13)
          at performUnitOfWork (/home/runner/work/Malnu-Kananga/Malnu-Kananga/node_modules/react-dom/cjs/react-dom-client.development.js:17641:22)
          at workLoopSync (/home/runner/work/Malnu-Kananga/Malnu-Kananga/node_modules/react-dom/cjs/react-dom-client.development.js:17469:41)
          at renderRootSync (/home/runner/work/Malnu-Kananga/Malnu-Kananga/node_modules/react-dom/cjs/react-dom-client.development.js:17450:11)
          at performWorkOnRoot (/home/runner/work/Malnu-Kananga/Malnu-Kananga/node_modules/react-dom/cjs/react-dom-client.development.js:16583:35)
          at performWorkOnRootViaSchedulerTask (/home/runner/work/Malnu-Kananga/Malnu-Kananga/node_modules/react-dom/cjs/react-dom-client.development.js:18957:7)
          at flushActQueue (/home/runner/work/Malnu-Kananga/Malnu-Kananga/node_modules/react/cjs/react.development.js:590:34)
          at process.env.NODE_ENV.exports.act (/home/runner/work/Malnu-Kananga/Malnu-Kananga/node_modules/react/cjs/react.development.js:884:10)
          at /home/runner/work/Malnu-Kananga/Malnu-Kananga/node_modules/@testing-library/react/dist/act-compat.js:47:25
          at renderRoot (/home/runner/work/Malnu-Kananga/Malnu-Kananga/node_modules/@testing-library/react/dist/pure.js:190:26)
          at render (/home/runner/work/Malnu-Kananga/Malnu-Kananga/node_modules/@testing-library/react/dist/pure.js:292:10)
          at Object.<anonymous> (/home/runner/work/Malnu-Kananga/Malnu-Kananga/src/components/ErrorBoundary.test.tsx:289:11)
          at Promise.finally.completed (/home/runner/work/Malnu-Kananga/Malnu-Kananga/node_modules/jest-circus/build/jestAdapterInit.js:1557:28)
          at new Promise (<anonymous>)
          at callAsyncCircusFn (/home/runner/work/Malnu-Kananga/Malnu-Kananga/node_modules/jest-circus/build/jestAdapterInit.js:1497:10)
          at _callCircusTest (/home/runner/work/Malnu-Kananga/Malnu-Kananga/node_modules/jest-circus/build/jestAdapterInit.js:1007:40)
          at processTicksAndRejections (node:internal/process/task_queues:95:5)
          at _runTest (/home/runner/work/Malnu-Kananga/Malnu-Kananga/node_modules/jest-circus/build/jestAdapterInit.js:947:3)
          at /home/runner/work/Malnu-Kananga/Malnu-Kananga/node_modules/jest-circus/build/jestAdapterInit.js:849:7
          at _runTestsForDescribeBlock (/home/runner/work/Malnu-Kananga/Malnu-Kananga/node_modules/jest-circus/build/jestAdapterInit.js:862:11)
          at _runTestsForDescribeBlock (/home/runner/work/Malnu-Kananga/Malnu-Kananga/node_modules/jest-circus/build/jestAdapterInit.js:857:11)
          at run (/home/runner/work/Malnu-Kananga/Malnu-Kananga/node_modules/jest-circus/build/jestAdapterInit.js:761:3)
          at runAndTransformResultsToJestFormat (/home/runner/work/Malnu-Kananga/Malnu-Kananga/node_modules/jest-circus/build/jestAdapterInit.js:1918:21)
          at jestAdapter (/home/runner/work/Malnu-Kananga/Malnu-Kananga/node_modules/jest-circus/build/runner.js:101:19)
          at runTestInternal (/home/runner/work/Malnu-Kananga/Malnu-Kananga/node_modules/jest-runner/build/testWorker.js:275:16)
          at runTest (/home/runner/work/Malnu-Kananga/Malnu-Kananga/node_modules/jest-runner/build/testWorker.js:343:7)
          at Object.worker (/home/runner/work/Malnu-Kananga/Malnu-Kananga/node_modules/jest-runner/build/testWorker.js:497:12) {
        [stack]: 'Error: Nested error\n' +
          '    at NestedComponent (/home/runner/work/Malnu-Kananga/Malnu-Kananga/src/components/ErrorBoundary.test.tsx:275:15)\n' +
          '    at Object.react_stack_bottom_frame (/home/runner/work/Malnu-Kananga/Malnu-Kananga/node_modules/react-dom/cjs/react-dom-client.development.js:25904:20)\n' +
          '    at renderWithHooks (/home/runner/work/Malnu-Kananga/Malnu-Kananga/node_modules/react-dom/cjs/react-dom-client.development.js:7662:22)\n' +
          '    at updateFunctionComponent (/home/runner/work/Malnu-Kananga/Malnu-Kananga/node_modules/react-dom/cjs/react-dom-client.development.js:10166:19)\n' +
          '    at beginWork (/home/runner/work/Malnu-Kananga/Malnu-Kananga/node_modules/react-dom/cjs/react-dom-client.development.js:11778:18)\n' +
          '    at runWithFiberInDEV (/home/runner/work/Malnu-Kananga/Malnu-Kananga/node_modules/react-dom/cjs/react-dom-client.development.js:874:13)\n' +
          '    at performUnitOfWork (/home/runner/work/Malnu-Kananga/Malnu-Kananga/node_modules/react-dom/cjs/react-dom-client.development.js:17641:22)\n' +
          '    at workLoopSync (/home/runner/work/Malnu-Kananga/Malnu-Kananga/node_modules/react-dom/cjs/react-dom-client.development.js:17469:41)\n' +
          '    at renderRootSync (/home/runner/work/Malnu-Kananga/Malnu-Kananga/node_modules/react-dom/cjs/react-dom-client.development.js:17450:11)\n' +
          '    at performWorkOnRoot (/home/runner/work/Malnu-Kananga/Malnu-Kananga/node_modules/react-dom/cjs/react-dom-client.development.js:16583:35)\n' +
          '    at performWorkOnRootViaSchedulerTask (/home/runner/work/Malnu-Kananga/Malnu-Kananga/node_modules/react-dom/cjs/react-dom-client.development.js:18957:7)\n' +
          '    at flushActQueue (/home/runner/work/Malnu-Kananga/Malnu-Kananga/node_modules/react/cjs/react.development.js:590:34)\n' +
          '    at process.env.NODE_ENV.exports.act (/home/runner/work/Malnu-Kananga/Malnu-Kananga/node_modules/react/cjs/react.development.js:884:10)\n' +
          '    at /home/runner/work/Malnu-Kananga/Malnu-Kananga/node_modules/@testing-library/react/dist/act-compat.js:47:25\n' +
          '    at renderRoot (/home/runner/work/Malnu-Kananga/Malnu-Kananga/node_modules/@testing-library/react/dist/pure.js:190:26)\n' +
          '    at render (/home/runner/work/Malnu-Kananga/Malnu-Kananga/node_modules/@testing-library/react/dist/pure.js:292:10)\n' +
          '    at Object.<anonymous> (/home/runner/work/Malnu-Kananga/Malnu-Kananga/src/components/ErrorBoundary.test.tsx:289:11)\n' +
          '    at Promise.finally.completed (/home/runner/work/Malnu-Kananga/Malnu-Kananga/node_modules/jest-circus/build/jestAdapterInit.js:1557:28)\n' +
          '    at new Promise (<anonymous>)\n' +
          '    at callAsyncCircusFn (/home/runner/work/Malnu-Kananga/Malnu-Kananga/node_modules/jest-circus/build/jestAdapterInit.js:1497:10)\n' +
          '    at _callCircusTest (/home/runner/work/Malnu-Kananga/Malnu-Kananga/node_modules/jest-circus/build/jestAdapterInit.js:1007:40)\n' +
          '    at processTicksAndRejections (node:internal/process/task_queues:95:5)\n' +
          '    at _runTest (/home/runner/work/Malnu-Kananga/Malnu-Kananga/node_modules/jest-circus/build/jestAdapterInit.js:947:3)\n' +
          '    at /home/runner/work/Malnu-Kananga/Malnu-Kananga/node_modules/jest-circus/build/jestAdapterInit.js:849:7\n' +
          '    at _runTestsForDescribeBlock (/home/runner/work/Malnu-Kananga/Malnu-Kananga/node_modules/jest-circus/build/jestAdapterInit.js:862:11)\n' +
          '    at _runTestsForDescribeBlock (/home/runner/work/Malnu-Kananga/Malnu-Kananga/node_modules/jest-circus/build/jestAdapterInit.js:857:11)\n' +
          '    at run (/home/runner/work/Malnu-Kananga/Malnu-Kananga/node_modules/jest-circus/build/jestAdapterInit.js:761:3)\n' +
          '    at runAndTransformResultsToJestFormat (/home/runner/work/Malnu-Kananga/Malnu-Kananga/node_modules/jest-circus/build/jestAdapterInit.js:1918:21)\n' +
          '    at jestAdapter (/home/runner/work/Malnu-Kananga/Malnu-Kananga/node_modules/jest-circus/build/runner.js:101:19)\n' +
          '    at runTestInternal (/home/runner/work/Malnu-Kananga/Malnu-Kananga/node_modules/jest-runner/build/testWorker.js:275:16)\n' +
          '    at runTest (/home/runner/work/Malnu-Kananga/Malnu-Kananga/node_modules/jest-runner/build/testWorker.js:343:7)\n' +
          '    at Object.worker (/home/runner/work/Malnu-Kananga/Malnu-Kananga/node_modules/jest-runner/build/testWorker.js:497:12)',
        [message]: 'Nested error'
      }
      
      The above error occurred in the <NestedComponent> component.
      
      React will try to recreate this component tree from scratch using the error boundary you provided, ErrorBoundary.

    [0m [90m 287 |[39m     }[33m;[39m
     [90m 288 |[39m
    [31m[1m>[22m[39m[90m 289 |[39m     render(
     [90m     |[39m           [31m[1m^[22m[39m
     [90m 290 |[39m       [33m<[39m[33mErrorBoundary[39m[33m>[39m
     [90m 291 |[39m         [33m<[39m[33mParentComponent[39m childShouldThrow[33m=[39m{[36mtrue[39m} [33m/[39m[33m>[39m
     [90m 292 |[39m       [33m<[39m[33m/[39m[33mErrorBoundary[39m[33m>[39m[0m

      at defaultOnCaughtError (node_modules/react-dom/cjs/react-dom-client.development.js:9410:17)
      at logCaughtError (node_modules/react-dom/cjs/react-dom-client.development.js:9446:9)
      at runWithFiberInDEV (node_modules/react-dom/cjs/react-dom-client.development.js:874:13)
      at ErrorBoundary.inst.componentDidCatch.update.callback (node_modules/react-dom/cjs/react-dom-client.development.js:9493:11)
      at callCallback (node_modules/react-dom/cjs/react-dom-client.development.js:7423:16)
      at commitCallbacks (node_modules/react-dom/cjs/react-dom-client.development.js:7443:11)
      at runWithFiberInDEV (node_modules/react-dom/cjs/react-dom-client.development.js:874:13)
      at commitClassCallbacks (node_modules/react-dom/cjs/react-dom-client.development.js:13377:11)
      at commitLayoutEffectOnFiber (node_modules/react-dom/cjs/react-dom-client.development.js:14026:25)
      at recursivelyTraverseLayoutEffects (node_modules/react-dom/cjs/react-dom-client.development.js:15159:11)
      at commitLayoutEffectOnFiber (node_modules/react-dom/cjs/react-dom-client.development.js:14031:11)
      at flushLayoutEffects (node_modules/react-dom/cjs/react-dom-client.development.js:18138:15)
      at commitRoot (node_modules/react-dom/cjs/react-dom-client.development.js:17954:9)
      at performWorkOnRoot (node_modules/react-dom/cjs/react-dom-client.development.js:16667:15)
      at performWorkOnRootViaSchedulerTask (node_modules/react-dom/cjs/react-dom-client.development.js:18957:7)
      at flushActQueue (node_modules/react/cjs/react.development.js:590:34)
      at process.env.NODE_ENV.exports.act (node_modules/react/cjs/react.development.js:884:10)
      at node_modules/@testing-library/react/dist/act-compat.js:47:25
      at renderRoot (node_modules/@testing-library/react/dist/pure.js:190:26)
      at render (node_modules/@testing-library/react/dist/pure.js:292:10)
      at Object.<anonymous> (src/components/ErrorBoundary.test.tsx:289:11)

    console.group
        🚨 Error Log [MEDIUM]

      at ErrorLoggingService.group [as reportToConsole] (src/services/errorLoggingService.ts:143:13)

    console.warn
        Message: Nested error

    [0m [90m 142 |[39m
     [90m 143 |[39m     console[33m.[39mgroup([32m`🚨 Error Log [${errorLog.severity.toUpperCase()}]`[39m)[33m;[39m
    [31m[1m>[22m[39m[90m 144 |[39m     console[logMethod]([32m`Message: ${errorLog.message}`[39m)[33m;[39m
     [90m     |[39m                       [31m[1m^[22m[39m
     [90m 145 |[39m     console[33m.[39mlog([32m`Category: ${errorLog.category}`[39m)[33m;[39m
     [90m 146 |[39m     console[33m.[39mlog([32m`URL: ${errorLog.url}`[39m)[33m;[39m
     [90m 147 |[39m     console[33m.[39mlog([32m`Timestamp: ${errorLog.timestamp}`[39m)[33m;[39m[0m

      at ErrorLoggingService.reportToConsole (src/services/errorLoggingService.ts:144:23)
      at ErrorLoggingService.reportToConsole [as logError] (src/services/errorLoggingService.ts:195:10)
      at ErrorLoggingService.logError [as logErrorBoundary] (src/services/errorLoggingService.ts:203:16)
      at ErrorBoundary.logErrorBoundary [as componentDidCatch] (src/components/ErrorBoundary.tsx:32:25)
      at Object.react_stack_bottom_frame (node_modules/react-dom/cjs/react-dom-client.development.js:25959:20)
      at ErrorBoundary.inst.componentDidCatch.update.callback (node_modules/react-dom/cjs/react-dom-client.development.js:9504:11)
      at callCallback (node_modules/react-dom/cjs/react-dom-client.development.js:7423:16)
      at commitCallbacks (node_modules/react-dom/cjs/react-dom-client.development.js:7443:11)
      at runWithFiberInDEV (node_modules/react-dom/cjs/react-dom-client.development.js:874:13)
      at commitClassCallbacks (node_modules/react-dom/cjs/react-dom-client.development.js:13377:11)
      at commitLayoutEffectOnFiber (node_modules/react-dom/cjs/react-dom-client.development.js:14026:25)
      at recursivelyTraverseLayoutEffects (node_modules/react-dom/cjs/react-dom-client.development.js:15159:11)
      at commitLayoutEffectOnFiber (node_modules/react-dom/cjs/react-dom-client.development.js:14031:11)
      at flushLayoutEffects (node_modules/react-dom/cjs/react-dom-client.development.js:18138:15)
      at commitRoot (node_modules/react-dom/cjs/react-dom-client.development.js:17954:9)
      at performWorkOnRoot (node_modules/react-dom/cjs/react-dom-client.development.js:16667:15)
      at performWorkOnRootViaSchedulerTask (node_modules/react-dom/cjs/react-dom-client.development.js:18957:7)
      at flushActQueue (node_modules/react/cjs/react.development.js:590:34)
      at process.env.NODE_ENV.exports.act (node_modules/react/cjs/react.development.js:884:10)
      at node_modules/@testing-library/react/dist/act-compat.js:47:25
      at renderRoot (node_modules/@testing-library/react/dist/pure.js:190:26)
      at render (node_modules/@testing-library/react/dist/pure.js:292:10)
      at Object.<anonymous> (src/components/ErrorBoundary.test.tsx:289:11)

    console.log
        Category: component

      at ErrorLoggingService.log [as reportToConsole] (src/services/errorLoggingService.ts:145:13)

    console.log
        URL: http://localhost/

      at ErrorLoggingService.log [as reportToConsole] (src/services/errorLoggingService.ts:146:13)

    console.log
        Timestamp: 2025-11-20T08:29:27.135Z

      at ErrorLoggingService.log [as reportToConsole] (src/services/errorLoggingService.ts:147:13)

    console.log
        Session ID: session_1763627366524_7goyutppx

      at ErrorLoggingService.log [as reportToConsole] (src/services/errorLoggingService.ts:148:13)

    console.log
        Stack Trace: Error: Nested error
          at NestedComponent (/home/runner/work/Malnu-Kananga/Malnu-Kananga/src/components/ErrorBoundary.test.tsx:275:15)
          at Object.react_stack_bottom_frame (/home/runner/work/Malnu-Kananga/Malnu-Kananga/node_modules/react-dom/cjs/react-dom-client.development.js:25904:20)
          at renderWithHooks (/home/runner/work/Malnu-Kananga/Malnu-Kananga/node_modules/react-dom/cjs/react-dom-client.development.js:7662:22)
          at updateFunctionComponent (/home/runner/work/Malnu-Kananga/Malnu-Kananga/node_modules/react-dom/cjs/react-dom-client.development.js:10166:19)
          at beginWork (/home/runner/work/Malnu-Kananga/Malnu-Kananga/node_modules/react-dom/cjs/react-dom-client.development.js:11778:18)
          at runWithFiberInDEV (/home/runner/work/Malnu-Kananga/Malnu-Kananga/node_modules/react-dom/cjs/react-dom-client.development.js:874:13)
          at performUnitOfWork (/home/runner/work/Malnu-Kananga/Malnu-Kananga/node_modules/react-dom/cjs/react-dom-client.development.js:17641:22)
          at workLoopSync (/home/runner/work/Malnu-Kananga/Malnu-Kananga/node_modules/react-dom/cjs/react-dom-client.development.js:17469:41)
          at renderRootSync (/home/runner/work/Malnu-Kananga/Malnu-Kananga/node_modules/react-dom/cjs/react-dom-client.development.js:17450:11)
          at performWorkOnRoot (/home/runner/work/Malnu-Kananga/Malnu-Kananga/node_modules/react-dom/cjs/react-dom-client.development.js:16583:35)
          at performWorkOnRootViaSchedulerTask (/home/runner/work/Malnu-Kananga/Malnu-Kananga/node_modules/react-dom/cjs/react-dom-client.development.js:18957:7)
          at flushActQueue (/home/runner/work/Malnu-Kananga/Malnu-Kananga/node_modules/react/cjs/react.development.js:590:34)
          at process.env.NODE_ENV.exports.act (/home/runner/work/Malnu-Kananga/Malnu-Kananga/node_modules/react/cjs/react.development.js:884:10)
          at /home/runner/work/Malnu-Kananga/Malnu-Kananga/node_modules/@testing-library/react/dist/act-compat.js:47:25
          at renderRoot (/home/runner/work/Malnu-Kananga/Malnu-Kananga/node_modules/@testing-library/react/dist/pure.js:190:26)
          at render (/home/runner/work/Malnu-Kananga/Malnu-Kananga/node_modules/@testing-library/react/dist/pure.js:292:10)
          at Object.<anonymous> (/home/runner/work/Malnu-Kananga/Malnu-Kananga/src/components/ErrorBoundary.test.tsx:289:11)
          at Promise.finally.completed (/home/runner/work/Malnu-Kananga/Malnu-Kananga/node_modules/jest-circus/build/jestAdapterInit.js:1557:28)
          at new Promise (<anonymous>)
          at callAsyncCircusFn (/home/runner/work/Malnu-Kananga/Malnu-Kananga/node_modules/jest-circus/build/jestAdapterInit.js:1497:10)
          at _callCircusTest (/home/runner/work/Malnu-Kananga/Malnu-Kananga/node_modules/jest-circus/build/jestAdapterInit.js:1007:40)
          at processTicksAndRejections (node:internal/process/task_queues:95:5)
          at _runTest (/home/runner/work/Malnu-Kananga/Malnu-Kananga/node_modules/jest-circus/build/jestAdapterInit.js:947:3)
          at /home/runner/work/Malnu-Kananga/Malnu-Kananga/node_modules/jest-circus/build/jestAdapterInit.js:849:7
          at _runTestsForDescribeBlock (/home/runner/work/Malnu-Kananga/Malnu-Kananga/node_modules/jest-circus/build/jestAdapterInit.js:862:11)
          at _runTestsForDescribeBlock (/home/runner/work/Malnu-Kananga/Malnu-Kananga/node_modules/jest-circus/build/jestAdapterInit.js:857:11)
          at run (/home/runner/work/Malnu-Kananga/Malnu-Kananga/node_modules/jest-circus/build/jestAdapterInit.js:761:3)
          at runAndTransformResultsToJestFormat (/home/runner/work/Malnu-Kananga/Malnu-Kananga/node_modules/jest-circus/build/jestAdapterInit.js:1918:21)
          at jestAdapter (/home/runner/work/Malnu-Kananga/Malnu-Kananga/node_modules/jest-circus/build/runner.js:101:19)
          at runTestInternal (/home/runner/work/Malnu-Kananga/Malnu-Kananga/node_modules/jest-runner/build/testWorker.js:275:16)
          at runTest (/home/runner/work/Malnu-Kananga/Malnu-Kananga/node_modules/jest-runner/build/testWorker.js:343:7)
          at Object.worker (/home/runner/work/Malnu-Kananga/Malnu-Kananga/node_modules/jest-runner/build/testWorker.js:497:12)

      at ErrorLoggingService.log [as reportToConsole] (src/services/errorLoggingService.ts:151:15)

    console.log
        Component Stack: 
          at NestedComponent (/home/runner/work/Malnu-Kananga/Malnu-Kananga/src/components/ErrorBoundary.test.tsx:273:32)
          at div (<anonymous>)
          at ParentComponent (/home/runner/work/Malnu-Kananga/Malnu-Kananga/src/components/ErrorBoundary.test.tsx:280:32)
          at ErrorBoundary (/home/runner/work/Malnu-Kananga/Malnu-Kananga/src/components/ErrorBoundary.tsx:2509:5)

      at ErrorLoggingService.log [as reportToConsole] (src/services/errorLoggingService.ts:155:15)

    console.log
        Metadata: {
        componentName: 'ErrorBoundary',
        props: [ 'children' ],
        hasCustomFallback: false,
        hasCustomErrorHandler: false
      }

      at ErrorLoggingService.log [as reportToConsole] (src/services/errorLoggingService.ts:159:15)

  ● ErrorBoundary › seharusnya menampilkan detail error di development mode

    TestingLibraryElementError: Found multiple elements with the text: /Test error/

    Here are the matching elements:

    Ignored nodes: comments, script, style
    [36m<div[39m
      [33mclass[39m=[32m"text-red-600 dark:text-red-400 font-semibold mb-2"[39m
    [36m>[39m
      [0mError[0m
      [0m: [0m
      [0mTest error[0m
    [36m</div>[39m

    Ignored nodes: comments, script, style
    [36m<pre[39m
      [33mclass[39m=[32m"whitespace-pre-wrap text-xs"[39m
    [36m>[39m
      [0mError: Test error

    [0m [90m  7 |[39m [36mconst[39m [33mThrowErrorComponent[39m [33m=[39m ({ shouldThrow [33m=[39m [36mfalse[39m }[33m:[39m { shouldThrow[33m?[39m[33m:[39m boolean }) [33m=>[39m {
     [90m  8 |[39m   [36mif[39m (shouldThrow) {
    [31m[1m>[22m[39m[90m  9 |[39m     [36mthrow[39m [36mnew[39m [33mError[39m([32m'Test error'[39m)[33m;[39m
     [90m    |[39m           [31m[1m^[22m[39m
     [90m 10 |[39m   }
     [90m 11 |[39m   [36mreturn[39m [33m<[39m[33mdiv[39m[33m>[39m[33mNormal[39m [33mComponent[39m[33m<[39m[33m/[39m[33mdiv[39m[33m>[39m[33m;[39m
     [90m 12 |[39m }[33m;[39m[0m

      at ThrowErrorComponent (src/components/ErrorBoundary.test.tsx:9:11)
      at Object.react_stack_bottom_frame (node_modules/react-dom/cjs/react-dom-client.development.js:25904:20)
      at renderWithHooks (node_modules/react-dom/cjs/react-dom-client.development.js:7662:22)
      at updateFunctionComponent (node_modules/react-dom/cjs/react-dom-client.development.js:10166:19)
      at beginWork (node_modules/react-dom/cjs/react-dom-client.development.js:11778:18)
      at runWithFiberInDEV (node_modules/react-dom/cjs/react-dom-client.development.js:874:13)
      at performUnitOfWork (node_modules/react-dom/cjs/react-dom-client.development.js:17641:22)
      at workLoopSync (node_modules/react-dom/cjs/react-dom-client.development.js:17469:41)
      at renderRootSync (node_modules/react-dom/cjs/react-dom-client.development.js:17450:11)
      at performWorkOnRoot (node_modules/react-dom/cjs/react-dom-client.development.js:16583:35)
      at performWorkOnRootViaSchedulerTask (node_modules/react-dom/cjs/react-dom-client.development.js:18957:7)
      at flushActQueue (node_modules/react/cjs/react.development.js:590:34)
      at process.env.NODE_ENV.exports.act (node_modules/react/cjs/react.development.js:884:10)
      at node_modules/@testing-library/react/dist/act-compat.js:47:25
      at renderRoot (node_modules/@testing-library/react/dist/pure.js:190:26)
      at render (node_modules/@testing-library/react/dist/pure.js:292:10)
      at Object.&lt;anonymous&gt; (src/components/ErrorBoundary.test.tsx:101:11)
          at new Promise (&lt;anonymous&gt;)
      [36m</pre>[39m
      (If this is intentional, then use the `*AllBy*` variant of the query (like `queryAllByText`, `getAllByText`, or `findAllByText`)).
      Ignored nodes: comments, script, style
      [36m<body>[39m
        [36m<div>[39m
          [36m<div[39m
            [33mclass[39m=[32m"min-h-screen bg-gray-50 dark:bg-gray-900 flex items-center justify-center px-4"[39m
          [36m>[39m
            [36m<div[39m
              [33mclass[39m=[32m"max-w-md w-full bg-white dark:bg-gray-800 rounded-lg shadow-lg p-6 text-center"[39m
            [36m>[39m
              [36m<div[39m
                [33mclass[39m=[32m"mb-6"[39m
              [36m>[39m
                [36m<div[39m
                  [33mclass[39m=[32m"mx-auto flex items-center justify-center h-16 w-16 rounded-full bg-red-100 dark:bg-red-900 mb-4"[39m
                [36m>[39m
                  [36m<svg[39m
                    [33mclass[39m=[32m"h-8 w-8 text-red-600 dark:text-red-400"[39m
                    [33mfill[39m=[32m"none"[39m
                    [33mstroke[39m=[32m"currentColor"[39m
                    [33mviewBox[39m=[32m"0 0 24 24"[39m
                  [36m>[39m
                    [36m<path[39m
                      [33md[39m=[32m"M12 9v2m0 4h.01m-6.938 4h13.856c1.54 0 2.502-1.667 1.732-2.5L13.732 4c-.77-.833-1.964-.833-2.732 0L3.732 16.5c-.77.833.192 2.5 1.732 2.5z"[39m
                      [33mstroke-linecap[39m=[32m"round"[39m
                      [33mstroke-linejoin[39m=[32m"round"[39m
                      [33mstroke-width[39m=[32m"2"[39m
                    [36m/>[39m
                  [36m</svg>[39m
                [36m</div>[39m
                [36m<h1[39m
                  [33mclass[39m=[32m"text-xl font-semibold text-gray-900 dark:text-white mb-2"[39m
                [36m>[39m
                  [0mTerjadi Kesalahan[0m
                [36m</h1>[39m
                [36m<p[39m
                  [33mclass[39m=[32m"text-gray-600 dark:text-gray-400 text-sm"[39m
                [36m>[39m
                  [0mMaaf, terjadi kesalahan yang tidak terduga. Halaman akan dimuat ulang untuk memperbaiki masalah ini.[0m
                [36m</p>[39m
              [36m</div>[39m
              [36m<div[39m
                [33mclass[39m=[32m"space-y-3"[39m
              [36m>[39m
                [36m<button[39m
                  [33mclass[39m=[32m"w-full bg-green-600 text-white py-2 px-4 rounded-md hover:bg-green-700 focus:outline-none focus:ring-2 focus:ring-green-500 focus:ring-offset-2 transition-colors"[39m
                [36m>[39m
                  [0mMuat Ulang Halaman[0m
                [36m</button>[39m
                [36m<button[39m
                  [33mclass[39m=[32m"w-full bg-gray-100 dark:bg-gray-700 text-gray-700 dark:text-gray-300 py-2 px-4 rounded-md hover:bg-gray-200 dark:hover:bg-gray-600 focus:outline-none focus:ring-2 focus:ring-gray-500 focus:ring-offset-2 transition-colors"[39m
                [36m>[39m
                  [0mCoba Lagi[0m
                [36m</button>[39m
              [36m</div>[39m
              [36m<details[39m
                [33mclass[39m=[32m"mt-6 text-left"[39m
                [33mopen[39m=[32m""[39m
              [36m>[39m
                [36m<summary[39m
                  [33mclass[39m=[32m"cursor-pointer text-sm text-gray-500 dark:text-gray-400 hover:text-gray-700 dark:hover:text-gray-300"[39m
                [36m>[39m
                  [0mDetail Error (Development)[0m
                [36m</summary>[39m
                [36m<div[39m
                  [33mclass[39m=[32m"mt-3 p-3 bg-gray-100 dark:bg-gray-700 rounded text-xs text-gray-600 dark:text-gray-400 overflow-auto max-h-64 space-y-3"[39m
                [36m>[39m
                  [36m<div[39m
                    [33mclass[39m=[32m"font-mono"[39m
                  [36m>[39m
                    [36m<div[39m
                      [33mclass[39m=[32m"text-red-600 dark:text-red-400 font-semibold mb-2"[39m
                    [36m>[39m
                      [0mError[0m
                      [0m: [0m
                      [0mTest error[0m
                    [36m</div>[39m
                    [36m<div[39m
                      [33mclass[39m=[32m"mb-3"[39m
                    [36m>[39m
                      [36m<div[39m
                        [33mclass[39m=[32m"text-blue-600 dark:text-blue-400 font-semibold mb-1"[39m
                      [36m>[39m
                        [0mStack Trace:[0m
                      [36m</div>[39m
                      [36m<pre[39m
                        [33mclass[39m=[32m"whitespace-pre-wrap text-xs"[39m
                      [36m>[39m
                        [0mError: Test error
      at ThrowErrorComponent (src/components/ErrorBoundary.test.tsx:9:11)
      at Object.react_stack_bottom_frame (node_modules/react-dom/cjs/react-dom-client.development.js:25904:20)
      at renderWithHooks (node_modules/react-dom/cjs/react-dom-client.development.js:7662:22)
      at updateFunctionComponent (node_modules/react-dom/cjs/react-dom-client.development.js:10166:19)
      at beginWork (node_modules/react-dom/cjs/react-dom-client.development.js:11778:18)
      at runWithFiberInDEV (node_modules/react-dom/cjs/react-dom-client.development.js:874:13)
      at performUnitOfWork (node_modules/react-dom/cjs/react-dom-client.development.js:17641:22)
      at workLoopSync (node_modules/react-dom/cjs/react-dom-client.development.js:17469:41)
      at renderRootSync (node_modules/react-dom/cjs/react-dom-client.development.js:17450:11)
      at performWorkOnRoot (node_modules/react-dom/cjs/react-dom-client.development.js:16583:35)
      at performWorkOnRootViaSchedulerTask (node_modules/react-dom/cjs/react-dom-client.development.js:18957:7)
      at flushActQueue (node_modules/react/cjs/react.development.js:590:34)
      at process.env.NODE_ENV.exports.act (node_modules/react/cjs/react.development.js:884:10)
      at node_modules/@testing-library/react/dist/act-compat.js:47:25
      at renderRoot (node_modules/@testing-library/react/dist/pure.js:190:26)
      at render (node_modules/@testing-library/react/dist/pure.js:292:10)
      at Object.&lt;anonymous&gt; (src/components/ErrorBoundary.test.tsx:101:11)
          at new Promise (&lt;anonymous&gt;)
          at _runTest (/home/runner/work/Malnu-Ka...
      at Object.getElementError (node_modules/@testing-library/dom/dist/config.js:37:19)
      at getElementError (node_modules/@testing-library/dom/dist/query-helpers.js:20:35)
      at getMultipleElementsFoundError (node_modules/@testing-library/dom/dist/query-helpers.js:23:10)
      at node_modules/@testing-library/dom/dist/query-helpers.js:55:13
      at node_modules/@testing-library/dom/dist/query-helpers.js:95:19
      at Object.<anonymous> (src/components/ErrorBoundary.test.tsx:113:19)

  ● ErrorBoundary › seharusnya mereset state ketika tombol "Coba Lagi" diklik

    TestingLibraryElementError: Unable to find an element with the text: Normal Component. This could be because the text is broken up by multiple elements. In this case, you can provide a function for your text matcher to make your matcher more flexible.

    Ignored nodes: comments, script, style
    [36m<body>[39m
      [36m<div>[39m
        [36m<div[39m
          [33mclass[39m=[32m"min-h-screen bg-gray-50 dark:bg-gray-900 flex items-center justify-center px-4"[39m
        [36m>[39m
          [36m<div[39m
            [33mclass[39m=[32m"max-w-md w-full bg-white dark:bg-gray-800 rounded-lg shadow-lg p-6 text-center"[39m
          [36m>[39m
            [36m<div[39m
              [33mclass[39m=[32m"mb-6"[39m
            [36m>[39m
              [36m<div[39m
                [33mclass[39m=[32m"mx-auto flex items-center justify-center h-16 w-16 rounded-full bg-red-100 dark:bg-red-900 mb-4"[39m
              [36m>[39m
                [36m<svg[39m
                  [33mclass[39m=[32m"h-8 w-8 text-red-600 dark:text-red-400"[39m
                  [33mfill[39m=[32m"none"[39m
                  [33mstroke[39m=[32m"currentColor"[39m
                  [33mviewBox[39m=[32m"0 0 24 24"[39m
                [36m>[39m
                  [36m<path[39m
                    [33md[39m=[32m"M12 9v2m0 4h.01m-6.938 4h13.856c1.54 0 2.502-1.667 1.732-2.5L13.732 4c-.77-.833-1.964-.833-2.732 0L3.732 16.5c-.77.833.192 2.5 1.732 2.5z"[39m
                    [33mstroke-linecap[39m=[32m"round"[39m
                    [33mstroke-linejoin[39m=[32m"round"[39m
                    [33mstroke-width[39m=[32m"2"[39m
                  [36m/>[39m
                [36m</svg>[39m
              [36m</div>[39m
              [36m<h1[39m
                [33mclass[39m=[32m"text-xl font-semibold text-gray-900 dark:text-white mb-2"[39m
              [36m>[39m
                [0mTerjadi Kesalahan[0m
              [36m</h1>[39m
              [36m<p[39m
                [33mclass[39m=[32m"text-gray-600 dark:text-gray-400 text-sm"[39m
              [36m>[39m
                [0mMaaf, terjadi kesalahan yang tidak terduga. Halaman akan dimuat ulang untuk memperbaiki masalah ini.[0m
              [36m</p>[39m
            [36m</div>[39m
            [36m<div[39m
              [33mclass[39m=[32m"space-y-3"[39m
            [36m>[39m
              [36m<button[39m
                [33mclass[39m=[32m"w-full bg-green-600 text-white py-2 px-4 rounded-md hover:bg-green-700 focus:outline-none focus:ring-2 focus:ring-green-500 focus:ring-offset-2 transition-colors"[39m
              [36m>[39m
                [0mMuat Ulang Halaman[0m
              [36m</button>[39m
              [36m<button[39m
                [33mclass[39m=[32m"w-full bg-gray-100 dark:bg-gray-700 text-gray-700 dark:text-gray-300 py-2 px-4 rounded-md hover:bg-gray-200 dark:hover:bg-gray-600 focus:outline-none focus:ring-2 focus:ring-gray-500 focus:ring-offset-2 transition-colors"[39m
              [36m>[39m
                [0mCoba Lagi[0m
              [36m</button>[39m
            [36m</div>[39m
            [36m<details[39m
              [33mclass[39m=[32m"mt-6 text-left"[39m
            [36m>[39m
              [36m<summary[39m
                [33mclass[39m=[32m"cursor-pointer text-sm text-gray-500 dark:text-gray-400 hover:text-gray-700 dark:hover:text-gray-300"[39m
              [36m>[39m
                [0mDetail Error (Development)[0m
              [36m</summary>[39m
              [36m<div[39m
                [33mclass[39m=[32m"mt-3 p-3 bg-gray-100 dark:bg-gray-700 rounded text-xs text-gray-600 dark:text-gray-400 overflow-auto max-h-64 space-y-3"[39m
              [36m>[39m
                [36m<div[39m
                  [33mclass[39m=[32m"font-mono"[39m
                [36m>[39m
                  [36m<div[39m
                    [33mclass[39m=[32m"text-red-600 dark:text-red-400 font-semibold mb-2"[39m
                  [36m>[39m
                    [0mError[0m
                    [0m: [0m
                    [0mTest error[0m
                  [36m</div>[39m
                  [36m<div[39m
                    [33mclass[39m=[32m"mb-3"[39m
                  [36m>[39m
                    [36m<div[39m
                      [33mclass[39m=[32m"text-blue-600 dark:text-blue-400 font-semibold mb-1"[39m
                    [36m>[39m
                      [0mStack Trace:[0m
                    [36m</div>[39m
                    [36m<pre[39m
                      [33mclass[39m=[32m"whitespace-pre-wrap text-xs"[39m
                    [36m>[39m
                      [0mError: Test error

    [0m [90m  7 |[39m [36mconst[39m [33mThrowErrorComponent[39m [33m=[39m ({ shouldThrow [33m=[39m [36mfalse[39m }[33m:[39m { shouldThrow[33m?[39m[33m:[39m boolean }) [33m=>[39m {
     [90m  8 |[39m   [36mif[39m (shouldThrow) {
    [31m[1m>[22m[39m[90m  9 |[39m     [36mthrow[39m [36mnew[39m [33mError[39m([32m'Test error'[39m)[33m;[39m
     [90m    |[39m           [31m[1m^[22m[39m
     [90m 10 |[39m   }
     [90m 11 |[39m   [36mreturn[39m [33m<[39m[33mdiv[39m[33m>[39m[33mNormal[39m [33mComponent[39m[33m<[39m[33m/[39m[33mdiv[39m[33m>[39m[33m;[39m
     [90m 12 |[39m }[33m;[39m[0m

      at ThrowErrorComponent (src/components/ErrorBoundary.test.tsx:9:11)
      at Object.react_stack_bottom_frame (node_modules/react-dom/cjs/react-dom-client.development.js:25904:20)
      at renderWithHooks (node_modules/react-dom/cjs/react-dom-client.development.js:7662:22)
      at updateFunctionComponent (node_modules/react-dom/cjs/react-dom-client.development.js:10166:19)
      at beginWork (node_modules/react-dom/cjs/react-dom-client.development.js:11778:18)
      at runWithFiberInDEV (node_modules/react-dom/cjs/react-dom-client.development.js:874:13)
      at performUnitOfWork (node_modules/react-dom/cjs/react-dom-client.development.js:17641:22)
      at workLoopSync (node_modules/react-dom/cjs/react-dom-client.development.js:17469:41)
      at renderRootSync (node_modules/react-dom/cjs/react-dom-client.development.js:17450:11)
      at performWorkOnRoot (node_modules/react-dom/cjs/react-dom-client.development.js:16583:35)
      at performSyncWorkOnRoot (node_modules/react-dom/cjs/react-dom-client.development.js:18972:7)
      at flushSyncWorkAcrossRoots_impl (node_modules/react-dom/cjs/react-dom-client.development.js:18814:21)
      at processRootScheduleInMicrotask (node_modules/react-dom/cjs/react-dom-client.development.js:18853:9)
      at node_modules/react-dom/cjs/react-dom-client.development.js:18982:11
      at flushActQueue (node_modules/react/cjs/react.development.js:590:34)
      at process.env.NODE_ENV.exports.act (node_modules/react/cjs/react.development.js:884:10)
      at node_modules/@testing-library/react/dist/act-compat.js:47:25
      at Object.eventWrapper (node_modules/@testing-library/react/dist/pure.js:107:28)
      at fireEvent (node_modules/@testing-library/dom/dist/events.js:12:35)
      at Function.fireEvent.&lt;computed&gt; [as click] (node_modules/@testing-library/dom/dist/events.js:110:36)
          at Function.fireEvent.&lt;computed&gt; [as click] (/home/runner/work/Malnu-Kananga/Malnu-Kananga/node_modules/@testing-library/rea...
      at Object.getElementError (node_modules/@testing-library/dom/dist/config.js:37:19)
      at node_modules/@testing-library/dom/dist/query-helpers.js:76:38
      at node_modules/@testing-library/dom/dist/query-helpers.js:52:17
      at node_modules/@testing-library/dom/dist/query-helpers.js:95:19
      at Object.<anonymous> (src/components/ErrorBoundary.test.tsx:155:19)

  ● ErrorBoundary › seharusnya me-reload halaman ketika tombol "Muat Ulang Halaman" diklik

    TypeError: Cannot redefine property: reload
        at Function.defineProperty (<anonymous>)

    [0m [90m 158 |[39m   it([32m'seharusnya me-reload halaman ketika tombol "Muat Ulang Halaman" diklik'[39m[33m,[39m () [33m=>[39m {
     [90m 159 |[39m     [36mconst[39m reloadMock [33m=[39m jest[33m.[39mfn()[33m;[39m
    [31m[1m>[22m[39m[90m 160 |[39m     [33mObject[39m[33m.[39mdefineProperty(window[33m.[39mlocation[33m,[39m [32m'reload'[39m[33m,[39m {
     [90m     |[39m            [31m[1m^[22m[39m
     [90m 161 |[39m       value[33m:[39m reloadMock[33m,[39m
     [90m 162 |[39m       writable[33m:[39m [36mtrue[39m[33m,[39m
     [90m 163 |[39m     })[33m;[39m[0m

      at Object.<anonymous> (src/components/ErrorBoundary.test.tsx:160:12)

  ● useErrorHandler hook › seharusnya melempar error ketika dipanggil

    Manual error

    [0m [90m 246 |[39m       
     [90m 247 |[39m       [36mconst[39m handleClick [33m=[39m () [33m=>[39m {
    [31m[1m>[22m[39m[90m 248 |[39m         handleError([36mnew[39m [33mError[39m([32m'Manual error'[39m))[33m;[39m
     [90m     |[39m                     [31m[1m^[22m[39m
     [90m 249 |[39m       }[33m;[39m
     [90m 250 |[39m
     [90m 251 |[39m       [36mreturn[39m ([0m

      at handleClick (src/components/ErrorBoundary.test.tsx:248:21)
      at executeDispatch (node_modules/react-dom/cjs/react-dom-client.development.js:19116:9)
      at runWithFiberInDEV (node_modules/react-dom/cjs/react-dom-client.development.js:874:13)
      at processDispatchQueue (node_modules/react-dom/cjs/react-dom-client.development.js:19166:19)
      at node_modules/react-dom/cjs/react-dom-client.development.js:19767:9
      at batchedUpdates$1 (node_modules/react-dom/cjs/react-dom-client.development.js:3255:40)
      at dispatchEventForPluginEventSystem (node_modules/react-dom/cjs/react-dom-client.development.js:19320:7)
      at dispatchEvent (node_modules/react-dom/cjs/react-dom-client.development.js:23585:11)
      at dispatchDiscreteEvent (node_modules/react-dom/cjs/react-dom-client.development.js:23553:11)
      at HTMLDivElement.callTheUserObjectsOperation (node_modules/jsdom/lib/jsdom/living/generated/EventListener.js:26:30)
      at innerInvokeEventListeners (node_modules/jsdom/lib/jsdom/living/events/EventTarget-impl.js:350:25)
      at invokeEventListeners (node_modules/jsdom/lib/jsdom/living/events/EventTarget-impl.js:286:3)
      at HTMLButtonElementImpl._dispatch (node_modules/jsdom/lib/jsdom/living/events/EventTarget-impl.js:233:9)
      at HTMLButtonElementImpl.dispatchEvent (node_modules/jsdom/lib/jsdom/living/events/EventTarget-impl.js:104:17)
      at HTMLButtonElement.dispatchEvent (node_modules/jsdom/lib/jsdom/living/generated/EventTarget.js:241:34)
      at node_modules/@testing-library/dom/dist/events.js:19:20
      at node_modules/@testing-library/react/dist/pure.js:108:16
      at node_modules/@testing-library/react/dist/act-compat.js:48:24
      at process.env.NODE_ENV.exports.act (node_modules/react/cjs/react.development.js:814:22)
      at node_modules/@testing-library/react/dist/act-compat.js:47:25
      at Object.eventWrapper (node_modules/@testing-library/react/dist/pure.js:107:28)
      at fireEvent (node_modules/@testing-library/dom/dist/events.js:12:35)
      at Function.fireEvent.<computed> [as click] (node_modules/@testing-library/dom/dist/events.js:110:36)
      at Function.fireEvent.<computed> [as click] (node_modules/@testing-library/react/dist/fire-event.js:15:52)
      at Object.<anonymous> (src/components/ErrorBoundary.test.tsx:265:15)

  ● useErrorHandler hook › seharusnya melempar error ketika dipanggil

    TestingLibraryElementError: Unable to find an element with the text: Terjadi Kesalahan. This could be because the text is broken up by multiple elements. In this case, you can provide a function for your text matcher to make your matcher more flexible.

    Ignored nodes: comments, script, style
    [36m<body>[39m
      [36m<div>[39m
        [36m<div>[39m
          [36m<button>[39m
            [0mThrow Error[0m
          [36m</button>[39m
        [36m</div>[39m
      [36m</div>[39m
    [36m</body>[39m

    [0m [90m 265 |[39m     fireEvent[33m.[39mclick(button)[33m;[39m
     [90m 266 |[39m
    [31m[1m>[22m[39m[90m 267 |[39m     expect(screen[33m.[39mgetByText([32m'Terjadi Kesalahan'[39m))[33m.[39mtoBeInTheDocument()[33m;[39m
     [90m     |[39m                   [31m[1m^[22m[39m
     [90m 268 |[39m   })[33m;[39m
     [90m 269 |[39m })[33m;[39m
     [90m 270 |[39m[0m

      at Object.getElementError (node_modules/@testing-library/dom/dist/config.js:37:19)
      at node_modules/@testing-library/dom/dist/query-helpers.js:76:38
      at node_modules/@testing-library/dom/dist/query-helpers.js:52:17
      at node_modules/@testing-library/dom/dist/query-helpers.js:95:19
      at Object.<anonymous> (src/components/ErrorBoundary.test.tsx:267:19)

PASS src/components/AssignmentSubmission.test.tsx
PASS src/components/Header.test.tsx
PASS src/hooks/useWebP.test.tsx
  ● Console

    console.error
      An update to WebPProvider inside a test was not wrapped in act(...).
      
      When testing, code that causes React state updates should be wrapped into act(...):
      
      act(() => {
        /* fire events that update state */
      });
      /* assert on the output */
      
      This ensures that you're testing the behavior the user would see in the browser. Learn more at https://react.dev/link/wrap-tests-with-act

    [0m [90m 33 |[39m     initializeWebPDetection()
     [90m 34 |[39m       [33m.[39mthen((result) [33m=>[39m {
    [31m[1m>[22m[39m[90m 35 |[39m         setSupportsWebP(result)[33m;[39m
     [90m    |[39m         [31m[1m^[22m[39m
     [90m 36 |[39m         setIsLoading([36mfalse[39m)[33m;[39m
     [90m 37 |[39m       })
     [90m 38 |[39m       [33m.[39m[36mcatch[39m((error) [33m=>[39m {[0m

      at node_modules/react-dom/cjs/react-dom-client.development.js:18758:19
      at runWithFiberInDEV (node_modules/react-dom/cjs/react-dom-client.development.js:874:13)
      at warnIfUpdatesNotWrappedWithActDEV (node_modules/react-dom/cjs/react-dom-client.development.js:18757:9)
      at scheduleUpdateOnFiber (node_modules/react-dom/cjs/react-dom-client.development.js:16409:11)
      at dispatchSetStateInternal (node_modules/react-dom/cjs/react-dom-client.development.js:9170:13)
      at dispatchSetState (node_modules/react-dom/cjs/react-dom-client.development.js:9127:7)
      at setSupportsWebP (src/hooks/useWebP.tsx:35:9)

    console.error
      An update to WebPProvider inside a test was not wrapped in act(...).
      
      When testing, code that causes React state updates should be wrapped into act(...):
      
      act(() => {
        /* fire events that update state */
      });
      /* assert on the output */
      
      This ensures that you're testing the behavior the user would see in the browser. Learn more at https://react.dev/link/wrap-tests-with-act

    [0m [90m 34 |[39m       [33m.[39mthen((result) [33m=>[39m {
     [90m 35 |[39m         setSupportsWebP(result)[33m;[39m
    [31m[1m>[22m[39m[90m 36 |[39m         setIsLoading([36mfalse[39m)[33m;[39m
     [90m    |[39m         [31m[1m^[22m[39m
     [90m 37 |[39m       })
     [90m 38 |[39m       [33m.[39m[36mcatch[39m((error) [33m=>[39m {
     [90m 39 |[39m         console[33m.[39merror([32m'Failed to detect WebP support:'[39m[33m,[39m error)[33m;[39m[0m

      at node_modules/react-dom/cjs/react-dom-client.development.js:18758:19
      at runWithFiberInDEV (node_modules/react-dom/cjs/react-dom-client.development.js:874:13)
      at warnIfUpdatesNotWrappedWithActDEV (node_modules/react-dom/cjs/react-dom-client.development.js:18757:9)
      at scheduleUpdateOnFiber (node_modules/react-dom/cjs/react-dom-client.development.js:16409:11)
      at dispatchSetStateInternal (node_modules/react-dom/cjs/react-dom-client.development.js:9170:13)
      at dispatchSetState (node_modules/react-dom/cjs/react-dom-client.development.js:9127:7)
      at setIsLoading (src/hooks/useWebP.tsx:36:9)

PASS src/components/ChatWindow.test.tsx
PASS src/components/__tests__/StudentSupport.test.tsx
PASS src/__tests__/sentryIntegration.test.tsx
PASS src/components/LazyImage.test.tsx
  ● Console

    console.error
      An empty string ("") was passed to the src attribute. This may cause the browser to download the whole page again over the network. To fix this, either do not render the element at all or pass null to src instead of an empty string.

    [0m [90m 55 |[39m   it([32m'seharusnya render tanpa error dengan WebP provider'[39m[33m,[39m () [33m=>[39m {
     [90m 56 |[39m     expect(() [33m=>[39m {
    [31m[1m>[22m[39m[90m 57 |[39m       render([33m<[39m[33mLazyImageWithProvider[39m src[33m=[39m[32m"test.jpg"[39m alt[33m=[39m[32m"Test image"[39m [33m/[39m[33m>[39m)[33m;[39m
     [90m    |[39m             [31m[1m^[22m[39m
     [90m 58 |[39m     })[33m.[39mnot[33m.[39mtoThrow()[33m;[39m
     [90m 59 |[39m   })[33m;[39m
     [90m 60 |[39m[0m

      at setProp (node_modules/react-dom/cjs/react-dom-client.development.js:19979:25)
      at setInitialProperties (node_modules/react-dom/cjs/react-dom-client.development.js:20531:21)
      at completeWork (node_modules/react-dom/cjs/react-dom-client.development.js:12662:18)
      at runWithFiberInDEV (node_modules/react-dom/cjs/react-dom-client.development.js:874:13)
      at completeUnitOfWork (node_modules/react-dom/cjs/react-dom-client.development.js:17777:19)
      at performUnitOfWork (node_modules/react-dom/cjs/react-dom-client.development.js:17658:11)
      at workLoopSync (node_modules/react-dom/cjs/react-dom-client.development.js:17469:41)
      at renderRootSync (node_modules/react-dom/cjs/react-dom-client.development.js:17450:11)
      at performWorkOnRoot (node_modules/react-dom/cjs/react-dom-client.development.js:16504:11)
      at performWorkOnRootViaSchedulerTask (node_modules/react-dom/cjs/react-dom-client.development.js:18957:7)
      at flushActQueue (node_modules/react/cjs/react.development.js:590:34)
      at process.env.NODE_ENV.exports.act (node_modules/react/cjs/react.development.js:884:10)
      at node_modules/@testing-library/react/dist/act-compat.js:47:25
      at renderRoot (node_modules/@testing-library/react/dist/pure.js:190:26)
      at render (node_modules/@testing-library/react/dist/pure.js:292:10)
      at src/components/LazyImage.test.tsx:57:13
      at Object.<anonymous> (node_modules/expect/build/index.js:1824:9)
      at Object.throwingMatcher [as toThrow] (node_modules/expect/build/index.js:2235:93)
      at Object.<anonymous> (src/components/LazyImage.test.tsx:58:12)

    console.error
      An update to WebPProvider inside a test was not wrapped in act(...).
      
      When testing, code that causes React state updates should be wrapped into act(...):
      
      act(() => {
        /* fire events that update state */
      });
      /* assert on the output */
      
      This ensures that you're testing the behavior the user would see in the browser. Learn more at https://react.dev/link/wrap-tests-with-act

    [0m [90m 33 |[39m     initializeWebPDetection()
     [90m 34 |[39m       [33m.[39mthen((result) [33m=>[39m {
    [31m[1m>[22m[39m[90m 35 |[39m         setSupportsWebP(result)[33m;[39m
     [90m    |[39m         [31m[1m^[22m[39m
     [90m 36 |[39m         setIsLoading([36mfalse[39m)[33m;[39m
     [90m 37 |[39m       })
     [90m 38 |[39m       [33m.[39m[36mcatch[39m((error) [33m=>[39m {[0m

      at node_modules/react-dom/cjs/react-dom-client.development.js:18758:19
      at runWithFiberInDEV (node_modules/react-dom/cjs/react-dom-client.development.js:874:13)
      at warnIfUpdatesNotWrappedWithActDEV (node_modules/react-dom/cjs/react-dom-client.development.js:18757:9)
      at scheduleUpdateOnFiber (node_modules/react-dom/cjs/react-dom-client.development.js:16409:11)
      at dispatchSetStateInternal (node_modules/react-dom/cjs/react-dom-client.development.js:9170:13)
      at dispatchSetState (node_modules/react-dom/cjs/react-dom-client.development.js:9127:7)
      at setSupportsWebP (src/hooks/useWebP.tsx:35:9)

    console.error
      An update to WebPProvider inside a test was not wrapped in act(...).
      
      When testing, code that causes React state updates should be wrapped into act(...):
      
      act(() => {
        /* fire events that update state */
      });
      /* assert on the output */
      
      This ensures that you're testing the behavior the user would see in the browser. Learn more at https://react.dev/link/wrap-tests-with-act

    [0m [90m 34 |[39m       [33m.[39mthen((result) [33m=>[39m {
     [90m 35 |[39m         setSupportsWebP(result)[33m;[39m
    [31m[1m>[22m[39m[90m 36 |[39m         setIsLoading([36mfalse[39m)[33m;[39m
     [90m    |[39m         [31m[1m^[22m[39m
     [90m 37 |[39m       })
     [90m 38 |[39m       [33m.[39m[36mcatch[39m((error) [33m=>[39m {
     [90m 39 |[39m         console[33m.[39merror([32m'Failed to detect WebP support:'[39m[33m,[39m error)[33m;[39m[0m

      at node_modules/react-dom/cjs/react-dom-client.development.js:18758:19
      at runWithFiberInDEV (node_modules/react-dom/cjs/react-dom-client.development.js:874:13)
      at warnIfUpdatesNotWrappedWithActDEV (node_modules/react-dom/cjs/react-dom-client.development.js:18757:9)
      at scheduleUpdateOnFiber (node_modules/react-dom/cjs/react-dom-client.development.js:16409:11)
      at dispatchSetStateInternal (node_modules/react-dom/cjs/react-dom-client.development.js:9170:13)
      at dispatchSetState (node_modules/react-dom/cjs/react-dom-client.development.js:9127:7)
      at setIsLoading (src/hooks/useWebP.tsx:36:9)

    console.error
      An empty string ("") was passed to the src attribute. This may cause the browser to download the whole page again over the network. To fix this, either do not render the element at all or pass null to src instead of an empty string.

    [0m [90m 60 |[39m
     [90m 61 |[39m   it([32m'seharusnya menggunakan WebP detection tanpa error provider'[39m[33m,[39m () [33m=>[39m {
    [31m[1m>[22m[39m[90m 62 |[39m     render([33m<[39m[33mLazyImageWithProvider[39m src[33m=[39m[32m"https://example.com/test.jpg"[39m alt[33m=[39m[32m"Test image"[39m [33m/[39m[33m>[39m)[33m;[39m
     [90m    |[39m           [31m[1m^[22m[39m
     [90m 63 |[39m
     [90m 64 |[39m     [90m// Component seharusnya render tanpa error[39m
     [90m 65 |[39m     [36mconst[39m img [33m=[39m screen[33m.[39mgetByRole([32m'img'[39m)[33m;[39m[0m

      at setProp (node_modules/react-dom/cjs/react-dom-client.development.js:19979:25)
      at setInitialProperties (node_modules/react-dom/cjs/react-dom-client.development.js:20531:21)
      at completeWork (node_modules/react-dom/cjs/react-dom-client.development.js:12662:18)
      at runWithFiberInDEV (node_modules/react-dom/cjs/react-dom-client.development.js:874:13)
      at completeUnitOfWork (node_modules/react-dom/cjs/react-dom-client.development.js:17777:19)
      at performUnitOfWork (node_modules/react-dom/cjs/react-dom-client.development.js:17658:11)
      at workLoopSync (node_modules/react-dom/cjs/react-dom-client.development.js:17469:41)
      at renderRootSync (node_modules/react-dom/cjs/react-dom-client.development.js:17450:11)
      at performWorkOnRoot (node_modules/react-dom/cjs/react-dom-client.development.js:16504:11)
      at performWorkOnRootViaSchedulerTask (node_modules/react-dom/cjs/react-dom-client.development.js:18957:7)
      at flushActQueue (node_modules/react/cjs/react.development.js:590:34)
      at process.env.NODE_ENV.exports.act (node_modules/react/cjs/react.development.js:884:10)
      at node_modules/@testing-library/react/dist/act-compat.js:47:25
      at renderRoot (node_modules/@testing-library/react/dist/pure.js:190:26)
      at render (node_modules/@testing-library/react/dist/pure.js:292:10)
      at Object.<anonymous> (src/components/LazyImage.test.tsx:62:11)

    console.error
      An empty string ("") was passed to the src attribute. This may cause the browser to download the whole page again over the network. To fix this, either do not render the element at all or pass null to src instead of an empty string.

    [0m [90m 80 |[39m
     [90m 81 |[39m   it([32m'seharusnya menggunakan lazy loading untuk non-priority images'[39m[33m,[39m () [33m=>[39m {
    [31m[1m>[22m[39m[90m 82 |[39m     render(
     [90m    |[39m           [31m[1m^[22m[39m
     [90m 83 |[39m       [33m<[39m[33mLazyImageWithProvider[39m src[33m=[39m[32m"content.jpg"[39m alt[33m=[39m[32m"Content image"[39m [33m/[39m[33m>[39m
     [90m 84 |[39m     )[33m;[39m
     [90m 85 |[39m[0m

      at setProp (node_modules/react-dom/cjs/react-dom-client.development.js:19979:25)
      at setInitialProperties (node_modules/react-dom/cjs/react-dom-client.development.js:20531:21)
      at completeWork (node_modules/react-dom/cjs/react-dom-client.development.js:12662:18)
      at runWithFiberInDEV (node_modules/react-dom/cjs/react-dom-client.development.js:874:13)
      at completeUnitOfWork (node_modules/react-dom/cjs/react-dom-client.development.js:17777:19)
      at performUnitOfWork (node_modules/react-dom/cjs/react-dom-client.development.js:17658:11)
      at workLoopSync (node_modules/react-dom/cjs/react-dom-client.development.js:17469:41)
      at renderRootSync (node_modules/react-dom/cjs/react-dom-client.development.js:17450:11)
      at performWorkOnRoot (node_modules/react-dom/cjs/react-dom-client.development.js:16504:11)
      at performWorkOnRootViaSchedulerTask (node_modules/react-dom/cjs/react-dom-client.development.js:18957:7)
      at flushActQueue (node_modules/react/cjs/react.development.js:590:34)
      at process.env.NODE_ENV.exports.act (node_modules/react/cjs/react.development.js:884:10)
      at node_modules/@testing-library/react/dist/act-compat.js:47:25
      at renderRoot (node_modules/@testing-library/react/dist/pure.js:190:26)
      at render (node_modules/@testing-library/react/dist/pure.js:292:10)
      at Object.<anonymous> (src/components/LazyImage.test.tsx:82:11)

    console.error
      An empty string ("") was passed to the src attribute. This may cause the browser to download the whole page again over the network. To fix this, either do not render the element at all or pass null to src instead of an empty string.

    [0m [90m 89 |[39m
     [90m 90 |[39m   it([32m'seharusnya menangani error gambar dengan fallback'[39m[33m,[39m () [33m=>[39m {
    [31m[1m>[22m[39m[90m 91 |[39m     render(
     [90m    |[39m           [31m[1m^[22m[39m
     [90m 92 |[39m       [33m<[39m[33mLazyImageWithProvider[39m src[33m=[39m[32m"https://example.com/broken-image.jpg"[39m alt[33m=[39m[32m"Broken image"[39m [33m/[39m[33m>[39m
     [90m 93 |[39m     )[33m;[39m
     [90m 94 |[39m[0m

      at setProp (node_modules/react-dom/cjs/react-dom-client.development.js:19979:25)
      at setInitialProperties (node_modules/react-dom/cjs/react-dom-client.development.js:20531:21)
      at completeWork (node_modules/react-dom/cjs/react-dom-client.development.js:12662:18)
      at runWithFiberInDEV (node_modules/react-dom/cjs/react-dom-client.development.js:874:13)
      at completeUnitOfWork (node_modules/react-dom/cjs/react-dom-client.development.js:17777:19)
      at performUnitOfWork (node_modules/react-dom/cjs/react-dom-client.development.js:17658:11)
      at workLoopSync (node_modules/react-dom/cjs/react-dom-client.development.js:17469:41)
      at renderRootSync (node_modules/react-dom/cjs/react-dom-client.development.js:17450:11)
      at performWorkOnRoot (node_modules/react-dom/cjs/react-dom-client.development.js:16504:11)
      at performWorkOnRootViaSchedulerTask (node_modules/react-dom/cjs/react-dom-client.development.js:18957:7)
      at flushActQueue (node_modules/react/cjs/react.development.js:590:34)
      at process.env.NODE_ENV.exports.act (node_modules/react/cjs/react.development.js:884:10)
      at node_modules/@testing-library/react/dist/act-compat.js:47:25
      at renderRoot (node_modules/@testing-library/react/dist/pure.js:190:26)
      at render (node_modules/@testing-library/react/dist/pure.js:292:10)
      at Object.<anonymous> (src/components/LazyImage.test.tsx:91:11)

PASS src/components/ParentDashboard.test.tsx
PASS src/services/__tests__/studentSupportService.test.ts
  ● Console

    console.log
      Automated response for ticket ticket_1763627368786_dpyfju3dc: Periksa pengaturan notifikasi browser dan pastikan notifikasi diizinkan. Restart browser jika perlu.

      at Function.log [as sendAutomatedResponse] (src/services/studentSupportService.ts:345:13)

    console.log
      Automated response for ticket ticket_1763627368799_x3mm46uug: Gunakan fitur Magic Link untuk login tanpa password. Masukkan email sekolah dan klik "Kirim Magic Link". Periksa email Anda dan klik link yang diterima.

      at Function.log [as sendAutomatedResponse] (src/services/studentSupportService.ts:345:13)

    console.log
      Notification: Kami mendeteksi penurunan nilai. Tim support siap membantu!

      at log (src/services/studentSupportService.ts:493:19)
          at Array.forEach (<anonymous>)
          at Array.forEach (<anonymous>)

    console.log
      Automated response for ticket ticket_1763627368802_rjg8w10oy: Refresh halaman dan pastikan koneksi internet stabil. Jika masih tidak muncul, hubungi guru mata pelajaran terkait.

      at Function.log [as sendAutomatedResponse] (src/services/studentSupportService.ts:345:13)
          at Array.forEach (<anonymous>)
          at Array.forEach (<anonymous>)

    console.log
      Notification: Kehadiran Anda perlu perhatian. Hubungi kami jika ada kendala.

      at log (src/services/studentSupportService.ts:493:19)
          at Array.forEach (<anonymous>)
          at Array.forEach (<anonymous>)

    console.log
      Escalated to: guidance_counselor

      at log (src/services/studentSupportService.ts:507:19)
          at Array.forEach (<anonymous>)
          at Array.forEach (<anonymous>)

PASS src/data/relatedLinks.test.tsx
PASS src/services/authService.test.ts
  ● Console

    console.log
      [DEV MODE] Magic link untuk test@example.com: /verify-login?token=eyJhbGciOiJIUzI1NiIsInR5cCI6IkpXVCJ9.eyJlbWFpbCI6InRlc3RAZXhhbXBsZS5jb20iLCJleHAiOjE3NjM2MjgyNjgsImlhdCI6MTc2MzYyNzM2OCwianRpIjoiMzE0YjFlMGJmNGU1ODA0OCJ9.5415ff

      at Function.requestLoginLink (src/__mocks__/authService.ts:334:15)

    console.log
      [DEV MODE] Magic link untuk test@example.com: /verify-login?token=eyJhbGciOiJIUzI1NiIsInR5cCI6IkpXVCJ9.eyJlbWFpbCI6InRlc3RAZXhhbXBsZS5jb20iLCJleHAiOjE3NjM2MjgyNjgsImlhdCI6MTc2MzYyNzM2OCwianRpIjoiYTFmNmQ5ZTU1ZjBhMDhhNiJ9.60bd9d95

      at Function.requestLoginLink (src/__mocks__/authService.ts:334:15)

    console.log
      [DEV MODE] Magic link untuk test@example.com: /verify-login?token=eyJhbGciOiJIUzI1NiIsInR5cCI6IkpXVCJ9.eyJlbWFpbCI6InRlc3RAZXhhbXBsZS5jb20iLCJleHAiOjE3NjM2MjgyNjgsImlhdCI6MTc2MzYyNzM2OCwianRpIjoiMDI1ZTJhNGZiNWE4ZTJkZSJ9.6e17a193

      at Function.requestLoginLink (src/__mocks__/authService.ts:334:15)

PASS src/data/featuredPrograms.test.ts
PASS src/services/__tests__/supabaseConfig.test.ts
PASS src/types.test.ts
PASS src/data/latestNews.test.ts
FAIL src/hooks/useTouchFeedback.test.tsx
  ● useTouchFeedback › seharusnya membersihkan timeout saat cleanup dipanggil

    expect(received).toBe(expected) // Object.is equality

    Expected: false
    Received: true

    [0m [90m 193 |[39m     })[33m;[39m
     [90m 194 |[39m
    [31m[1m>[22m[39m[90m 195 |[39m     expect(mockElement[33m.[39mclassList[33m.[39mcontains([32m'touch-feedback'[39m))[33m.[39mtoBe([36mfalse[39m)[33m;[39m
     [90m     |[39m                                                              [31m[1m^[22m[39m
     [90m 196 |[39m     
     [90m 197 |[39m     jest[33m.[39museRealTimers()[33m;[39m
     [90m 198 |[39m   })[33m;[39m[0m

      at Object.<anonymous> (src/hooks/useTouchFeedback.test.tsx:195:62)

  ● useTouchFeedback › seharusnya tidak error jika navigator.vibrate tidak tersedia

    TypeError: Cannot delete property 'vibrate' of [object Navigator]

    [0m [90m 232 |[39m     [90m// Remove vibrate from navigator[39m
     [90m 233 |[39m     [36mconst[39m originalVibrate [33m=[39m navigator[33m.[39mvibrate[33m;[39m
    [31m[1m>[22m[39m[90m 234 |[39m     [36mdelete[39m (navigator [36mas[39m any)[33m.[39mvibrate[33m;[39m
     [90m     |[39m     [31m[1m^[22m[39m
     [90m 235 |[39m
     [90m 236 |[39m     [36mconst[39m { result } [33m=[39m renderHook(() [33m=>[39m useTouchFeedback())[33m;[39m
     [90m 237 |[39m[0m

      at Object.<anonymous> (src/hooks/useTouchFeedback.test.tsx:234:5)

---------------------------------|---------|----------|---------|---------|-----------------------------------------------------------------------------------------------------------------
File                             | % Stmts | % Branch | % Funcs | % Lines | Uncovered Line #s                                                                                               
---------------------------------|---------|----------|---------|---------|-----------------------------------------------------------------------------------------------------------------
All files                        |   74.21 |    55.55 |   70.58 |   74.56 |                                                                                                                 
 src                             |     100 |      100 |     100 |     100 |                                                                                                                 
  types.ts                       |     100 |      100 |     100 |     100 |                                                                                                                 
 src/components                  |   79.48 |    60.19 |      76 |   80.05 |                                                                                                                 
  AssignmentSubmission.tsx       |   73.01 |    51.72 |   63.63 |   74.19 | 52-57,73-74,108-111,203-236                                                                                     
  AuthButtons.tsx                |    90.9 |    42.85 |     100 |    90.9 | 25                                                                                                              
  ChatHeader.tsx                 |     100 |      100 |     100 |     100 |                                                                                                                 
  ChatInput.tsx                  |     100 |      100 |     100 |     100 |                                                                                                                 
  ChatMessages.tsx               |   91.66 |       70 |     100 |   91.66 | 15                                                                                                              
  ChatWindow.tsx                 |     100 |      100 |     100 |     100 |                                                                                                                 
  DesktopNavigation.tsx          |     100 |      100 |     100 |     100 |                                                                                                                 
  ErrorBoundary.tsx              |   77.77 |    93.33 |   69.23 |   77.77 | 39-40,62,153-165                                                                                                
  Header.tsx                     |   95.23 |      100 |   66.66 |   95.23 | 85                                                                                                              
  LazyImage.tsx                  |      70 |    53.33 |   42.85 |   67.85 | 42-46,65-66,70-71                                                                                               
  Logo.tsx                       |     100 |      100 |     100 |     100 |                                                                                                                 
  MessageBubble.tsx              |     100 |     87.5 |     100 |     100 | 9                                                                                                               
  MobileMenu.tsx                 |   66.66 |      100 |      25 |   78.57 | 47-49                                                                                                           
  ParentDashboard.tsx            |   74.46 |    51.61 |   90.47 |   73.33 | 30-32,53-56,62-63,65-66,188                                                                                     
  StudentSupport.tsx             |   76.05 |    57.69 |   78.57 |   75.71 | 72,78-81,87,89-91,98-100,197-211,406-421,453                                                                    
 src/components/icons            |      75 |      100 |       0 |      75 |                                                                                                                 
  BuildingLibraryIcon.tsx        |      75 |      100 |       0 |      75 | 4                                                                                                               
  ClipboardDocumentCheckIcon.tsx |      75 |      100 |       0 |      75 | 4                                                                                                               
  DocumentTextIcon.tsx           |      75 |      100 |       0 |      75 | 4                                                                                                               
  UsersIcon.tsx                  |      75 |      100 |       0 |      75 | 4                                                                                                               
 src/data                        |     100 |      100 |     100 |     100 |                                                                                                                 
  featuredPrograms.ts            |     100 |      100 |     100 |     100 |                                                                                                                 
  latestNews.ts                  |     100 |      100 |     100 |     100 |                                                                                                                 
  relatedLinks.tsx               |     100 |      100 |     100 |     100 |                                                                                                                 
 src/hooks                       |    70.1 |    38.38 |   79.48 |      68 |                                                                                                                 
  useChatLogic.ts                |   97.77 |     87.5 |     100 |     100 | 22-23                                                                                                           
  useResponsiveMenu.ts           |     100 |       50 |     100 |     100 | 8                                                                                                               
  useScrollEffect.ts             |     100 |      100 |     100 |     100 |                                                                                                                 
  useTouchFeedback.ts            |     100 |    93.33 |     100 |     100 | 50                                                                                                              
  useTouchGestures.ts            |   24.28 |     6.66 |   22.22 |   22.38 | 39-41,45-47,51-64,70-115,120-130,140-150                                                                        
  useWebP.tsx                    |    86.2 |       80 |   83.33 |   85.18 | 39-41,67                                                                                                        
 src/services                    |   70.71 |    56.85 |    63.1 |   72.08 |                                                                                                                 
  errorLoggingService.ts         |   64.76 |     50.7 |   65.21 |   65.65 | 56,76-79,85,87,89,129,134,168-177,212-234,249-268,279,290,294                                                   
  geminiService.ts               |   78.46 |     64.7 |   83.33 |   78.68 | 41-44,51,55,99,118,133-134,145,150-151,159-160                                                                  
  sentryService.ts               |   48.57 |     6.66 |   18.18 |      50 | 34-67,72,81,86,91,96,105                                                                                        
  studentSupportService.ts       |   74.88 |    68.08 |   68.25 |      77 | 311,328-338,351,442-443,481-484,527-533,543,548-576,636,648-654,685-686,690,697,710,714-715,723-724,732,736,740 
 src/utils                       |   76.36 |    53.57 |    87.5 |      74 |                                                                                                                 
  webpDetection.ts               |   76.36 |    53.57 |    87.5 |      74 | 15-16,21-22,85,101-118                                                                                          
---------------------------------|---------|----------|---------|---------|-----------------------------------------------------------------------------------------------------------------
Test Suites: 4 failed, 15 passed, 19 total
Tests:       21 failed, 192 passed, 213 total
Snapshots:   0 total
Time:        4.094 s
Ran all test suites.
